207.241.231.118 - - [06/Aug/2018:04:02:26 +0200] "GET /templates/creator/m_f/fa/fa7/164//assets/bt_open.png HTTP/1.0" 200 2044
216.244.66.248 - - [06/Aug/2018:04:02:40 +0200] "GET /robots.txt HTTP/1.1" 301 324
216.244.66.248 - - [06/Aug/2018:04:02:42 +0200] "GET /robots.txt HTTP/1.1" 200 120
207.241.232.46 - - [06/Aug/2018:04:02:44 +0200] "GET /templates/creator/m_f/fa/fa7/164/assets/respond.min.js?v=1519138530 HTTP/1.0" 200 4070
207.241.232.46 - - [06/Aug/2018:04:02:48 +0200] "GET /gfx/galleryCarousel/nav_thumbs.png HTTP/1.0" 200 625
207.241.232.46 - - [06/Aug/2018:04:02:53 +0200] "GET /js/bundles/front_bundle.min.js?v=6.9.1.43334 HTTP/1.0" 200 163577
207.241.232.47 - - [06/Aug/2018:04:05:12 +0200] "GET /gfx/search/yandex-search-logo.png HTTP/1.0" 200 3427
207.241.232.43 - - [06/Aug/2018:04:07:04 +0200] "GET /gfx/galleryCarousel/light_nav_thumbs.png HTTP/1.0" 200 1423
207.241.232.48 - - [06/Aug/2018:04:07:44 +0200] "GET /gfx/imageslider/fonts/icons.ttf?3r0kqq HTTP/1.0" 200 1908
207.241.231.33 - - [06/Aug/2018:04:09:42 +0200] "GET /var/m_0/0d/0dd/12455/125485-1_Kinderkurs.JPG HTTP/1.0" 200 64975
207.241.231.118 - - [06/Aug/2018:04:16:23 +0200] "GET /templates/creator/m_f/fa/fa7/164//assets/bt_open.png HTTP/1.0" 200 2044
95.108.181.76 - - [06/Aug/2018:04:17:43 +0200] "GET /robots.txt HTTP/1.1" 200 120
141.8.142.141 - - [06/Aug/2018:04:17:47 +0200] "GET / HTTP/1.1" 200 32575
87.250.224.53 - - [06/Aug/2018:04:17:50 +0200] "GET /robots.txt HTTP/1.1" 301 324
5.45.207.72 - - [06/Aug/2018:04:17:54 +0200] "GET / HTTP/1.1" 301 314
178.154.171.23 - - [06/Aug/2018:04:17:57 +0200] "GET /robots.txt HTTP/1.1" 301 316
178.154.200.46 - - [06/Aug/2018:04:18:01 +0200] "GET / HTTP/1.1" 301 306
87.250.224.111 - - [06/Aug/2018:04:18:11 +0200] "GET /robots.txt HTTP/1.1" 200 120
95.108.181.79 - - [06/Aug/2018:04:18:15 +0200] "GET / HTTP/1.1" 200 32579
207.241.232.47 - - [06/Aug/2018:04:20:15 +0200] "GET /gfx/search/yandex-search-logo.png HTTP/1.0" 200 3427
207.241.232.47 - - [06/Aug/2018:04:20:19 +0200] "GET /gfx/files/pdf.png HTTP/1.0" 200 3774
207.241.232.47 - - [06/Aug/2018:04:20:24 +0200] "GET /templates/creator/m_f/fa/fa7/164//assets/bt_close.png HTTP/1.0" 200 2150
207.241.232.47 - - [06/Aug/2018:04:20:28 +0200] "GET /gfx/files/word.png HTTP/1.0" 200 4630
207.241.232.47 - - [06/Aug/2018:04:20:33 +0200] "GET /templates/resellers/7/favicon.ico?v=1532962432 HTTP/1.0" 200 4286
207.241.232.47 - - [06/Aug/2018:04:20:37 +0200] "GET /gfx/galleryStatic/pagination.png HTTP/1.0" 200 1557
207.241.232.43 - - [06/Aug/2018:04:21:38 +0200] "GET /gfx/galleryCarousel/light_nav_thumbs.png HTTP/1.0" 200 1423
207.241.232.48 - - [06/Aug/2018:04:22:47 +0200] "GET /gfx/imageslider/fonts/icons.ttf?3r0kqq HTTP/1.0" 200 1908
207.241.231.33 - - [06/Aug/2018:04:25:11 +0200] "GET /var/m_0/0d/0dd/12455/125485-1_Kinderkurs.JPG HTTP/1.0" 200 64975
216.244.66.248 - - [06/Aug/2018:04:25:20 +0200] "GET /robots.txt HTTP/1.1" 301 324
216.244.66.248 - - [06/Aug/2018:04:25:24 +0200] "GET /robots.txt HTTP/1.1" 200 120
207.241.232.43 - - [06/Aug/2018:04:36:40 +0200] "GET /gfx/galleryCarousel/light_nav_thumbs.png HTTP/1.0" 200 1423
207.241.232.48 - - [06/Aug/2018:04:37:49 +0200] "GET /gfx/imageslider/fonts/icons.ttf?3r0kqq HTTP/1.0" 200 1908
207.241.232.48 - - [06/Aug/2018:04:37:53 +0200] "GET /var/m_0/0d/0dd/12455/8883620-logo_homepage_bootspruefung24_big.png HTTP/1.0" 200 7633
207.241.232.48 - - [06/Aug/2018:04:37:57 +0200] "GET /var/m_0/0d/0dd/12455/7230972-19_Matchracing.jpg HTTP/1.0" 200 55347
207.241.232.48 - - [06/Aug/2018:04:38:01 +0200] "GET /gfx/files/img.png HTTP/1.0" 200 3768
207.241.232.48 - - [06/Aug/2018:04:38:06 +0200] "GET /gfx/guestbook/pagination.png HTTP/1.0" 200 384
207.241.232.48 - - [06/Aug/2018:04:38:11 +0200] "GET /gfx/files/excel.png HTTP/1.0" 200 4779
207.241.231.33 - - [06/Aug/2018:04:39:47 +0200] "GET /var/m_0/0d/0dd/12455/125485-1_Kinderkurs.JPG HTTP/1.0" 200 64975
207.241.231.33 - - [06/Aug/2018:04:39:51 +0200] "GET /templates/creator/m_f/fa/fa7/164//assets/google_maps_icon.png HTTP/1.0" 200 2900
207.241.231.33 - - [06/Aug/2018:04:39:56 +0200] "GET /gfx/galleryCarousel/nav.png HTTP/1.0" 200 799
207.241.231.33 - - [06/Aug/2018:04:40:01 +0200] "GET /templates/creator/m_f/fa/fa7/164//assets/tab_m_bottom.png HTTP/1.0" 200 1000
179.43.146.29 - - [06/Aug/2018:04:41:28 +0200] "GET / HTTP/1.1" 301 314
179.43.146.29 - - [06/Aug/2018:04:41:29 +0200] "GET /https://https://www.davossail.ch/https:/www.davossail.ch HTTP/1.1" 301 368
179.43.146.29 - - [06/Aug/2018:04:41:29 +0200] "GET /https://www.davossail.ch HTTP/1.1" 301 337
216.244.66.248 - - [06/Aug/2018:04:48:26 +0200] "GET /robots.txt HTTP/1.1" 301 324
216.244.66.248 - - [06/Aug/2018:04:48:26 +0200] "GET /robots.txt HTTP/1.1" 301 316
216.244.66.248 - - [06/Aug/2018:04:48:27 +0200] "GET /robots.txt HTTP/1.1" 200 120
216.244.66.248 - - [06/Aug/2018:04:48:27 +0200] "GET /robots.txt HTTP/1.1" 200 120
207.241.232.48 - - [06/Aug/2018:04:53:14 +0200] "GET /gfx/files/excel.png HTTP/1.0" 200 4779
216.244.66.248 - - [06/Aug/2018:04:56:28 +0200] "GET /smartkat-crashkurs.shtml HTTP/1.1" 200 162004
77.75.77.72 - - [06/Aug/2018:04:57:30 +0200] "GET /var/m_0/0d/0dd/12455/143351-Header_Segelschule.jpg HTTP/1.1" 200 107532
77.75.77.72 - - [06/Aug/2018:04:57:30 +0200] "GET /robots.txt HTTP/1.1" 200 80
