82.80.230.228 - - [02/Aug/2018:19:56:22 +0200] "GET /var/m_0/0d/0dd/12455/7230972-19_Matchracing.jpg HTTP/1.1" 301 361
82.80.230.228 - - [02/Aug/2018:19:56:24 +0200] "GET /var/m_0/0d/0dd/12455/126126-43_See.JPG HTTP/1.1" 301 344
82.80.230.228 - - [02/Aug/2018:19:56:24 +0200] "GET /var/m_0/0d/0dd/12455/126126-43_See.JPG HTTP/1.1" 200 86511
82.80.249.143 - - [02/Aug/2018:19:56:25 +0200] "GET /var/m_0/0d/0dd/12455/143486-G1_SKT2014_10.JPG HTTP/1.1" 301 351
82.80.249.143 - - [02/Aug/2018:19:56:25 +0200] "GET /var/m_0/0d/0dd/12455/143486-G1_SKT2014_10.JPG HTTP/1.1" 200 129005
82.80.249.133 - - [02/Aug/2018:19:56:26 +0200] "GET /gfx/search/yandex-search-logo.png HTTP/1.1" 301 339
82.80.249.133 - - [02/Aug/2018:19:56:26 +0200] "GET /gfx/search/yandex-search-logo.png HTTP/1.1" 200 3427
82.80.249.194 - - [02/Aug/2018:19:56:27 +0200] "GET /var/m_0/0d/0dd/12455/6564714-G3_SKT2015_42.jpg HTTP/1.1" 301 352
82.80.230.228 - - [02/Aug/2018:19:56:28 +0200] "GET /var/m_0/0d/0dd/12455/125488-4_Grundkurs.JPG HTTP/1.1" 301 357
82.80.230.228 - - [02/Aug/2018:19:56:28 +0200] "GET /var/m_0/0d/0dd/12455/125488-4_Grundkurs.JPG HTTP/1.1" 200 77496
82.80.249.194 - - [02/Aug/2018:19:56:28 +0200] "GET /var/m_0/0d/0dd/12455/6564714-G3_SKT2015_42.jpg HTTP/1.1" 200 66693
82.80.249.143 - - [02/Aug/2018:19:56:29 +0200] "GET /var/m_0/0d/0dd/12455/6564730-G3_SKT2015_56.jpg HTTP/1.1" 301 360
82.80.230.228 - - [02/Aug/2018:19:56:30 +0200] "GET /var/m_0/0d/0dd/12455/143501-G1_SKT2014_23.JPG HTTP/1.1" 200 144811
82.80.230.228 - - [02/Aug/2018:19:56:30 +0200] "GET /var/m_0/0d/0dd/12455/143501-G1_SKT2014_23.JPG HTTP/1.1" 301 351
82.80.249.143 - - [02/Aug/2018:19:56:30 +0200] "GET /var/m_0/0d/0dd/12455/6564730-G3_SKT2015_56.jpg HTTP/1.1" 200 114637
82.80.249.152 - - [02/Aug/2018:19:56:31 +0200] "GET /var/m_0/0d/0dd/12455/143351-Header_Segelschule.jpg HTTP/1.1" 200 107532
82.80.244.51 - - [02/Aug/2018:19:56:31 +0200] "GET /var/m_0/0d/0dd/12455/143499-G1_SKT2014_21.JPG HTTP/1.1" 200 148511
82.80.244.51 - - [02/Aug/2018:19:56:31 +0200] "GET /var/m_0/0d/0dd/12455/143499-G1_SKT2014_21.JPG HTTP/1.1" 301 351
82.80.249.152 - - [02/Aug/2018:19:56:31 +0200] "GET /var/m_0/0d/0dd/12455/143351-Header_Segelschule.jpg HTTP/1.1" 301 356
82.80.230.228 - - [02/Aug/2018:19:56:32 +0200] "GET /var/m_0/0d/0dd/12455/6564674-G3_SKT2015_07.jpg HTTP/1.1" 200 117236
82.80.230.228 - - [02/Aug/2018:19:56:32 +0200] "GET /var/m_0/0d/0dd/12455/6564674-G3_SKT2015_07.jpg HTTP/1.1" 301 352
82.80.230.228 - - [02/Aug/2018:19:56:33 +0200] "GET /var/m_0/0d/0dd/12455/143503-G1_SKT2014_25.JPG HTTP/1.1" 301 351
82.80.249.143 - - [02/Aug/2018:19:56:33 +0200] "GET /var/m_0/0d/0dd/12455/126126-43_See.JPG HTTP/1.1" 301 352
82.80.230.228 - - [02/Aug/2018:19:56:33 +0200] "GET /var/m_0/0d/0dd/12455/143503-G1_SKT2014_25.JPG HTTP/1.1" 200 126118
82.80.249.143 - - [02/Aug/2018:19:56:33 +0200] "GET /var/m_0/0d/0dd/12455/126126-43_See.JPG HTTP/1.1" 200 86511
82.80.244.52 - - [02/Aug/2018:19:56:33 +0200] "GET /var/m_0/0d/0dd/12455/6564734-G3_SKT2015_59.jpg HTTP/1.1" 301 360
82.80.249.227 - - [02/Aug/2018:19:56:34 +0200] "GET /var/m_0/0d/0dd/12455/6564724-G3_SKT2015_51.jpg HTTP/1.1" 301 360
82.80.249.227 - - [02/Aug/2018:19:56:34 +0200] "GET /var/m_0/0d/0dd/12455/6564724-G3_SKT2015_51.jpg HTTP/1.1" 200 77336
82.80.230.228 - - [02/Aug/2018:19:56:34 +0200] "GET /var/m_0/0d/0dd/12455/143484-G1_SKT2014_08.JPG HTTP/1.1" 200 146571
82.80.230.228 - - [02/Aug/2018:19:56:34 +0200] "GET /var/m_0/0d/0dd/12455/143484-G1_SKT2014_08.JPG HTTP/1.1" 301 351
82.80.230.228 - - [02/Aug/2018:19:56:34 +0200] "GET /var/m_0/0d/0dd/12455/143497-G1_SKT2014_19.JPG HTTP/1.1" 301 359
82.80.230.228 - - [02/Aug/2018:19:56:34 +0200] "GET /var/m_0/0d/0dd/12455/143497-G1_SKT2014_19.JPG HTTP/1.1" 200 127422
82.80.244.52 - - [02/Aug/2018:19:56:34 +0200] "GET /var/m_0/0d/0dd/12455/6564734-G3_SKT2015_59.jpg HTTP/1.1" 200 117702
82.80.249.152 - - [02/Aug/2018:19:56:35 +0200] "GET /var/m_0/0d/0dd/12455/143512-G2_Optikurs2014_07.jpg HTTP/1.1" 301 356
82.80.249.152 - - [02/Aug/2018:19:56:36 +0200] "GET /var/m_0/0d/0dd/12455/143512-G2_Optikurs2014_07.jpg HTTP/1.1" 200 120979
82.80.244.51 - - [02/Aug/2018:19:56:36 +0200] "GET /var/m_0/0d/0dd/12455/7230981-37_Pedalo3.jpg HTTP/1.1" 200 76841
82.80.244.51 - - [02/Aug/2018:19:56:36 +0200] "GET /var/m_0/0d/0dd/12455/7230981-37_Pedalo3.jpg HTTP/1.1" 301 349
82.80.249.143 - - [02/Aug/2018:19:56:37 +0200] "GET /var/m_0/0d/0dd/12455/143511-G2_Optikurs2014_06.JPG HTTP/1.1" 301 364
82.80.230.228 - - [02/Aug/2018:19:56:37 +0200] "GET /gfx/dpcSearch/eyplogosearchnew.png HTTP/1.1" 301 340
82.80.249.152 - - [02/Aug/2018:19:56:38 +0200] "GET /var/m_0/0d/0dd/12455/7230942-17_GruppeSK.jpg HTTP/1.1" 200 89132
82.80.249.152 - - [02/Aug/2018:19:56:38 +0200] "GET /var/m_0/0d/0dd/12455/7230942-17_GruppeSK.jpg HTTP/1.1" 301 350
82.80.249.143 - - [02/Aug/2018:19:56:38 +0200] "GET /var/m_0/0d/0dd/12455/143511-G2_Optikurs2014_06.JPG HTTP/1.1" 200 108393
82.80.230.228 - - [02/Aug/2018:19:56:37 +0200] "GET /gfx/dpcSearch/eyplogosearchnew.png HTTP/1.1" 200 17026
82.80.230.228 - - [02/Aug/2018:19:56:38 +0200] "GET /var/m_0/0d/0dd/12455/143505-G1_SKT2014_27.JPG HTTP/1.1" 301 351
82.80.230.228 - - [02/Aug/2018:19:56:39 +0200] "GET /gfx/guestbook/close.png HTTP/1.1" 301 329
82.80.230.228 - - [02/Aug/2018:19:56:39 +0200] "GET /var/m_0/0d/0dd/12455/143505-G1_SKT2014_27.JPG HTTP/1.1" 200 127521
82.80.230.228 - - [02/Aug/2018:19:56:40 +0200] "GET /gfx/guestbook/close.png HTTP/1.1" 200 3102
82.80.249.152 - - [02/Aug/2018:19:56:40 +0200] "GET /gfx/contactUs/reload-Icon.jpg HTTP/1.1" 200 1618
82.80.249.152 - - [02/Aug/2018:19:56:40 +0200] "GET /gfx/contactUs/reload-Icon.jpg HTTP/1.1" 301 343
82.80.230.228 - - [02/Aug/2018:19:56:41 +0200] "GET /var/m_0/0d/0dd/12455/6564699-G3_SKT2015_28.jpg HTTP/1.1" 301 360
82.80.230.228 - - [02/Aug/2018:19:56:41 +0200] "GET /var/m_0/0d/0dd/12455/143517-G2_Optikurs2014_12.JPG HTTP/1.1" 301 356
82.80.230.228 - - [02/Aug/2018:19:56:41 +0200] "GET /var/m_0/0d/0dd/12455/6564699-G3_SKT2015_28.jpg HTTP/1.1" 200 120507
82.80.249.227 - - [02/Aug/2018:19:56:41 +0200] "GET /var/m_0/0d/0dd/12455/6564700-G3_SKT2015_29.jpg HTTP/1.1" 301 352
82.80.249.227 - - [02/Aug/2018:19:56:41 +0200] "GET /var/m_0/0d/0dd/12455/6564700-G3_SKT2015_29.jpg HTTP/1.1" 200 84446
82.80.230.228 - - [02/Aug/2018:19:56:42 +0200] "GET /var/m_0/0d/0dd/12455/143517-G2_Optikurs2014_12.JPG HTTP/1.1" 200 89201
82.80.230.228 - - [02/Aug/2018:19:56:43 +0200] "GET /gfx/galleryStatic/pagination.png HTTP/1.1" 301 346
82.80.244.52 - - [02/Aug/2018:19:56:43 +0200] "GET /var/m_0/0d/0dd/12455/6564721-G3_SKT2015_48.jpg HTTP/1.1" 301 360
82.80.244.52 - - [02/Aug/2018:19:56:43 +0200] "GET /var/m_0/0d/0dd/12455/6564721-G3_SKT2015_48.jpg HTTP/1.1" 200 99100
82.80.230.228 - - [02/Aug/2018:19:56:44 +0200] "GET /var/m_0/0d/0dd/12455/6564691-G3_SKT2015_21.jpg HTTP/1.1" 200 121870
82.80.230.228 - - [02/Aug/2018:19:56:44 +0200] "GET /gfx/galleryStatic/pagination.png HTTP/1.1" 200 1557
82.80.249.194 - - [02/Aug/2018:19:56:44 +0200] "GET /var/m_0/0d/0dd/12455/6564729-G3_SKT2015_55.jpg HTTP/1.1" 200 88744
82.80.249.194 - - [02/Aug/2018:19:56:44 +0200] "GET /var/m_0/0d/0dd/12455/6564729-G3_SKT2015_55.jpg HTTP/1.1" 301 352
82.80.249.194 - - [02/Aug/2018:19:56:45 +0200] "GET /var/m_0/0d/0dd/12455/143522-G2_Optikurs2014_17.JPG HTTP/1.1" 301 364
82.80.230.228 - - [02/Aug/2018:19:56:45 +0200] "GET /var/m_0/0d/0dd/12455/6564691-G3_SKT2015_21.jpg HTTP/1.1" 301 352
82.80.249.194 - - [02/Aug/2018:19:56:45 +0200] "GET /var/m_0/0d/0dd/12455/143522-G2_Optikurs2014_17.JPG HTTP/1.1" 200 71952
40.77.167.92 - - [02/Aug/2018:19:56:45 +0200] "GET /var/m_0/0d/0dd/12455/7230969-37_Pedalo2.jpg HTTP/1.1" 301 349
82.80.230.228 - - [02/Aug/2018:19:56:46 +0200] "GET /templates/creator/m_f/fa/fa7/164/assets/bt_open.png HTTP/1.1" 200 2044
82.80.230.228 - - [02/Aug/2018:19:56:46 +0200] "GET /templates/creator/m_f/fa/fa7/164//assets/bt_open.png HTTP/1.1" 301 357
40.77.167.92 - - [02/Aug/2018:19:56:47 +0200] "GET /var/m_0/0d/0dd/12455/7230969-37_Pedalo2.jpg HTTP/1.1" 200 107785
82.80.249.163 - - [02/Aug/2018:19:56:47 +0200] "GET /var/m_0/0d/0dd/12455/143509-G2_Optikurs2014_04.JPG HTTP/1.1" 200 86562
82.80.249.163 - - [02/Aug/2018:19:56:47 +0200] "GET /var/m_0/0d/0dd/12455/143509-G2_Optikurs2014_04.JPG HTTP/1.1" 301 364
82.80.249.143 - - [02/Aug/2018:19:56:48 +0200] "GET /gfx/guestbook/close.png HTTP/1.1" 301 337
82.80.249.143 - - [02/Aug/2018:19:56:48 +0200] "GET /gfx/guestbook/close.png HTTP/1.1" 200 3102
82.80.230.228 - - [02/Aug/2018:19:56:49 +0200] "GET /var/m_0/0d/0dd/12455/7230972-19_Matchracing.jpg HTTP/1.1" 200 55347
82.80.230.228 - - [02/Aug/2018:19:56:49 +0200] "GET /var/m_0/0d/0dd/12455/7230972-19_Matchracing.jpg HTTP/1.1" 301 353
82.80.230.228 - - [02/Aug/2018:19:56:49 +0200] "GET /var/m_0/0d/0dd/12455/7230910-G5_Matchracing_07.jpg HTTP/1.1" 301 356
82.80.230.228 - - [02/Aug/2018:19:56:49 +0200] "GET /var/m_0/0d/0dd/12455/7230910-G5_Matchracing_07.jpg HTTP/1.1" 200 85482
82.80.249.143 - - [02/Aug/2018:19:56:50 +0200] "GET /gfx/fancybox_sprite.png HTTP/1.1" 301 337
82.80.249.155 - - [02/Aug/2018:19:56:50 +0200] "GET /var/m_0/0d/0dd/12455/6564715-G3_SKT2015_43.jpg HTTP/1.1" 301 360
82.80.230.228 - - [02/Aug/2018:19:56:50 +0200] "GET /var/m_0/0d/0dd/12455/6564739-G3_SKT2015_63.jpg HTTP/1.1" 301 360
82.80.249.143 - - [02/Aug/2018:19:56:50 +0200] "GET /gfx/fancybox_sprite.png HTTP/1.1" 200 3633
82.80.230.228 - - [02/Aug/2018:19:56:51 +0200] "GET /var/m_0/0d/0dd/12455/6564739-G3_SKT2015_63.jpg HTTP/1.1" 200 83403
82.80.249.155 - - [02/Aug/2018:19:56:51 +0200] "GET /var/m_0/0d/0dd/12455/6564715-G3_SKT2015_43.jpg HTTP/1.1" 200 109913
82.80.244.51 - - [02/Aug/2018:19:56:52 +0200] "GET /var/m_0/0d/0dd/12455/6564666-G3_SKT2015_01.jpg HTTP/1.1" 200 160125
82.80.244.51 - - [02/Aug/2018:19:56:52 +0200] "GET /var/m_0/0d/0dd/12455/6564666-G3_SKT2015_01.jpg HTTP/1.1" 301 352
82.80.230.228 - - [02/Aug/2018:19:56:52 +0200] "GET /var/m_0/0d/0dd/12455/126374-6_Schnupperkurs.JPG HTTP/1.1" 301 353
82.80.230.228 - - [02/Aug/2018:19:56:53 +0200] "GET /var/m_0/0d/0dd/12455/6564730-G3_SKT2015_56.jpg HTTP/1.1" 301 352
82.80.230.228 - - [02/Aug/2018:19:56:53 +0200] "GET /var/m_0/0d/0dd/12455/126374-6_Schnupperkurs.JPG HTTP/1.1" 200 53584
82.80.249.163 - - [02/Aug/2018:19:56:54 +0200] "GET /var/m_0/0d/0dd/12455/6564698-G3_SKT2015_27.jpg HTTP/1.1" 200 164698
82.80.249.143 - - [02/Aug/2018:19:56:54 +0200] "GET /var/m_0/0d/0dd/12455/6564696-G3_SKT2015_26.jpg HTTP/1.1" 200 113715
82.80.230.228 - - [02/Aug/2018:19:56:54 +0200] "GET /var/m_0/0d/0dd/12455/6564730-G3_SKT2015_56.jpg HTTP/1.1" 200 114637
82.80.249.155 - - [02/Aug/2018:19:56:54 +0200] "GET /var/m_0/0d/0dd/12455/6564709-G3_SKT2015_37.jpg HTTP/1.1" 200 89585
82.80.249.143 - - [02/Aug/2018:19:56:54 +0200] "GET /var/m_0/0d/0dd/12455/6564696-G3_SKT2015_26.jpg HTTP/1.1" 301 360
82.80.249.163 - - [02/Aug/2018:19:56:54 +0200] "GET /var/m_0/0d/0dd/12455/6564698-G3_SKT2015_27.jpg HTTP/1.1" 301 360
82.80.249.155 - - [02/Aug/2018:19:56:54 +0200] "GET /var/m_0/0d/0dd/12455/6564709-G3_SKT2015_37.jpg HTTP/1.1" 301 352
82.80.230.228 - - [02/Aug/2018:19:56:55 +0200] "GET /var/m_0/0d/0dd/12455/143496-G1_SKT2014_18.JPG HTTP/1.1" 301 359
82.80.230.228 - - [02/Aug/2018:19:56:56 +0200] "GET /var/m_0/0d/0dd/12455/143496-G1_SKT2014_18.JPG HTTP/1.1" 200 172278
82.80.249.227 - - [02/Aug/2018:19:56:56 +0200] "GET /gfx/star-ratings-sprite.png HTTP/1.1" 200 6185
82.80.249.155 - - [02/Aug/2018:19:56:56 +0200] "GET /var/m_0/0d/0dd/12455/143477-G1_SKT2014_01.JPG HTTP/1.1" 200 94726
82.80.249.227 - - [02/Aug/2018:19:56:56 +0200] "GET /gfx/star-ratings-sprite.png HTTP/1.1" 301 333
82.80.249.155 - - [02/Aug/2018:19:56:56 +0200] "GET /var/m_0/0d/0dd/12455/143477-G1_SKT2014_01.JPG HTTP/1.1" 301 359
82.80.249.164 - - [02/Aug/2018:19:56:57 +0200] "GET /gfx/files/powerpoint.png HTTP/1.1" 301 338
82.80.230.228 - - [02/Aug/2018:19:56:57 +0200] "GET /var/m_0/0d/0dd/12455/143512-G2_Optikurs2014_07.jpg HTTP/1.1" 200 120979
82.80.230.228 - - [02/Aug/2018:19:56:57 +0200] "GET /var/m_0/0d/0dd/12455/143512-G2_Optikurs2014_07.jpg HTTP/1.1" 301 364
82.80.230.228 - - [02/Aug/2018:19:56:57 +0200] "GET /var/m_0/0d/0dd/12455/6564703-G3_SKT2015_32.jpg HTTP/1.1" 301 352
82.80.230.228 - - [02/Aug/2018:19:56:58 +0200] "GET /var/m_0/0d/0dd/12455/6564703-G3_SKT2015_32.jpg HTTP/1.1" 200 112691
82.80.249.164 - - [02/Aug/2018:19:56:57 +0200] "GET /gfx/files/powerpoint.png HTTP/1.1" 200 4275
82.80.249.152 - - [02/Aug/2018:19:56:59 +0200] "GET /gfx/files/img.png HTTP/1.1" 200 3768
82.80.249.152 - - [02/Aug/2018:19:56:59 +0200] "GET /gfx/files/img.png HTTP/1.1" 301 331
82.80.230.228 - - [02/Aug/2018:19:57:00 +0200] "GET /var/m_0/0d/0dd/12455/6564686-G3_SKT2015_17.jpg HTTP/1.1" 200 130353
82.80.230.228 - - [02/Aug/2018:19:57:00 +0200] "GET /var/m_0/0d/0dd/12455/125498-31_Sprinto.JPG HTTP/1.1" 200 60889
82.80.230.228 - - [02/Aug/2018:19:57:00 +0200] "GET /var/m_0/0d/0dd/12455/125498-31_Sprinto.JPG HTTP/1.1" 301 348
82.80.230.228 - - [02/Aug/2018:19:57:00 +0200] "GET /var/m_0/0d/0dd/12455/143478-G1_SKT2014_02.JPG HTTP/1.1" 200 135948
82.80.230.228 - - [02/Aug/2018:19:57:00 +0200] "GET /var/m_0/0d/0dd/12455/143478-G1_SKT2014_02.JPG HTTP/1.1" 301 351
82.80.230.228 - - [02/Aug/2018:19:57:00 +0200] "GET /var/m_0/0d/0dd/12455/6564686-G3_SKT2015_17.jpg HTTP/1.1" 301 352
82.80.230.228 - - [02/Aug/2018:19:57:01 +0200] "GET /var/m_0/0d/0dd/12455/8218253-65_Sommer.JPG HTTP/1.1" 301 348
82.80.230.228 - - [02/Aug/2018:19:57:01 +0200] "GET /var/m_0/0d/0dd/12455/8218253-65_Sommer.JPG HTTP/1.1" 200 244897
82.80.230.228 - - [02/Aug/2018:19:57:02 +0200] "GET /var/m_0/0d/0dd/12455/6564723-G3_SKT2015_50.jpg HTTP/1.1" 301 352
82.80.249.163 - - [02/Aug/2018:19:57:02 +0200] "GET /var/m_0/0d/0dd/12455/8883620-logo_homepage_bootspruefung24_big.png HTTP/1.1" 200 7633
82.80.249.163 - - [02/Aug/2018:19:57:02 +0200] "GET /var/m_0/0d/0dd/12455/8883620-logo_homepage_bootspruefung24_big.png HTTP/1.1" 301 380
82.80.230.228 - - [02/Aug/2018:19:57:02 +0200] "GET /var/m_0/0d/0dd/12455/6564723-G3_SKT2015_50.jpg HTTP/1.1" 200 84898
82.80.249.143 - - [02/Aug/2018:19:57:03 +0200] "GET /var/m_0/0d/0dd/12455/125500-33_Opti.jpg HTTP/1.1" 200 104538
82.80.249.143 - - [02/Aug/2018:19:57:03 +0200] "GET /var/m_0/0d/0dd/12455/125500-33_Opti.jpg HTTP/1.1" 301 353
82.80.230.228 - - [02/Aug/2018:19:57:04 +0200] "GET /var/m_0/0d/0dd/12455/143499-G1_SKT2014_21.JPG HTTP/1.1" 301 359
82.80.230.228 - - [02/Aug/2018:19:57:05 +0200] "GET /var/m_0/0d/0dd/12455/143499-G1_SKT2014_21.JPG HTTP/1.1" 200 148511
82.80.249.204 - - [02/Aug/2018:19:57:05 +0200] "GET /gfx/files/flash.png HTTP/1.1" 301 333
82.80.230.228 - - [02/Aug/2018:19:57:06 +0200] "GET /gfx/galleryCarousel/light_nav_thumbs.png HTTP/1.1" 301 354
82.80.249.204 - - [02/Aug/2018:19:57:05 +0200] "GET /gfx/files/flash.png HTTP/1.1" 200 3490
82.80.249.152 - - [02/Aug/2018:19:57:07 +0200] "GET /var/m_0/0d/0dd/12455/7441141-37_Pedalo.jpg HTTP/1.1" 200 195132
82.80.230.228 - - [02/Aug/2018:19:57:07 +0200] "GET /gfx/galleryCarousel/light_nav_thumbs.png HTTP/1.1" 200 1423
82.80.249.152 - - [02/Aug/2018:19:57:07 +0200] "GET /var/m_0/0d/0dd/12455/7441141-37_Pedalo.jpg HTTP/1.1" 301 356
82.80.249.157 - - [02/Aug/2018:19:57:09 +0200] "GET /gfx/BG.png HTTP/1.1" 301 324
82.80.230.228 - - [02/Aug/2018:19:57:09 +0200] "GET /var/m_0/0d/0dd/12455/7230908-G5_Matchracing_05.jpg HTTP/1.1" 301 364
82.80.249.157 - - [02/Aug/2018:19:57:09 +0200] "GET /gfx/BG.png HTTP/1.1" 200 2844
82.80.249.133 - - [02/Aug/2018:19:57:09 +0200] "GET /gfx/dpcSearch/eyplogosearchnew.png HTTP/1.1" 301 348
82.80.230.228 - - [02/Aug/2018:19:57:09 +0200] "GET /templates/creator/m_f/fa/fa7/164//assets/tab_m_bottom.png HTTP/1.1" 301 362
82.80.230.228 - - [02/Aug/2018:19:57:09 +0200] "GET /templates/creator/m_f/fa/fa7/164/assets/tab_m_bottom.png HTTP/1.1" 200 1000
82.80.249.164 - - [02/Aug/2018:19:57:10 +0200] "GET /var/m_0/0d/0dd/12455/6564711-G3_SKT2015_39.jpg HTTP/1.1" 301 360
82.80.249.133 - - [02/Aug/2018:19:57:09 +0200] "GET /gfx/dpcSearch/eyplogosearchnew.png HTTP/1.1" 200 17026
82.80.249.164 - - [02/Aug/2018:19:57:10 +0200] "GET /var/m_0/0d/0dd/12455/6564711-G3_SKT2015_39.jpg HTTP/1.1" 200 101712
82.80.230.228 - - [02/Aug/2018:19:57:10 +0200] "GET /var/m_0/0d/0dd/12455/7230908-G5_Matchracing_05.jpg HTTP/1.1" 200 62194
82.80.230.228 - - [02/Aug/2018:19:57:12 +0200] "GET /var/m_0/0d/0dd/12455/6564709-G3_SKT2015_37.jpg HTTP/1.1" 301 360
82.80.230.228 - - [02/Aug/2018:19:57:12 +0200] "GET /var/m_0/0d/0dd/12455/6564709-G3_SKT2015_37.jpg HTTP/1.1" 200 89585
82.80.249.194 - - [02/Aug/2018:19:57:13 +0200] "GET /var/m_0/0d/0dd/12455/6564741-G3_SKT2015_65.jpg HTTP/1.1" 200 170374
82.80.249.194 - - [02/Aug/2018:19:57:13 +0200] "GET /var/m_0/0d/0dd/12455/6564741-G3_SKT2015_65.jpg HTTP/1.1" 301 352
82.80.249.204 - - [02/Aug/2018:19:57:14 +0200] "GET /gfx/files/empty.png HTTP/1.1" 200 2983
82.80.249.204 - - [02/Aug/2018:19:57:14 +0200] "GET /gfx/files/empty.png HTTP/1.1" 301 333
82.80.249.133 - - [02/Aug/2018:19:57:15 +0200] "GET /gfx/search/yandex-search-logo.png HTTP/1.1" 301 347
82.80.244.52 - - [02/Aug/2018:19:57:16 +0200] "GET /var/m_0/0d/0dd/12455/143508-G2_Optikurs2014_03.JPG HTTP/1.1" 200 116444
82.80.244.52 - - [02/Aug/2018:19:57:16 +0200] "GET /var/m_0/0d/0dd/12455/6564724-G3_SKT2015_51.jpg HTTP/1.1" 200 77336
82.80.249.133 - - [02/Aug/2018:19:57:15 +0200] "GET /gfx/search/yandex-search-logo.png HTTP/1.1" 200 3427
82.80.249.152 - - [02/Aug/2018:19:57:16 +0200] "GET /var/m_0/0d/0dd/12455/6564731-G3_SKT2015_57.jpg HTTP/1.1" 301 352
82.80.244.52 - - [02/Aug/2018:19:57:16 +0200] "GET /var/m_0/0d/0dd/12455/6564724-G3_SKT2015_51.jpg HTTP/1.1" 301 352
82.80.244.52 - - [02/Aug/2018:19:57:16 +0200] "GET /var/m_0/0d/0dd/12455/143508-G2_Optikurs2014_03.JPG HTTP/1.1" 301 356
82.80.249.152 - - [02/Aug/2018:19:57:17 +0200] "GET /var/m_0/0d/0dd/12455/6564731-G3_SKT2015_57.jpg HTTP/1.1" 200 84129
82.80.230.228 - - [02/Aug/2018:19:57:18 +0200] "GET /var/m_0/0d/0dd/12455/125498-31_Sprinto.JPG HTTP/1.1" 301 356
82.80.249.194 - - [02/Aug/2018:19:57:18 +0200] "GET /var/m_0/0d/0dd/12455/6564696-G3_SKT2015_26.jpg HTTP/1.1" 200 113715
82.80.230.228 - - [02/Aug/2018:19:57:18 +0200] "GET /var/m_0/0d/0dd/12455/143479-G1_SKT2014_03.JPG HTTP/1.1" 301 359
82.80.230.228 - - [02/Aug/2018:19:57:18 +0200] "GET /var/m_0/0d/0dd/12455/143479-G1_SKT2014_03.JPG HTTP/1.1" 200 139406
82.80.249.194 - - [02/Aug/2018:19:57:18 +0200] "GET /var/m_0/0d/0dd/12455/6564696-G3_SKT2015_26.jpg HTTP/1.1" 301 352
82.80.230.228 - - [02/Aug/2018:19:57:18 +0200] "GET /var/m_0/0d/0dd/12455/125498-31_Sprinto.JPG HTTP/1.1" 200 60889
82.80.230.228 - - [02/Aug/2018:19:57:19 +0200] "GET /var/m_0/0d/0dd/12455/6564681-G3_SKT2015_12.jpg HTTP/1.1" 301 360
82.80.249.155 - - [02/Aug/2018:19:57:19 +0200] "GET /var/m_0/0d/0dd/12455/6564679-G3_SKT2015_11.jpg HTTP/1.1" 301 352
82.80.249.155 - - [02/Aug/2018:19:57:19 +0200] "GET /var/m_0/0d/0dd/12455/6564679-G3_SKT2015_11.jpg HTTP/1.1" 200 96997
82.80.230.228 - - [02/Aug/2018:19:57:20 +0200] "GET /var/m_0/0d/0dd/12455/6564681-G3_SKT2015_12.jpg HTTP/1.1" 200 148086
82.80.249.152 - - [02/Aug/2018:19:57:22 +0200] "GET /var/m_0/0d/0dd/12455/143525-G2_Optikurs2014_19.JPG HTTP/1.1" 301 364
82.80.249.152 - - [02/Aug/2018:19:57:22 +0200] "GET /var/m_0/0d/0dd/12455/143525-G2_Optikurs2014_19.JPG HTTP/1.1" 200 68664
82.80.249.133 - - [02/Aug/2018:19:57:22 +0200] "GET /gfx/files/pdf.png HTTP/1.1" 200 3774
82.80.249.133 - - [02/Aug/2018:19:57:22 +0200] "GET /gfx/files/pdf.png HTTP/1.1" 301 323
82.80.249.143 - - [02/Aug/2018:19:57:22 +0200] "GET /gfx/files/audio.png HTTP/1.1" 301 333
82.80.249.204 - - [02/Aug/2018:19:57:23 +0200] "GET /gfx/imageslider/controls.png HTTP/1.1" 200 2806
82.80.230.228 - - [02/Aug/2018:19:57:23 +0200] "GET /var/m_0/0d/0dd/12455/7230908-G5_Matchracing_05.jpg HTTP/1.1" 301 356
82.80.249.164 - - [02/Aug/2018:19:57:23 +0200] "GET /var/m_0/0d/0dd/12455/143483-G1_SKT2014_07.JPG HTTP/1.1" 301 359
82.80.249.143 - - [02/Aug/2018:19:57:23 +0200] "GET /gfx/files/audio.png HTTP/1.1" 200 3546
82.80.249.204 - - [02/Aug/2018:19:57:23 +0200] "GET /gfx/imageslider/controls.png HTTP/1.1" 301 334
82.80.249.152 - - [02/Aug/2018:19:57:24 +0200] "GET /var/m_0/0d/0dd/12455/7230935-G4_Event_SK_03.jpg HTTP/1.1" 200 109157
82.80.230.228 - - [02/Aug/2018:19:57:24 +0200] "GET /var/m_0/0d/0dd/12455/7230908-G5_Matchracing_05.jpg HTTP/1.1" 200 62194
82.80.249.164 - - [02/Aug/2018:19:57:24 +0200] "GET /var/m_0/0d/0dd/12455/143483-G1_SKT2014_07.JPG HTTP/1.1" 200 144574
82.80.244.51 - - [02/Aug/2018:19:57:24 +0200] "GET /var/m_0/0d/0dd/12455/143514-G2_Optikurs2014_09.jpg HTTP/1.1" 200 152348
82.80.249.152 - - [02/Aug/2018:19:57:24 +0200] "GET /var/m_0/0d/0dd/12455/7230935-G4_Event_SK_03.jpg HTTP/1.1" 301 361
82.80.244.51 - - [02/Aug/2018:19:57:24 +0200] "GET /var/m_0/0d/0dd/12455/143514-G2_Optikurs2014_09.jpg HTTP/1.1" 301 356
82.80.230.228 - - [02/Aug/2018:19:57:25 +0200] "GET /gfx/files/audio.png HTTP/1.1" 301 325
82.80.249.164 - - [02/Aug/2018:19:57:25 +0200] "GET /var/m_0/0d/0dd/12455/143519-G2_Optikurs2014_14.JPG HTTP/1.1" 301 356
82.80.230.228 - - [02/Aug/2018:19:57:25 +0200] "GET /gfx/files/audio.png HTTP/1.1" 200 3546
82.80.249.164 - - [02/Aug/2018:19:57:25 +0200] "GET /var/m_0/0d/0dd/12455/125486-2_Sportkurs.JPG HTTP/1.1" 200 69000
82.80.249.157 - - [02/Aug/2018:19:57:25 +0200] "GET /var/m_0/0d/0dd/12455/6564690-G3_SKT2015_20.jpg HTTP/1.1" 301 352
82.80.249.164 - - [02/Aug/2018:19:57:25 +0200] "GET /var/m_0/0d/0dd/12455/125486-2_Sportkurs.JPG HTTP/1.1" 301 349
82.80.249.164 - - [02/Aug/2018:19:57:25 +0200] "GET /var/m_0/0d/0dd/12455/143519-G2_Optikurs2014_14.JPG HTTP/1.1" 200 71703
82.80.249.227 - - [02/Aug/2018:19:57:26 +0200] "GET /gfx/galleryCarousel/light_nav.png HTTP/1.1" 200 1608
82.80.249.152 - - [02/Aug/2018:19:57:26 +0200] "GET /var/m_0/0d/0dd/12455/6564725-G3_SKT2015_52.jpg HTTP/1.1" 301 360
82.80.249.152 - - [02/Aug/2018:19:57:26 +0200] "GET /var/m_0/0d/0dd/12455/143513-G2_Optikurs2014_08.jpg HTTP/1.1" 301 364
82.80.249.157 - - [02/Aug/2018:19:57:26 +0200] "GET /var/m_0/0d/0dd/12455/6564690-G3_SKT2015_20.jpg HTTP/1.1" 200 120599
82.80.249.152 - - [02/Aug/2018:19:57:26 +0200] "GET /var/m_0/0d/0dd/12455/143513-G2_Optikurs2014_08.jpg HTTP/1.1" 200 167068
82.80.230.228 - - [02/Aug/2018:19:57:26 +0200] "GET /gfx/galleryCarousel/views.png HTTP/1.1" 200 187
82.80.230.228 - - [02/Aug/2018:19:57:26 +0200] "GET /gfx/galleryCarousel/views.png HTTP/1.1" 301 343
82.80.249.227 - - [02/Aug/2018:19:57:26 +0200] "GET /gfx/galleryCarousel/light_nav.png HTTP/1.1" 301 347
82.80.249.155 - - [02/Aug/2018:19:57:27 +0200] "GET /gfx/guestbook/pagination.png HTTP/1.1" 301 342
82.80.249.155 - - [02/Aug/2018:19:57:27 +0200] "GET /gfx/guestbook/pagination.png HTTP/1.1" 200 384
82.80.249.152 - - [02/Aug/2018:19:57:27 +0200] "GET /var/m_0/0d/0dd/12455/6564725-G3_SKT2015_52.jpg HTTP/1.1" 200 139147
82.80.230.228 - - [02/Aug/2018:19:57:27 +0200] "GET /var/m_0/0d/0dd/12455/143502-G1_SKT2014_24.JPG HTTP/1.1" 301 359
82.80.249.194 - - [02/Aug/2018:19:57:28 +0200] "GET /var/m_0/0d/0dd/12455/8883665-sp_dk.jpg HTTP/1.1" 301 352
82.80.249.194 - - [02/Aug/2018:19:57:28 +0200] "GET /var/m_0/0d/0dd/12455/8883665-sp_dk.jpg HTTP/1.1" 200 48853
82.80.249.152 - - [02/Aug/2018:19:57:28 +0200] "GET /var/m_0/0d/0dd/12455/6564726-G3_SKT2015_53.jpg HTTP/1.1" 200 119632
82.80.230.228 - - [02/Aug/2018:19:57:28 +0200] "GET /var/m_0/0d/0dd/12455/143502-G1_SKT2014_24.JPG HTTP/1.1" 200 108909
82.80.230.228 - - [02/Aug/2018:19:57:28 +0200] "GET /var/m_0/0d/0dd/12455/143508-G2_Optikurs2014_03.JPG HTTP/1.1" 301 364
82.80.230.228 - - [02/Aug/2018:19:57:28 +0200] "GET /var/m_0/0d/0dd/12455/143508-G2_Optikurs2014_03.JPG HTTP/1.1" 200 116444
82.80.249.152 - - [02/Aug/2018:19:57:28 +0200] "GET /var/m_0/0d/0dd/12455/6564726-G3_SKT2015_53.jpg HTTP/1.1" 301 360
82.80.249.164 - - [02/Aug/2018:19:57:29 +0200] "GET /var/m_0/0d/0dd/12455/6564723-G3_SKT2015_50.jpg HTTP/1.1" 200 84898
82.80.249.164 - - [02/Aug/2018:19:57:29 +0200] "GET /var/m_0/0d/0dd/12455/6564723-G3_SKT2015_50.jpg HTTP/1.1" 301 360
82.80.249.155 - - [02/Aug/2018:19:57:29 +0200] "GET /gfx/files/pdf.png HTTP/1.1" 301 331
82.80.249.157 - - [02/Aug/2018:19:57:29 +0200] "GET /gfx/guestbook/reload-Icon.jpg HTTP/1.1" 301 335
82.80.249.155 - - [02/Aug/2018:19:57:30 +0200] "GET /gfx/files/pdf.png HTTP/1.1" 200 3774
82.80.249.157 - - [02/Aug/2018:19:57:30 +0200] "GET /gfx/guestbook/reload-Icon.jpg HTTP/1.1" 200 1618
82.80.249.164 - - [02/Aug/2018:19:57:30 +0200] "GET /var/m_0/0d/0dd/12455/7230933-G4_Event_SK_01.jpg HTTP/1.1" 200 65954
82.80.249.164 - - [02/Aug/2018:19:57:30 +0200] "GET /var/m_0/0d/0dd/12455/7230933-G4_Event_SK_01.jpg HTTP/1.1" 301 353
82.80.249.133 - - [02/Aug/2018:19:57:31 +0200] "GET /gfx/rss.png HTTP/1.1" 301 325
82.80.249.133 - - [02/Aug/2018:19:57:32 +0200] "GET /gfx/rss.png HTTP/1.1" 200 1213
82.80.249.157 - - [02/Aug/2018:19:57:32 +0200] "GET /var/m_0/0d/0dd/12455/7230937-G4_Event_SK_05.jpg HTTP/1.1" 200 81682
82.80.249.157 - - [02/Aug/2018:19:57:32 +0200] "GET /var/m_0/0d/0dd/12455/7230937-G4_Event_SK_05.jpg HTTP/1.1" 301 353
82.80.230.228 - - [02/Aug/2018:19:57:34 +0200] "GET /var/m_0/0d/0dd/12455/6564718-G3_SKT2015_46.jpg HTTP/1.1" 301 352
82.80.249.133 - - [02/Aug/2018:19:57:34 +0200] "GET /var/m_0/0d/0dd/12455/6564673-G3_SKT2015_06.jpg HTTP/1.1" 301 360
82.80.249.133 - - [02/Aug/2018:19:57:35 +0200] "GET /var/m_0/0d/0dd/12455/6564673-G3_SKT2015_06.jpg HTTP/1.1" 200 122324
82.80.249.163 - - [02/Aug/2018:19:57:35 +0200] "GET /var/m_0/0d/0dd/12455/143520-G2_Optikurs2014_15.JPG HTTP/1.1" 301 356
82.80.230.228 - - [02/Aug/2018:19:57:35 +0200] "GET /var/m_0/0d/0dd/12455/6564718-G3_SKT2015_46.jpg HTTP/1.1" 200 106980
82.80.249.163 - - [02/Aug/2018:19:57:35 +0200] "GET /var/m_0/0d/0dd/12455/143520-G2_Optikurs2014_15.JPG HTTP/1.1" 200 71469
82.80.249.133 - - [02/Aug/2018:19:57:36 +0200] "GET /gfx/files/rar.png HTTP/1.1" 200 3897
82.80.249.157 - - [02/Aug/2018:19:57:36 +0200] "GET /gfx/guestbook/guestbook_icon_form.png HTTP/1.1" 200 3073
82.80.249.143 - - [02/Aug/2018:19:57:36 +0200] "GET /var/m_0/0d/0dd/12455/143503-G1_SKT2014_25.JPG HTTP/1.1" 301 359
82.80.249.133 - - [02/Aug/2018:19:57:36 +0200] "GET /gfx/files/rar.png HTTP/1.1" 301 323
82.80.249.157 - - [02/Aug/2018:19:57:36 +0200] "GET /gfx/guestbook/guestbook_icon_form.png HTTP/1.1" 301 343
82.80.249.143 - - [02/Aug/2018:19:57:36 +0200] "GET /var/m_0/0d/0dd/12455/143503-G1_SKT2014_25.JPG HTTP/1.1" 200 126118
82.80.249.164 - - [02/Aug/2018:19:57:37 +0200] "GET /var/m_0/0d/0dd/12455/143483-G1_SKT2014_07.JPG HTTP/1.1" 200 144574
82.80.249.164 - - [02/Aug/2018:19:57:37 +0200] "GET /var/m_0/0d/0dd/12455/143483-G1_SKT2014_07.JPG HTTP/1.1" 301 351
82.80.249.194 - - [02/Aug/2018:19:57:38 +0200] "GET /var/m_0/0d/0dd/12455/7230911-G5_Matchracing_08.jpg HTTP/1.1" 301 364
82.80.249.143 - - [02/Aug/2018:19:57:38 +0200] "GET /var/m_0/0d/0dd/12455/6564693-G3_SKT2015_23.jpg HTTP/1.1" 301 352
82.80.249.227 - - [02/Aug/2018:19:57:38 +0200] "GET /var/m_0/0d/0dd/12455/143517-G2_Optikurs2014_12.JPG HTTP/1.1" 301 364
82.80.249.227 - - [02/Aug/2018:19:57:38 +0200] "GET /var/m_0/0d/0dd/12455/143517-G2_Optikurs2014_12.JPG HTTP/1.1" 200 89201
82.80.249.143 - - [02/Aug/2018:19:57:38 +0200] "GET /var/m_0/0d/0dd/12455/6564693-G3_SKT2015_23.jpg HTTP/1.1" 200 129585
82.80.249.194 - - [02/Aug/2018:19:57:39 +0200] "GET /var/m_0/0d/0dd/12455/7230911-G5_Matchracing_08.jpg HTTP/1.1" 200 76548
82.80.249.143 - - [02/Aug/2018:19:57:40 +0200] "GET /var/m_0/0d/0dd/12455/125495-15_Event.JPG HTTP/1.1" 301 346
82.80.249.133 - - [02/Aug/2018:19:57:40 +0200] "GET /var/m_0/0d/0dd/12455/6564713-G3_SKT2015_41.jpg HTTP/1.1" 301 360
82.80.249.133 - - [02/Aug/2018:19:57:40 +0200] "GET /var/m_0/0d/0dd/12455/6564713-G3_SKT2015_41.jpg HTTP/1.1" 200 83472
82.80.249.143 - - [02/Aug/2018:19:57:41 +0200] "GET /var/m_0/0d/0dd/12455/125495-15_Event.JPG HTTP/1.1" 200 59088
82.80.230.228 - - [02/Aug/2018:19:57:41 +0200] "GET /var/m_0/0d/0dd/12455/6564690-G3_SKT2015_20.jpg HTTP/1.1" 200 120599
82.80.230.228 - - [02/Aug/2018:19:57:41 +0200] "GET /var/m_0/0d/0dd/12455/6564690-G3_SKT2015_20.jpg HTTP/1.1" 301 360
82.80.230.228 - - [02/Aug/2018:19:57:42 +0200] "GET /templates/creator/m_f/fa/fa7/164/assets/tab_l_bottom.png HTTP/1.1" 200 1751
82.80.230.228 - - [02/Aug/2018:19:57:42 +0200] "GET /templates/creator/m_f/fa/fa7/164//assets/tab_l_bottom.png HTTP/1.1" 301 362
82.80.230.228 - - [02/Aug/2018:19:57:44 +0200] "GET /var/m_0/0d/0dd/12455/126125-42_Standort.JPG HTTP/1.1" 200 63490
82.80.230.228 - - [02/Aug/2018:19:57:44 +0200] "GET /var/m_0/0d/0dd/12455/126125-42_Standort.JPG HTTP/1.1" 301 349
82.80.230.228 - - [02/Aug/2018:19:57:47 +0200] "GET /var/m_0/0d/0dd/12455/143482-G1_SKT2014_06.JPG HTTP/1.1" 301 359
82.80.230.228 - - [02/Aug/2018:19:57:47 +0200] "GET /var/m_0/0d/0dd/12455/143482-G1_SKT2014_06.JPG HTTP/1.1" 200 103935
82.80.230.228 - - [02/Aug/2018:19:57:48 +0200] "GET /var/m_0/0d/0dd/12455/143490-G1_SKT2014_13.JPG HTTP/1.1" 200 178072
82.80.230.228 - - [02/Aug/2018:19:57:48 +0200] "GET /var/m_0/0d/0dd/12455/143490-G1_SKT2014_13.JPG HTTP/1.1" 301 351
82.80.249.143 - - [02/Aug/2018:19:57:50 +0200] "GET /var/m_0/0d/0dd/12455/6564672-G3_SKT2015_05.jpg HTTP/1.1" 301 360
82.80.249.143 - - [02/Aug/2018:19:57:50 +0200] "GET /var/m_0/0d/0dd/12455/6564672-G3_SKT2015_05.jpg HTTP/1.1" 200 207849
82.80.249.163 - - [02/Aug/2018:19:57:51 +0200] "GET /var/m_0/0d/0dd/12455/143482-G1_SKT2014_06.JPG HTTP/1.1" 301 351
82.80.230.228 - - [02/Aug/2018:19:57:52 +0200] "GET /var/m_0/0d/0dd/12455/125486-2_Sportkurs.JPG HTTP/1.1" 200 69000
82.80.230.228 - - [02/Aug/2018:19:57:52 +0200] "GET /var/m_0/0d/0dd/12455/125486-2_Sportkurs.JPG HTTP/1.1" 301 357
82.80.249.163 - - [02/Aug/2018:19:57:52 +0200] "GET /var/m_0/0d/0dd/12455/143482-G1_SKT2014_06.JPG HTTP/1.1" 200 103935
82.80.230.228 - - [02/Aug/2018:19:57:53 +0200] "GET /var/m_0/0d/0dd/12455/7230938-G4_Event_SK_06.jpg HTTP/1.1" 301 353
82.80.230.228 - - [02/Aug/2018:19:57:53 +0200] "GET /var/m_0/0d/0dd/12455/7230938-G4_Event_SK_06.jpg HTTP/1.1" 200 67404
82.80.244.51 - - [02/Aug/2018:19:57:53 +0200] "GET /var/m_0/0d/0dd/12455/143477-G1_SKT2014_01.JPG HTTP/1.1" 200 94726
82.80.230.228 - - [02/Aug/2018:19:57:53 +0200] "GET /var/m_0/0d/0dd/12455/143488-G1_SKT2014_11.JPG HTTP/1.1" 301 359
82.80.249.194 - - [02/Aug/2018:19:57:53 +0200] "GET /var/m_0/0d/0dd/12455/6564743-G3_SKT2015_67.jpg HTTP/1.1" 301 352
82.80.230.228 - - [02/Aug/2018:19:57:53 +0200] "GET /var/m_0/0d/0dd/12455/143488-G1_SKT2014_11.JPG HTTP/1.1" 200 120429
82.80.244.51 - - [02/Aug/2018:19:57:53 +0200] "GET /var/m_0/0d/0dd/12455/143477-G1_SKT2014_01.JPG HTTP/1.1" 301 351
82.80.249.164 - - [02/Aug/2018:19:57:54 +0200] "GET /var/m_0/0d/0dd/12455/6564695-G3_SKT2015_25.jpg HTTP/1.1" 200 121143
82.80.249.194 - - [02/Aug/2018:19:57:54 +0200] "GET /var/m_0/0d/0dd/12455/6564743-G3_SKT2015_67.jpg HTTP/1.1" 200 99796
82.80.249.164 - - [02/Aug/2018:19:57:54 +0200] "GET /var/m_0/0d/0dd/12455/6564695-G3_SKT2015_25.jpg HTTP/1.1" 301 352
82.80.249.204 - - [02/Aug/2018:19:57:55 +0200] "GET /var/m_0/0d/0dd/12455/143502-G1_SKT2014_24.JPG HTTP/1.1" 301 351
82.80.230.228 - - [02/Aug/2018:19:57:56 +0200] "GET /var/m_0/0d/0dd/12455/143521-G2_Optikurs2014_16.JPG HTTP/1.1" 301 356
82.80.230.228 - - [02/Aug/2018:19:57:56 +0200] "GET /var/m_0/0d/0dd/12455/6564711-G3_SKT2015_39.jpg HTTP/1.1" 301 352
82.80.249.204 - - [02/Aug/2018:19:57:56 +0200] "GET /var/m_0/0d/0dd/12455/143502-G1_SKT2014_24.JPG HTTP/1.1" 200 108909
82.80.230.228 - - [02/Aug/2018:19:57:56 +0200] "GET /var/m_0/0d/0dd/12455/143521-G2_Optikurs2014_16.JPG HTTP/1.1" 200 81526
82.80.230.228 - - [02/Aug/2018:19:57:56 +0200] "GET /var/m_0/0d/0dd/12455/6564711-G3_SKT2015_39.jpg HTTP/1.1" 200 101712
82.80.249.194 - - [02/Aug/2018:19:57:57 +0200] "GET /var/m_0/0d/0dd/12455/7441141-37_Pedalo.jpg HTTP/1.1" 200 195132
82.80.249.133 - - [02/Aug/2018:19:57:57 +0200] "GET /var/m_0/0d/0dd/12455/6564732-G3_SKT2015_58.jpg HTTP/1.1" 200 148843
82.80.249.194 - - [02/Aug/2018:19:57:57 +0200] "GET /var/m_0/0d/0dd/12455/7441141-37_Pedalo.jpg HTTP/1.1" 301 348
82.80.230.228 - - [02/Aug/2018:19:57:57 +0200] "GET /gfx/galleryCarousel/ajax-loader.gif HTTP/1.1" 200 3208
82.80.230.228 - - [02/Aug/2018:19:57:57 +0200] "GET /gfx/galleryCarousel/ajax-loader.gif HTTP/1.1" 301 349
82.80.249.133 - - [02/Aug/2018:19:57:57 +0200] "GET /var/m_0/0d/0dd/12455/6564732-G3_SKT2015_58.jpg HTTP/1.1" 301 352
82.80.230.228 - - [02/Aug/2018:19:57:59 +0200] "GET /var/m_0/0d/0dd/12455/143498-G1_SKT2014_20.JPG HTTP/1.1" 301 351
82.80.249.152 - - [02/Aug/2018:19:57:59 +0200] "GET /templates/creator/m_f/fa/fa7/164//assets/tab_b_bottom.png HTTP/1.1" 301 362
82.80.249.152 - - [02/Aug/2018:19:57:59 +0200] "GET /templates/creator/m_f/fa/fa7/164/assets/tab_b_bottom.png HTTP/1.1" 200 962
82.80.249.164 - - [02/Aug/2018:19:58:00 +0200] "GET /gfx/worldclock/Morning.png HTTP/1.1" 200 102224
82.80.249.164 - - [02/Aug/2018:19:58:00 +0200] "GET /gfx/worldclock/Morning.png HTTP/1.1" 301 332
82.80.230.228 - - [02/Aug/2018:19:58:00 +0200] "GET /var/m_0/0d/0dd/12455/143480-G1_SKT2014_04.JPG HTTP/1.1" 200 132118
82.80.230.228 - - [02/Aug/2018:19:58:00 +0200] "GET /var/m_0/0d/0dd/12455/143498-G1_SKT2014_20.JPG HTTP/1.1" 200 143640
82.80.230.228 - - [02/Aug/2018:19:58:00 +0200] "GET /var/m_0/0d/0dd/12455/6564688-G3_SKT2015_19.jpg HTTP/1.1" 301 360
82.80.230.228 - - [02/Aug/2018:19:58:00 +0200] "GET /var/m_0/0d/0dd/12455/143480-G1_SKT2014_04.JPG HTTP/1.1" 301 351
82.80.249.163 - - [02/Aug/2018:19:58:01 +0200] "GET /var/m_0/0d/0dd/12455/6564731-G3_SKT2015_57.jpg HTTP/1.1" 301 360
82.80.249.133 - - [02/Aug/2018:19:58:01 +0200] "GET /var/m_0/0d/0dd/12455/7230936-G4_Event_SK_04.jpg HTTP/1.1" 200 87335
82.80.230.228 - - [02/Aug/2018:19:58:01 +0200] "GET /var/m_0/0d/0dd/12455/6564688-G3_SKT2015_19.jpg HTTP/1.1" 200 123732
82.80.249.133 - - [02/Aug/2018:19:58:01 +0200] "GET /var/m_0/0d/0dd/12455/7230936-G4_Event_SK_04.jpg HTTP/1.1" 301 361
82.80.249.163 - - [02/Aug/2018:19:58:01 +0200] "GET /var/m_0/0d/0dd/12455/6564731-G3_SKT2015_57.jpg HTTP/1.1" 200 84129
82.80.249.194 - - [02/Aug/2018:19:58:02 +0200] "GET /var/m_0/0d/0dd/12455/6564669-G3_SKT2015_03.jpg HTTP/1.1" 301 352
82.80.249.204 - - [02/Aug/2018:19:58:02 +0200] "GET /var/m_0/0d/0dd/12455/6564676-G3_SKT2015_09.jpg HTTP/1.1" 200 150721
82.80.249.194 - - [02/Aug/2018:19:58:02 +0200] "GET /var/m_0/0d/0dd/12455/6564669-G3_SKT2015_03.jpg HTTP/1.1" 200 114866
82.80.249.204 - - [02/Aug/2018:19:58:02 +0200] "GET /var/m_0/0d/0dd/12455/6564676-G3_SKT2015_09.jpg HTTP/1.1" 301 360
82.80.230.228 - - [02/Aug/2018:19:58:03 +0200] "GET /var/m_0/0d/0dd/12455/7445964-SK_Kentern.jpg HTTP/1.1" 200 26997
82.80.230.228 - - [02/Aug/2018:19:58:03 +0200] "GET /var/m_0/0d/0dd/12455/7445964-SK_Kentern.jpg HTTP/1.1" 301 357
82.80.230.228 - - [02/Aug/2018:19:58:03 +0200] "GET /var/m_0/0d/0dd/12455/143352-Header_Segelschule_2.jpg HTTP/1.1" 301 358
82.80.230.228 - - [02/Aug/2018:19:58:04 +0200] "GET /var/m_0/0d/0dd/12455/143352-Header_Segelschule_2.jpg HTTP/1.1" 200 107532
82.80.249.157 - - [02/Aug/2018:19:58:04 +0200] "GET /gfx/BG.png HTTP/1.1" 301 316
82.80.249.157 - - [02/Aug/2018:19:58:04 +0200] "GET /gfx/BG.png HTTP/1.1" 200 2844
82.80.249.164 - - [02/Aug/2018:19:58:04 +0200] "GET /var/m_0/0d/0dd/12455/7230904-G5_Matchracing_01.jpg HTTP/1.1" 301 364
82.80.230.228 - - [02/Aug/2018:19:58:05 +0200] "GET /var/m_0/0d/0dd/12455/6564668-G3_SKT2015_02.jpg HTTP/1.1" 200 142536
82.80.249.164 - - [02/Aug/2018:19:58:05 +0200] "GET /var/m_0/0d/0dd/12455/7230904-G5_Matchracing_01.jpg HTTP/1.1" 200 64265
82.80.230.228 - - [02/Aug/2018:19:58:05 +0200] "GET /var/m_0/0d/0dd/12455/6564668-G3_SKT2015_02.jpg HTTP/1.1" 301 360
82.80.249.227 - - [02/Aug/2018:19:58:06 +0200] "GET /var/m_0/0d/0dd/12455/143484-G1_SKT2014_08.JPG HTTP/1.1" 301 359
82.80.249.227 - - [02/Aug/2018:19:58:06 +0200] "GET /var/m_0/0d/0dd/12455/143484-G1_SKT2014_08.JPG HTTP/1.1" 200 146571
82.80.249.157 - - [02/Aug/2018:19:58:06 +0200] "GET /var/m_0/0d/0dd/12455/6564682-G3_SKT2015_13.jpg HTTP/1.1" 200 204673
82.80.249.157 - - [02/Aug/2018:19:58:06 +0200] "GET /var/m_0/0d/0dd/12455/6564682-G3_SKT2015_13.jpg HTTP/1.1" 301 352
82.80.249.164 - - [02/Aug/2018:19:58:07 +0200] "GET /gfx/galleryCarousel/light_views.png HTTP/1.1" 301 349
82.80.249.155 - - [02/Aug/2018:19:58:08 +0200] "GET /var/m_0/0d/0dd/12455/143513-G2_Optikurs2014_08.jpg HTTP/1.1" 301 356
82.80.249.155 - - [02/Aug/2018:19:58:08 +0200] "GET /var/m_0/0d/0dd/12455/143513-G2_Optikurs2014_08.jpg HTTP/1.1" 200 167068
82.80.249.164 - - [02/Aug/2018:19:58:07 +0200] "GET /gfx/galleryCarousel/light_views.png HTTP/1.1" 200 1020
82.80.249.163 - - [02/Aug/2018:19:58:09 +0200] "GET /var/m_0/0d/0dd/12455/6564727-G3_SKT2015_54.jpg HTTP/1.1" 301 352
82.80.249.163 - - [02/Aug/2018:19:58:09 +0200] "GET /var/m_0/0d/0dd/12455/6564727-G3_SKT2015_54.jpg HTTP/1.1" 200 105601
82.80.249.152 - - [02/Aug/2018:19:58:09 +0200] "GET /var/m_0/0d/0dd/12455/6564703-G3_SKT2015_32.jpg HTTP/1.1" 200 112691
82.80.249.152 - - [02/Aug/2018:19:58:09 +0200] "GET /var/m_0/0d/0dd/12455/6564703-G3_SKT2015_32.jpg HTTP/1.1" 301 360
82.80.249.163 - - [02/Aug/2018:19:58:10 +0200] "GET /var/m_0/0d/0dd/12455/6564672-G3_SKT2015_05.jpg HTTP/1.1" 200 207849
82.80.249.163 - - [02/Aug/2018:19:58:10 +0200] "GET /var/m_0/0d/0dd/12455/6564672-G3_SKT2015_05.jpg HTTP/1.1" 301 352
82.80.249.143 - - [02/Aug/2018:19:58:11 +0200] "GET /var/m_0/0d/0dd/12455/143495-G1_SKT2014_17.JPG HTTP/1.1" 200 175692
82.80.249.143 - - [02/Aug/2018:19:58:11 +0200] "GET /var/m_0/0d/0dd/12455/143495-G1_SKT2014_17.JPG HTTP/1.1" 301 351
82.80.249.227 - - [02/Aug/2018:19:58:12 +0200] "GET /var/m_0/0d/0dd/12455/8254793-J70_Davos.w1024.jpg HTTP/1.1" 301 362
82.80.249.164 - - [02/Aug/2018:19:58:12 +0200] "GET /templates/creator/m_f/fa/fa7/164//assets/tab_r_bottom.png HTTP/1.1" 301 362
82.80.249.164 - - [02/Aug/2018:19:58:12 +0200] "GET /templates/creator/m_f/fa/fa7/164/assets/tab_r_bottom.png HTTP/1.1" 200 1803
82.80.249.227 - - [02/Aug/2018:19:58:12 +0200] "GET /var/m_0/0d/0dd/12455/8254793-J70_Davos.w1024.jpg HTTP/1.1" 200 191999
82.80.230.228 - - [02/Aug/2018:19:58:13 +0200] "GET /var/m_0/0d/0dd/12455/6564684-G3_SKT2015_15.jpg HTTP/1.1" 301 360
82.80.249.163 - - [02/Aug/2018:19:58:13 +0200] "GET /var/m_0/0d/0dd/12455/7230936-G4_Event_SK_04.jpg HTTP/1.1" 301 353
82.80.249.163 - - [02/Aug/2018:19:58:14 +0200] "GET /var/m_0/0d/0dd/12455/7230936-G4_Event_SK_04.jpg HTTP/1.1" 200 87335
82.80.230.228 - - [02/Aug/2018:19:58:14 +0200] "GET /var/m_0/0d/0dd/12455/6564684-G3_SKT2015_15.jpg HTTP/1.1" 200 144651
82.80.230.228 - - [02/Aug/2018:19:58:14 +0200] "GET /var/m_0/0d/0dd/12455/143506-G2_Optikurs2014_01.JPG HTTP/1.1" 301 356
82.80.249.152 - - [02/Aug/2018:19:58:14 +0200] "GET /var/m_0/0d/0dd/12455/6564674-G3_SKT2015_07.jpg HTTP/1.1" 301 360
82.80.249.152 - - [02/Aug/2018:19:58:14 +0200] "GET /var/m_0/0d/0dd/12455/6564674-G3_SKT2015_07.jpg HTTP/1.1" 200 117236
82.80.249.143 - - [02/Aug/2018:19:58:15 +0200] "GET /var/m_0/0d/0dd/12455/6564713-G3_SKT2015_41.jpg HTTP/1.1" 301 352
82.80.249.143 - - [02/Aug/2018:19:58:15 +0200] "GET /var/m_0/0d/0dd/12455/6564713-G3_SKT2015_41.jpg HTTP/1.1" 200 83472
82.80.230.228 - - [02/Aug/2018:19:58:15 +0200] "GET /var/m_0/0d/0dd/12455/143506-G2_Optikurs2014_01.JPG HTTP/1.1" 200 142608
82.80.230.228 - - [02/Aug/2018:19:58:15 +0200] "GET /var/m_0/0d/0dd/12455/6564726-G3_SKT2015_53.jpg HTTP/1.1" 200 119632
82.80.230.228 - - [02/Aug/2018:19:58:15 +0200] "GET /var/m_0/0d/0dd/12455/6564726-G3_SKT2015_53.jpg HTTP/1.1" 301 352
82.80.230.228 - - [02/Aug/2018:19:58:15 +0200] "GET /var/m_0/0d/0dd/12455/7230911-G5_Matchracing_08.jpg HTTP/1.1" 301 356
82.80.230.228 - - [02/Aug/2018:19:58:16 +0200] "GET /gfx/files/rar.png HTTP/1.1" 301 331
82.80.230.228 - - [02/Aug/2018:19:58:16 +0200] "GET /gfx/files/rar.png HTTP/1.1" 200 3897
82.80.230.228 - - [02/Aug/2018:19:58:16 +0200] "GET /var/m_0/0d/0dd/12455/7230911-G5_Matchracing_08.jpg HTTP/1.1" 200 76548
82.80.230.228 - - [02/Aug/2018:19:58:17 +0200] "GET /var/m_0/0d/0dd/12455/143489-G1_SKT2014_12.JPG HTTP/1.1" 301 359
82.80.230.228 - - [02/Aug/2018:19:58:17 +0200] "GET /gfx/fancybox_sprite.png HTTP/1.1" 301 329
82.80.230.228 - - [02/Aug/2018:19:58:17 +0200] "GET /var/m_0/0d/0dd/12455/7230904-G5_Matchracing_01.jpg HTTP/1.1" 200 64265
82.80.230.228 - - [02/Aug/2018:19:58:17 +0200] "GET /var/m_0/0d/0dd/12455/143489-G1_SKT2014_12.JPG HTTP/1.1" 200 126542
82.80.230.228 - - [02/Aug/2018:19:58:17 +0200] "GET /var/m_0/0d/0dd/12455/7230904-G5_Matchracing_01.jpg HTTP/1.1" 301 356
82.80.230.228 - - [02/Aug/2018:19:58:17 +0200] "GET /gfx/fancybox_sprite.png HTTP/1.1" 200 3633
82.80.230.228 - - [02/Aug/2018:19:58:18 +0200] "GET /var/m_0/0d/0dd/12455/6564742-G3_SKT2015_66.jpg HTTP/1.1" 200 93775
82.80.230.228 - - [02/Aug/2018:19:58:18 +0200] "GET /var/m_0/0d/0dd/12455/6564676-G3_SKT2015_09.jpg HTTP/1.1" 200 150721
82.80.230.228 - - [02/Aug/2018:19:58:18 +0200] "GET /var/m_0/0d/0dd/12455/143479-G1_SKT2014_03.JPG HTTP/1.1" 301 351
82.80.230.228 - - [02/Aug/2018:19:58:18 +0200] "GET /var/m_0/0d/0dd/12455/6564742-G3_SKT2015_66.jpg HTTP/1.1" 301 352
82.80.230.228 - - [02/Aug/2018:19:58:18 +0200] "GET /var/m_0/0d/0dd/12455/143479-G1_SKT2014_03.JPG HTTP/1.1" 200 139406
82.80.230.228 - - [02/Aug/2018:19:58:18 +0200] "GET /var/m_0/0d/0dd/12455/6564676-G3_SKT2015_09.jpg HTTP/1.1" 301 352
82.80.230.228 - - [02/Aug/2018:19:58:18 +0200] "GET /var/m_0/0d/0dd/12455/143493-G1_SKT2014_15.JPG HTTP/1.1" 301 351
82.80.249.155 - - [02/Aug/2018:19:58:19 +0200] "GET /var/m_0/0d/0dd/12455/143510-G2_Optikurs2014_05.jpg HTTP/1.1" 301 364
82.80.249.194 - - [02/Aug/2018:19:58:19 +0200] "GET /var/m_0/0d/0dd/12455/7230942-17_GruppeSK.jpg HTTP/1.1" 301 358
82.80.249.155 - - [02/Aug/2018:19:58:19 +0200] "GET /var/m_0/0d/0dd/12455/143510-G2_Optikurs2014_05.jpg HTTP/1.1" 200 105692
82.80.230.228 - - [02/Aug/2018:19:58:19 +0200] "GET /var/m_0/0d/0dd/12455/143493-G1_SKT2014_15.JPG HTTP/1.1" 200 124326
82.80.249.194 - - [02/Aug/2018:19:58:19 +0200] "GET /var/m_0/0d/0dd/12455/7230942-17_GruppeSK.jpg HTTP/1.1" 200 89132
82.80.249.155 - - [02/Aug/2018:19:58:20 +0200] "GET /var/m_0/0d/0dd/12455/6564678-G3_SKT2015_10.jpg HTTP/1.1" 301 360
82.80.249.227 - - [02/Aug/2018:19:58:20 +0200] "GET /var/m_0/0d/0dd/12455/7230912-G5_Matchracing_09.jpg HTTP/1.1" 200 72435
82.80.249.155 - - [02/Aug/2018:19:58:20 +0200] "GET /var/m_0/0d/0dd/12455/6564678-G3_SKT2015_10.jpg HTTP/1.1" 200 138460
82.80.249.227 - - [02/Aug/2018:19:58:20 +0200] "GET /var/m_0/0d/0dd/12455/7230912-G5_Matchracing_09.jpg HTTP/1.1" 301 356
82.80.230.228 - - [02/Aug/2018:19:58:21 +0200] "GET /var/m_0/0d/0dd/12455/143518-G2_Optikurs2014_13.JPG HTTP/1.1" 301 356
82.80.230.228 - - [02/Aug/2018:19:58:21 +0200] "GET /var/m_0/0d/0dd/12455/125501-34_Laser.jpg HTTP/1.1" 301 354
82.80.230.228 - - [02/Aug/2018:19:58:21 +0200] "GET /var/m_0/0d/0dd/12455/143518-G2_Optikurs2014_13.JPG HTTP/1.1" 200 66371
82.80.230.228 - - [02/Aug/2018:19:58:21 +0200] "GET /var/m_0/0d/0dd/12455/125501-34_Laser.jpg HTTP/1.1" 200 52750
82.80.230.228 - - [02/Aug/2018:19:58:21 +0200] "GET /var/m_0/0d/0dd/12455/143505-G1_SKT2014_27.JPG HTTP/1.1" 301 359
82.80.230.228 - - [02/Aug/2018:19:58:22 +0200] "GET /var/m_0/0d/0dd/12455/143505-G1_SKT2014_27.JPG HTTP/1.1" 200 127521
82.80.249.164 - - [02/Aug/2018:19:58:22 +0200] "GET /var/m_0/0d/0dd/12455/125494-14_Vermietung.JPG HTTP/1.1" 301 351
82.80.249.152 - - [02/Aug/2018:19:58:22 +0200] "GET /var/m_0/0d/0dd/12455/6564716-G3_SKT2015_44.jpg HTTP/1.1" 301 352
82.80.249.164 - - [02/Aug/2018:19:58:22 +0200] "GET /var/m_0/0d/0dd/12455/125494-14_Vermietung.JPG HTTP/1.1" 200 95115
82.80.249.152 - - [02/Aug/2018:19:58:22 +0200] "GET /var/m_0/0d/0dd/12455/6564716-G3_SKT2015_44.jpg HTTP/1.1" 200 99680
82.80.249.133 - - [02/Aug/2018:19:58:23 +0200] "GET /var/m_0/0d/0dd/12455/6564743-G3_SKT2015_67.jpg HTTP/1.1" 301 360
82.80.249.133 - - [02/Aug/2018:19:58:23 +0200] "GET /var/m_0/0d/0dd/12455/6564743-G3_SKT2015_67.jpg HTTP/1.1" 200 99796
82.80.249.194 - - [02/Aug/2018:19:58:24 +0200] "GET /gfx/imageslider/bx_loader.gif HTTP/1.1" 301 335
82.80.249.163 - - [02/Aug/2018:19:58:24 +0200] "GET /var/m_0/0d/0dd/12455/143494-G1_SKT2014_16.JPG HTTP/1.1" 301 359
82.80.249.163 - - [02/Aug/2018:19:58:25 +0200] "GET /var/m_0/0d/0dd/12455/143494-G1_SKT2014_16.JPG HTTP/1.1" 200 110813
82.80.249.164 - - [02/Aug/2018:19:58:25 +0200] "GET /var/m_0/0d/0dd/12455/6564685-G3_SKT2015_16.jpg HTTP/1.1" 301 360
82.80.249.194 - - [02/Aug/2018:19:58:24 +0200] "GET /gfx/imageslider/bx_loader.gif HTTP/1.1" 200 8581
82.80.249.164 - - [02/Aug/2018:19:58:25 +0200] "GET /var/m_0/0d/0dd/12455/6564685-G3_SKT2015_16.jpg HTTP/1.1" 200 129971
82.80.249.227 - - [02/Aug/2018:19:58:26 +0200] "GET /var/m_0/0d/0dd/12455/125503-36_420er.jpg HTTP/1.1" 301 354
82.80.249.227 - - [02/Aug/2018:19:58:26 +0200] "GET /var/m_0/0d/0dd/12455/125503-36_420er.jpg HTTP/1.1" 200 61172
82.80.249.163 - - [02/Aug/2018:19:58:28 +0200] "GET /var/m_0/0d/0dd/12455/143515-G2_Optikurs2014_10.jpg HTTP/1.1" 200 143970
82.80.230.228 - - [02/Aug/2018:19:58:28 +0200] "GET /var/m_0/0d/0dd/12455/6564699-G3_SKT2015_28.jpg HTTP/1.1" 200 120507
82.80.249.163 - - [02/Aug/2018:19:58:28 +0200] "GET /var/m_0/0d/0dd/12455/143515-G2_Optikurs2014_10.jpg HTTP/1.1" 301 356
82.80.249.164 - - [02/Aug/2018:19:58:28 +0200] "GET /var/m_0/0d/0dd/12455/7230944-18_SKTrophy2015.jpg HTTP/1.1" 301 362
82.80.249.164 - - [02/Aug/2018:19:58:28 +0200] "GET /var/m_0/0d/0dd/12455/7230944-18_SKTrophy2015.jpg HTTP/1.1" 200 84351
82.80.230.228 - - [02/Aug/2018:19:58:28 +0200] "GET /var/m_0/0d/0dd/12455/6564699-G3_SKT2015_28.jpg HTTP/1.1" 301 352
82.80.249.152 - - [02/Aug/2018:19:58:29 +0200] "GET /var/m_0/0d/0dd/12455/143516-G2_Optikurs2014_11.jpg HTTP/1.1" 301 364
82.80.249.152 - - [02/Aug/2018:19:58:29 +0200] "GET /var/m_0/0d/0dd/12455/143516-G2_Optikurs2014_11.jpg HTTP/1.1" 200 127495
82.80.230.228 - - [02/Aug/2018:19:58:29 +0200] "GET /gfx/guestbook/reload-Icon.jpg HTTP/1.1" 301 343
82.80.230.228 - - [02/Aug/2018:19:58:29 +0200] "GET /gfx/guestbook/reload-Icon.jpg HTTP/1.1" 200 1618
82.80.230.228 - - [02/Aug/2018:19:58:30 +0200] "GET /var/m_0/0d/0dd/12455/6564737-G3_SKT2015_61.jpg HTTP/1.1" 301 360
82.80.230.228 - - [02/Aug/2018:19:58:30 +0200] "GET /var/m_0/0d/0dd/12455/6564737-G3_SKT2015_61.jpg HTTP/1.1" 200 101297
82.80.230.228 - - [02/Aug/2018:19:58:30 +0200] "GET /var/m_0/0d/0dd/12455/8883686-sp_ewd.jpg HTTP/1.1" 301 345
82.80.230.228 - - [02/Aug/2018:19:58:30 +0200] "GET /var/m_0/0d/0dd/12455/8883686-sp_ewd.jpg HTTP/1.1" 200 53963
82.80.230.228 - - [02/Aug/2018:19:58:30 +0200] "GET /gfx/ecwid/OnLineStore.png HTTP/1.1" 200 4264
82.80.230.228 - - [02/Aug/2018:19:58:30 +0200] "GET /gfx/ecwid/OnLineStore.png HTTP/1.1" 301 339
82.80.230.228 - - [02/Aug/2018:19:58:31 +0200] "GET /var/m_0/0d/0dd/12455/126124-41_Wetter.JPG HTTP/1.1" 301 355
216.244.66.248 - - [02/Aug/2018:19:58:31 +0200] "GET /robots.txt HTTP/1.1" 301 324
82.80.230.228 - - [02/Aug/2018:19:58:31 +0200] "GET /var/m_0/0d/0dd/12455/126124-41_Wetter.JPG HTTP/1.1" 200 26919
82.80.249.155 - - [02/Aug/2018:19:58:31 +0200] "GET /var/m_0/0d/0dd/12455/143351-Header_Segelschule.jpg HTTP/1.1" 301 364
82.80.249.155 - - [02/Aug/2018:19:58:31 +0200] "GET /var/m_0/0d/0dd/12455/143351-Header_Segelschule.jpg HTTP/1.1" 200 107532
216.244.66.248 - - [02/Aug/2018:19:58:32 +0200] "GET /robots.txt HTTP/1.1" 200 120
82.80.249.194 - - [02/Aug/2018:19:58:33 +0200] "GET /var/m_0/0d/0dd/12455/143524-G2_Optikurs2014_18.JPG HTTP/1.1" 200 73497
82.80.230.228 - - [02/Aug/2018:19:58:33 +0200] "GET /var/m_0/0d/0dd/12455/6564694-G3_SKT2015_24.jpg HTTP/1.1" 200 173621
82.80.230.228 - - [02/Aug/2018:19:58:33 +0200] "GET /var/m_0/0d/0dd/12455/6564694-G3_SKT2015_24.jpg HTTP/1.1" 301 352
82.80.249.194 - - [02/Aug/2018:19:58:33 +0200] "GET /var/m_0/0d/0dd/12455/143524-G2_Optikurs2014_18.JPG HTTP/1.1" 301 364
82.80.249.157 - - [02/Aug/2018:19:58:34 +0200] "GET /templates/creator/m_f/fa/fa7/164/assets/mail_icon.png HTTP/1.1" 200 3128
82.80.249.157 - - [02/Aug/2018:19:58:34 +0200] "GET /templates/creator/m_f/fa/fa7/164//assets/mail_icon.png HTTP/1.1" 301 359
82.80.230.228 - - [02/Aug/2018:19:58:36 +0200] "GET /var/m_0/0d/0dd/12455/125500-33_Opti.jpg HTTP/1.1" 301 345
82.80.230.228 - - [02/Aug/2018:19:58:36 +0200] "GET /var/m_0/0d/0dd/12455/125500-33_Opti.jpg HTTP/1.1" 200 104538
82.80.230.228 - - [02/Aug/2018:19:58:37 +0200] "GET /gfx/paymentMethods/payment-icons.png HTTP/1.1" 301 342
82.80.230.228 - - [02/Aug/2018:19:58:37 +0200] "GET /gfx/paymentMethods/payment-icons.png HTTP/1.1" 200 67794
82.80.249.155 - - [02/Aug/2018:19:58:38 +0200] "GET /templates/creator/m_f/fa/fa7/164/assets/bt_close.png HTTP/1.1" 200 2150
82.80.230.228 - - [02/Aug/2018:19:58:38 +0200] "GET /var/m_0/0d/0dd/12455/6564727-G3_SKT2015_54.jpg HTTP/1.1" 301 360
82.80.249.155 - - [02/Aug/2018:19:58:38 +0200] "GET /templates/creator/m_f/fa/fa7/164//assets/bt_close.png HTTP/1.1" 301 366
82.80.230.228 - - [02/Aug/2018:19:58:39 +0200] "GET /var/m_0/0d/0dd/12455/6564727-G3_SKT2015_54.jpg HTTP/1.1" 200 105601
82.80.230.228 - - [02/Aug/2018:19:58:39 +0200] "GET /var/m_0/0d/0dd/12455/143515-G2_Optikurs2014_10.jpg HTTP/1.1" 301 364
82.80.230.228 - - [02/Aug/2018:19:58:40 +0200] "GET /var/m_0/0d/0dd/12455/143515-G2_Optikurs2014_10.jpg HTTP/1.1" 200 143970
82.80.230.228 - - [02/Aug/2018:19:58:40 +0200] "GET /var/m_0/0d/0dd/12455/7445964-SK_Kentern.jpg HTTP/1.1" 301 349
82.80.249.164 - - [02/Aug/2018:19:58:40 +0200] "GET /var/m_0/0d/0dd/12455/6564738-G3_SKT2015_62.jpg HTTP/1.1" 301 352
82.80.230.228 - - [02/Aug/2018:19:58:40 +0200] "GET /var/m_0/0d/0dd/12455/7445964-SK_Kentern.jpg HTTP/1.1" 200 26997
82.80.249.164 - - [02/Aug/2018:19:58:41 +0200] "GET /var/m_0/0d/0dd/12455/6564738-G3_SKT2015_62.jpg HTTP/1.1" 200 114801
82.80.249.155 - - [02/Aug/2018:19:58:41 +0200] "GET /var/m_0/0d/0dd/12455/6564675-G3_SKT2015_08.jpg HTTP/1.1" 200 111352
82.80.249.155 - - [02/Aug/2018:19:58:41 +0200] "GET /var/m_0/0d/0dd/12455/6564675-G3_SKT2015_08.jpg HTTP/1.1" 301 352
82.80.249.143 - - [02/Aug/2018:19:58:42 +0200] "GET /var/m_0/0d/0dd/12455/6564670-G3_SKT2015_04.jpg HTTP/1.1" 301 360
