207.241.231.118 - - [06/Aug/2018:03:02:07 +0200] "GET /favicon.ico HTTP/1.0" 200 1150
207.241.232.46 - - [06/Aug/2018:03:02:33 +0200] "GET /templates/creator/m_f/fa/fa7/164/assets/respond.min.js?v=1519138530 HTTP/1.0" 200 4070
207.241.232.46 - - [06/Aug/2018:03:02:31 +0200] "GET /robots.txt HTTP/1.0" 200 120
207.241.232.44 - - [06/Aug/2018:03:03:55 +0200] "GET /gfx/worldclock/Morning.png HTTP/1.0" 200 102224
207.241.231.33 - - [06/Aug/2018:03:04:15 +0200] "GET /robots.txt HTTP/1.0" 200 120
207.241.232.44 - - [06/Aug/2018:03:04:16 +0200] "GET /gfx/guestbook/guestbook_icon_form.png HTTP/1.0" 200 3073
207.241.231.33 - - [06/Aug/2018:03:04:19 +0200] "GET /gfx/rss.png HTTP/1.0" 200 1213
207.241.231.33 - - [06/Aug/2018:03:04:25 +0200] "GET /gfx/files/video.png HTTP/1.0" 200 4534
207.241.231.33 - - [06/Aug/2018:03:04:31 +0200] "GET /css/skeleton.css HTTP/1.0" 200 18022
207.241.231.33 - - [06/Aug/2018:03:04:35 +0200] "GET /var/m_0/0d/0dd/12455/8883686-sp_ewd.jpg HTTP/1.0" 200 53963
207.241.232.47 - - [06/Aug/2018:03:04:52 +0200] "GET /var/m_0/0d/0dd/12455/125495-15_Event.JPG HTTP/1.0" 200 59088
207.241.232.49 - - [06/Aug/2018:03:04:58 +0200] "GET /gfx/BG.png HTTP/1.0" 200 2844
207.241.232.47 - - [06/Aug/2018:03:04:56 +0200] "GET /gfx/galleryCarousel/light_views.png HTTP/1.0" 200 1020
207.241.232.49 - - [06/Aug/2018:03:05:04 +0200] "GET /var/m_0/0d/0dd/12455/7445964-SK_Kentern.jpg HTTP/1.0" 200 26997
207.241.232.49 - - [06/Aug/2018:03:05:08 +0200] "GET /gfx/star-ratings-sprite.png HTTP/1.0" 200 6185
207.241.232.44 - - [06/Aug/2018:03:05:33 +0200] "GET /templates/creator/m_f/fa/fa7/164//assets/tab_l_bottom.png HTTP/1.0" 200 1751
207.241.232.48 - - [06/Aug/2018:03:09:05 +0200] "GET /gfx/blank.gif HTTP/1.0" 200 43
207.241.232.43 - - [06/Aug/2018:03:06:08 +0200] "GET /gfx/imageslider/controls.png HTTP/1.0" 200 2806
54.89.164.136 - - [06/Aug/2018:03:09:06 +0200] "GET /vermietung HTTP/1.1" 200 30917
207.241.231.33 - - [06/Aug/2018:03:09:19 +0200] "GET /gfx/ecwid/OnLineStore.png HTTP/1.0" 200 4264
207.241.232.177 - - [06/Aug/2018:03:10:35 +0200] "GET /var/m_0/0d/0dd/12455/125494-14_Vermietung.JPG HTTP/1.0" 200 95115
207.241.232.177 - - [06/Aug/2018:03:10:39 +0200] "GET /templates/creator/m_f/fa/fa7/164//assets/mail_icon.png HTTP/1.0" 200 3128
207.241.232.177 - - [06/Aug/2018:03:10:44 +0200] "GET /gfx/guestbook/close.png HTTP/1.0" 200 3102
207.241.232.177 - - [06/Aug/2018:03:10:49 +0200] "GET /gfx/imageslider/fonts/icons.eot?3r0kqq HTTP/1.0" 200 2064
207.241.232.177 - - [06/Aug/2018:03:10:53 +0200] "GET /gfx/files/powerpoint.png HTTP/1.0" 200 4275
207.241.232.49 - - [06/Aug/2018:03:11:50 +0200] "GET /gfx/files/audio.png HTTP/1.0" 200 3546
207.241.232.44 - - [06/Aug/2018:03:12:37 +0200] "GET /gfx/paymentMethods/payment-icons.png HTTP/1.0" 200 67794
207.241.232.177 - - [06/Aug/2018:03:16:25 +0200] "GET /var/m_0/0d/0dd/12455/125493-13_Kurse.JPG HTTP/1.0" 200 70517
207.241.232.45 - - [06/Aug/2018:03:13:23 +0200] "GET /gfx/galleryCarousel/views.png HTTP/1.0" 200 187
207.241.231.118 - - [06/Aug/2018:03:16:37 +0200] "GET /var/m_0/0d/0dd/12455/6564678-G3_SKT2015_10.jpg HTTP/1.0" 200 138460
216.244.66.248 - - [06/Aug/2018:03:17:04 +0200] "GET /robots.txt HTTP/1.1" 301 324
216.244.66.248 - - [06/Aug/2018:03:17:05 +0200] "GET /robots.txt HTTP/1.1" 200 120
54.36.148.198 - - [06/Aug/2018:03:18:21 +0200] "GET /var/m_0/0d/0dd/12455/143511-G2_Optikurs2014_06.JPG HTTP/1.1" 200 108393
207.241.232.46 - - [06/Aug/2018:03:17:36 +0200] "GET /templates/creator/m_f/fa/fa7/164/assets/respond.min.js?v=1519138530 HTTP/1.0" 200 4070
207.241.232.47 - - [06/Aug/2018:03:19:59 +0200] "GET /gfx/galleryCarousel/light_views.png HTTP/1.0" 200 1020
207.241.232.47 - - [06/Aug/2018:03:20:03 +0200] "GET /gfx/search/yandex-search-logo.png HTTP/1.0" 200 3427
207.241.232.43 - - [06/Aug/2018:03:21:11 +0200] "GET /gfx/imageslider/controls.png HTTP/1.0" 200 2806
207.241.232.43 - - [06/Aug/2018:03:21:15 +0200] "GET /templates/creator/m_f/fa/fa7/164//assets/tab_b_bottom.png HTTP/1.0" 200 962
207.241.232.43 - - [06/Aug/2018:03:21:19 +0200] "GET /gfx/guestbook/reload-Icon.jpg HTTP/1.0" 200 1618
207.241.232.48 - - [06/Aug/2018:03:22:29 +0200] "GET /gfx/blank.gif HTTP/1.0" 200 43
207.241.231.33 - - [06/Aug/2018:03:26:00 +0200] "GET /var/m_0/0d/0dd/12455/125485-1_Kinderkurs.JPG HTTP/1.0" 200 64975
207.241.232.49 - - [06/Aug/2018:03:26:53 +0200] "GET /gfx/files/audio.png HTTP/1.0" 200 3546
207.241.232.44 - - [06/Aug/2018:03:27:39 +0200] "GET /gfx/paymentMethods/payment-icons.png HTTP/1.0" 200 67794
207.241.232.45 - - [06/Aug/2018:03:28:25 +0200] "GET /gfx/galleryCarousel/views.png HTTP/1.0" 200 187
207.241.232.45 - - [06/Aug/2018:03:28:29 +0200] "GET /var/m_0/0d/0dd/12455/8218253-65_Sommer.JPG HTTP/1.0" 200 244897
207.241.232.44 - - [06/Aug/2018:03:28:32 +0200] "GET /gfx/fancybox_sprite.png HTTP/1.0" 200 3633
207.241.232.45 - - [06/Aug/2018:03:28:36 +0200] "GET /var/m_0/0d/0dd/12455/8883683-sp_lemm.jpg HTTP/1.0" 200 18873
207.241.232.45 - - [06/Aug/2018:03:28:40 +0200] "GET /templates/creator/m_f/fa/fa7/164/assets/slide.js?v=1519138530 HTTP/1.0" 200 1691
207.241.232.45 - - [06/Aug/2018:03:28:44 +0200] "GET /var/m_0/0d/0dd/12455/143351-Header_Segelschule.jpg HTTP/1.0" 200 107532
207.241.232.45 - - [06/Aug/2018:03:28:48 +0200] "GET /templates/creator/m_f/fa/fa7/164//assets/tab_r_bottom.png HTTP/1.0" 200 1803
207.241.232.177 - - [06/Aug/2018:03:28:48 +0200] "GET /var/m_0/0d/0dd/12455/125493-13_Kurse.JPG HTTP/1.0" 200 70517
207.241.232.45 - - [06/Aug/2018:03:28:52 +0200] "GET /gfx/galleryCarousel/ajax-loader.gif HTTP/1.0" 200 3208
207.241.232.177 - - [06/Aug/2018:03:28:52 +0200] "GET /gfx/files/rar.png HTTP/1.0" 200 3897
207.241.232.45 - - [06/Aug/2018:03:28:57 +0200] "GET /var/m_0/0d/0dd/12455/8883665-sp_dk.jpg HTTP/1.0" 200 48853
207.241.232.45 - - [06/Aug/2018:03:29:01 +0200] "GET /gfx/dpcSearch/eyplogosearchnew.png HTTP/1.0" 200 17026
207.241.232.45 - - [06/Aug/2018:03:29:06 +0200] "GET /gfx/galleryCarousel/light_nav.png HTTP/1.0" 200 1608
207.241.232.49 - - [06/Aug/2018:03:30:24 +0200] "GET /gfx/imageslider/fonts/icons.svg?3r0kqq HTTP/1.0" 200 3018
207.241.232.46 - - [06/Aug/2018:03:35:29 +0200] "GET /templates/creator/m_f/fa/fa7/164/assets/respond.min.js?v=1519138530 HTTP/1.0" 200 4070
207.241.231.118 - - [06/Aug/2018:03:31:04 +0200] "GET /var/m_0/0d/0dd/12455/6564678-G3_SKT2015_10.jpg HTTP/1.0" 200 138460
207.241.232.47 - - [06/Aug/2018:03:35:44 +0200] "GET /gfx/search/yandex-search-logo.png HTTP/1.0" 200 3427
207.241.232.43 - - [06/Aug/2018:03:36:21 +0200] "GET /gfx/guestbook/reload-Icon.jpg HTTP/1.0" 200 1618
207.241.232.43 - - [06/Aug/2018:03:36:25 +0200] "GET /gfx/contactUs/reload-Icon.jpg HTTP/1.0" 200 1618
207.241.232.43 - - [06/Aug/2018:03:36:30 +0200] "GET /gfx/galleryCarousel/light_nav_thumbs.png HTTP/1.0" 200 1423
207.241.232.48 - - [06/Aug/2018:03:37:31 +0200] "GET /gfx/blank.gif HTTP/1.0" 200 43
207.241.232.48 - - [06/Aug/2018:03:37:35 +0200] "GET /templates/creator/m_f/fa/fa7/164/assets/wp-menu.js?v=1519138530 HTTP/1.0" 200 3661
207.241.232.48 - - [06/Aug/2018:03:37:39 +0200] "GET /gfx/imageslider/fonts/icons.ttf?3r0kqq HTTP/1.0" 200 1908
216.244.66.248 - - [06/Aug/2018:03:40:12 +0200] "GET /robots.txt HTTP/1.1" 301 324
207.241.231.33 - - [06/Aug/2018:03:39:37 +0200] "GET /var/m_0/0d/0dd/12455/125485-1_Kinderkurs.JPG HTTP/1.0" 200 64975
207.241.231.118 - - [06/Aug/2018:03:46:06 +0200] "GET /var/m_0/0d/0dd/12455/6564678-G3_SKT2015_10.jpg HTTP/1.0" 200 138460
207.241.231.118 - - [06/Aug/2018:03:46:12 +0200] "GET /gfx/files/flash.png HTTP/1.0" 200 3490
207.241.231.118 - - [06/Aug/2018:03:46:18 +0200] "GET /templates/creator/m_f/fa/fa7/164//assets/bt_open.png HTTP/1.0" 200 2044
207.241.232.46 - - [06/Aug/2018:03:47:41 +0200] "GET /templates/creator/m_f/fa/fa7/164/assets/respond.min.js?v=1519138530 HTTP/1.0" 200 4070
207.241.232.47 - - [06/Aug/2018:03:50:09 +0200] "GET /gfx/search/yandex-search-logo.png HTTP/1.0" 200 3427
5.9.98.234 - - [06/Aug/2018:03:51:36 +0200] "GET /robots.txt HTTP/1.1" 301 316
207.241.232.43 - - [06/Aug/2018:03:51:33 +0200] "GET /gfx/galleryCarousel/light_nav_thumbs.png HTTP/1.0" 200 1423
5.9.98.234 - - [06/Aug/2018:03:52:19 +0200] "GET /robots.txt HTTP/1.0" 301 316
207.241.232.48 - - [06/Aug/2018:03:52:41 +0200] "GET /gfx/imageslider/fonts/icons.ttf?3r0kqq HTTP/1.0" 200 1908
207.241.231.33 - - [06/Aug/2018:03:54:39 +0200] "GET /var/m_0/0d/0dd/12455/125485-1_Kinderkurs.JPG HTTP/1.0" 200 64975
