82.80.249.164 - - [18/Jun/2019:03:00:17 +0200] "GET /var/m_0/0d/0dd/12455/9114329-G3_SKT2018_10.jpg HTTP/1.1" 301 617
82.80.249.227 - - [18/Jun/2019:03:00:23 +0200] "GET /var/m_0/0d/0dd/12455/6564712-G3_SKT2015_40.jpg HTTP/1.1" 200 86307
82.80.249.164 - - [18/Jun/2019:03:00:23 +0200] "GET /var/m_0/0d/0dd/12455/9114329-G3_SKT2018_10.jpg HTTP/1.1" 200 148117
82.80.249.163 - - [18/Jun/2019:03:00:24 +0200] "GET /var/m_0/0d/0dd/12455/6564673-G3_SKT2015_06.jpg HTTP/1.1" 200 122324
82.80.249.227 - - [18/Jun/2019:03:00:28 +0200] "GET /var/m_0/0d/0dd/12455/6564712-G3_SKT2015_40.jpg HTTP/1.1" 301 617
82.80.249.143 - - [18/Jun/2019:03:00:29 +0200] "GET /templates/creator/m_f/fa/fa7/164/assets/tab_r_bottom.png HTTP/1.1" 301 617
82.80.249.143 - - [18/Jun/2019:03:00:29 +0200] "GET /templates/creator/m_f/fa/fa7/164/assets/tab_r_bottom.png HTTP/1.1" 200 1803
82.80.249.163 - - [18/Jun/2019:03:00:29 +0200] "GET /var/m_0/0d/0dd/12455/6564673-G3_SKT2015_06.jpg HTTP/1.1" 301 617
173.252.127.22 - - [18/Jun/2019:03:00:34 +0200] "GET / HTTP/1.1" 200 8220
173.252.127.22 - - [18/Jun/2019:03:00:35 +0200] "GET / HTTP/1.1" 301 617
82.80.249.194 - - [18/Jun/2019:03:00:47 +0200] "GET /var/m_0/0d/0dd/12455/6564666-G3_SKT2015_01.jpg HTTP/1.1" 301 617
82.80.249.194 - - [18/Jun/2019:03:00:52 +0200] "GET /var/m_0/0d/0dd/12455/6564666-G3_SKT2015_01.jpg HTTP/1.1" 200 160125
82.80.249.143 - - [18/Jun/2019:03:00:58 +0200] "GET /var/m_0/0d/0dd/12455/6564686-G3_SKT2015_17.jpg HTTP/1.1" 200 130353
82.80.249.143 - - [18/Jun/2019:03:00:59 +0200] "GET /var/m_0/0d/0dd/12455/6564686-G3_SKT2015_17.jpg HTTP/1.1" 301 617
82.80.249.227 - - [18/Jun/2019:03:01:07 +0200] "GET /var/m_0/0d/0dd/12455/6564692-G3_SKT2015_22.jpg HTTP/1.1" 301 617
82.80.249.204 - - [18/Jun/2019:03:01:10 +0200] "GET /var/m_0/0d/0dd/12455/6564715-G3_SKT2015_43.jpg HTTP/1.1" 200 109913
82.80.249.157 - - [18/Jun/2019:03:01:13 +0200] "GET /templates/creator/m_f/fa/fa7/164/assets/bt_open.png HTTP/1.1" 301 617
82.80.249.227 - - [18/Jun/2019:03:01:13 +0200] "GET /var/m_0/0d/0dd/12455/6564692-G3_SKT2015_22.jpg HTTP/1.1" 200 137091
82.80.249.204 - - [18/Jun/2019:03:01:14 +0200] "GET /var/m_0/0d/0dd/12455/6564715-G3_SKT2015_43.jpg HTTP/1.1" 301 617
82.80.249.157 - - [18/Jun/2019:03:01:14 +0200] "GET /templates/creator/m_f/fa/fa7/164/assets/bt_open.png HTTP/1.1" 200 2044
82.80.249.143 - - [18/Jun/2019:03:01:14 +0200] "GET /var/m_0/0d/0dd/12455/8883683-sp_lemm.jpg HTTP/1.1" 301 617
82.80.249.164 - - [18/Jun/2019:03:01:15 +0200] "GET /var/m_0/0d/0dd/12455/6564739-G3_SKT2015_63.jpg HTTP/1.1" 301 617
82.80.249.164 - - [18/Jun/2019:03:01:16 +0200] "GET /var/m_0/0d/0dd/12455/6564739-G3_SKT2015_63.jpg HTTP/1.1" 200 83403
82.80.249.143 - - [18/Jun/2019:03:01:16 +0200] "GET /var/m_0/0d/0dd/12455/143502-G1_SKT2014_24.JPG HTTP/1.1" 301 617
82.80.249.204 - - [18/Jun/2019:03:01:17 +0200] "GET /var/m_0/0d/0dd/12455/8883620-logo_homepage_bootspruefung24_big.png HTTP/1.1" 301 617
82.80.249.204 - - [18/Jun/2019:03:01:19 +0200] "GET /var/m_0/0d/0dd/12455/8883620-logo_homepage_bootspruefung24_big.png HTTP/1.1" 200 7633
82.80.249.143 - - [18/Jun/2019:03:01:20 +0200] "GET /var/m_0/0d/0dd/12455/8883683-sp_lemm.jpg HTTP/1.1" 200 18873
82.80.249.164 - - [18/Jun/2019:03:01:20 +0200] "GET /var/m_0/0d/0dd/12455/143352-Header_Segelschule_2.jpg HTTP/1.1" 200 107532
82.80.249.204 - - [18/Jun/2019:03:01:21 +0200] "GET /var/m_0/0d/0dd/12455/125494-14_Vermietung.JPG HTTP/1.1" 301 617
82.80.249.143 - - [18/Jun/2019:03:01:21 +0200] "GET /var/m_0/0d/0dd/12455/143502-G1_SKT2014_24.JPG HTTP/1.1" 200 108909
82.80.249.204 - - [18/Jun/2019:03:01:22 +0200] "GET /var/m_0/0d/0dd/12455/125494-14_Vermietung.JPG HTTP/1.1" 200 95115
82.80.244.51 - - [18/Jun/2019:03:01:23 +0200] "GET /gfx/BG.png HTTP/1.1" 301 617
82.80.244.51 - - [18/Jun/2019:03:01:24 +0200] "GET /gfx/BG.png HTTP/1.1" 200 2844
82.80.249.164 - - [18/Jun/2019:03:01:26 +0200] "GET /var/m_0/0d/0dd/12455/143352-Header_Segelschule_2.jpg HTTP/1.1" 301 617
82.80.249.227 - - [18/Jun/2019:03:01:45 +0200] "GET /var/m_0/0d/0dd/12455/143501-G1_SKT2014_23.JPG HTTP/1.1" 301 617
82.80.249.227 - - [18/Jun/2019:03:01:46 +0200] "GET /var/m_0/0d/0dd/12455/143501-G1_SKT2014_23.JPG HTTP/1.1" 200 144811
82.80.249.133 - - [18/Jun/2019:03:01:49 +0200] "GET /var/m_0/0d/0dd/12455/143485-G1_SKT2014_09.JPG HTTP/1.1" 301 617
82.80.249.133 - - [18/Jun/2019:03:01:50 +0200] "GET /var/m_0/0d/0dd/12455/143485-G1_SKT2014_09.JPG HTTP/1.1" 200 117355
82.80.249.143 - - [18/Jun/2019:03:02:13 +0200] "GET /var/m_0/0d/0dd/12455/9564521-Corsaire_0016.w1024.JPG HTTP/1.1" 301 617
82.80.249.163 - - [18/Jun/2019:03:02:15 +0200] "GET /var/m_0/0d/0dd/12455/143504-G1_SKT2014_26.JPG HTTP/1.1" 301 617
82.80.249.157 - - [18/Jun/2019:03:02:17 +0200] "GET /var/m_0/0d/0dd/12455/9564500-Corsaire_0009.w1024.JPG HTTP/1.1" 301 617
82.80.249.157 - - [18/Jun/2019:03:02:18 +0200] "GET /var/m_0/0d/0dd/12455/9564500-Corsaire_0009.w1024.JPG HTTP/1.1" 200 150183
82.80.249.143 - - [18/Jun/2019:03:02:19 +0200] "GET /var/m_0/0d/0dd/12455/126124-41_Wetter.JPG HTTP/1.1" 301 617
82.80.249.143 - - [18/Jun/2019:03:02:18 +0200] "GET /var/m_0/0d/0dd/12455/126124-41_Wetter.JPG HTTP/1.1" 200 26919
82.80.249.163 - - [18/Jun/2019:03:02:20 +0200] "GET /var/m_0/0d/0dd/12455/143504-G1_SKT2014_26.JPG HTTP/1.1" 200 144091
82.80.249.143 - - [18/Jun/2019:03:02:20 +0200] "GET /var/m_0/0d/0dd/12455/9564521-Corsaire_0016.w1024.JPG HTTP/1.1" 200 169880
82.80.249.143 - - [18/Jun/2019:03:02:22 +0200] "GET /var/m_0/0d/0dd/12455/9564599-SSL2018_Titel.jpg HTTP/1.1" 301 617
82.80.249.143 - - [18/Jun/2019:03:02:24 +0200] "GET /var/m_0/0d/0dd/12455/9564599-SSL2018_Titel.jpg HTTP/1.1" 200 216422
82.80.249.133 - - [18/Jun/2019:03:02:55 +0200] "GET /var/m_0/0d/0dd/12455/9114314-G3_SKT2018_05.jpg HTTP/1.1" 301 617
82.80.249.155 - - [18/Jun/2019:03:03:02 +0200] "GET /var/m_0/0d/0dd/12455/9564485-Corsaire_0004.w1024.JPG HTTP/1.1" 200 150539
82.80.249.133 - - [18/Jun/2019:03:03:02 +0200] "GET /var/m_0/0d/0dd/12455/9114314-G3_SKT2018_05.jpg HTTP/1.1" 200 141439
82.80.249.155 - - [18/Jun/2019:03:03:04 +0200] "GET /var/m_0/0d/0dd/12455/6564742-G3_SKT2015_66.jpg HTTP/1.1" 301 617
82.80.249.155 - - [18/Jun/2019:03:03:04 +0200] "GET /var/m_0/0d/0dd/12455/6564742-G3_SKT2015_66.jpg HTTP/1.1" 200 93775
82.80.249.155 - - [18/Jun/2019:03:03:05 +0200] "GET /var/m_0/0d/0dd/12455/9564485-Corsaire_0004.w1024.JPG HTTP/1.1" 301 617
82.80.249.157 - - [18/Jun/2019:03:03:10 +0200] "GET /var/m_0/0d/0dd/12455/6564699-G3_SKT2015_28.jpg HTTP/1.1" 301 617
82.80.249.204 - - [18/Jun/2019:03:03:11 +0200] "GET /var/m_0/0d/0dd/12455/7230981-37_Pedalo3.jpg HTTP/1.1" 301 617
82.80.249.157 - - [18/Jun/2019:03:03:12 +0200] "GET /var/m_0/0d/0dd/12455/6564699-G3_SKT2015_28.jpg HTTP/1.1" 200 120507
82.80.249.204 - - [18/Jun/2019:03:03:12 +0200] "GET /var/m_0/0d/0dd/12455/7230981-37_Pedalo3.jpg HTTP/1.1" 200 76841
82.80.249.133 - - [18/Jun/2019:03:03:13 +0200] "GET /var/m_0/0d/0dd/12455/6564740-G3_SKT2015_64.jpg HTTP/1.1" 301 617
82.80.249.133 - - [18/Jun/2019:03:03:14 +0200] "GET /var/m_0/0d/0dd/12455/6564740-G3_SKT2015_64.jpg HTTP/1.1" 200 66161
82.80.249.194 - - [18/Jun/2019:03:03:25 +0200] "GET /gfx/ecwid/OnLineStore.png HTTP/1.1" 301 617
82.80.249.194 - - [18/Jun/2019:03:03:24 +0200] "GET /gfx/ecwid/OnLineStore.png HTTP/1.1" 200 4264
82.80.249.164 - - [18/Jun/2019:03:03:27 +0200] "GET /var/m_0/0d/0dd/12455/6564688-G3_SKT2015_19.jpg HTTP/1.1" 200 123732
82.80.249.143 - - [18/Jun/2019:03:03:30 +0200] "GET /var/m_0/0d/0dd/12455/7230942-17_GruppeSK.jpg HTTP/1.1" 301 617
82.80.249.143 - - [18/Jun/2019:03:03:30 +0200] "GET /var/m_0/0d/0dd/12455/7230942-17_GruppeSK.jpg HTTP/1.1" 200 89132
82.80.249.164 - - [18/Jun/2019:03:03:32 +0200] "GET /var/m_0/0d/0dd/12455/6564688-G3_SKT2015_19.jpg HTTP/1.1" 301 617
82.80.249.133 - - [18/Jun/2019:03:03:38 +0200] "GET /var/m_0/0d/0dd/12455/9114374-g6_SSL_Davos2017_07.jpg HTTP/1.1" 301 617
82.80.249.133 - - [18/Jun/2019:03:03:38 +0200] "GET /var/m_0/0d/0dd/12455/9114374-g6_SSL_Davos2017_07.jpg HTTP/1.1" 200 69687
82.80.244.51 - - [18/Jun/2019:03:03:57 +0200] "GET /var/m_0/0d/0dd/12455/6564675-G3_SKT2015_08.jpg HTTP/1.1" 200 111352
82.80.249.164 - - [18/Jun/2019:03:04:01 +0200] "GET /gfx/guestbook/pagination.png HTTP/1.1" 200 384
82.80.244.51 - - [18/Jun/2019:03:04:02 +0200] "GET /var/m_0/0d/0dd/12455/6564675-G3_SKT2015_08.jpg HTTP/1.1" 301 617
82.80.249.164 - - [18/Jun/2019:03:04:06 +0200] "GET /gfx/guestbook/pagination.png HTTP/1.1" 301 617
82.80.249.227 - - [18/Jun/2019:03:04:06 +0200] "GET /var/m_0/0d/0dd/12455/9564521-Corsaire_0016.w1024.JPG HTTP/1.1" 301 617
82.80.249.227 - - [18/Jun/2019:03:04:07 +0200] "GET /var/m_0/0d/0dd/12455/9564521-Corsaire_0016.w1024.JPG HTTP/1.1" 200 169880
82.80.249.194 - - [18/Jun/2019:03:04:13 +0200] "GET /var/m_0/0d/0dd/12455/6564694-G3_SKT2015_24.jpg HTTP/1.1" 301 617
82.80.249.194 - - [18/Jun/2019:03:04:14 +0200] "GET /var/m_0/0d/0dd/12455/6564694-G3_SKT2015_24.jpg HTTP/1.1" 200 173621
82.80.249.164 - - [18/Jun/2019:03:04:35 +0200] "GET /var/m_0/0d/0dd/12455/6564705-G3_SKT2015_34.jpg HTTP/1.1" 200 103141
82.80.249.164 - - [18/Jun/2019:03:04:41 +0200] "GET /var/m_0/0d/0dd/12455/6564705-G3_SKT2015_34.jpg HTTP/1.1" 301 617
82.80.249.157 - - [18/Jun/2019:03:04:43 +0200] "GET /var/m_0/0d/0dd/12455/9564584-SSL2018_15.w1024.jpg HTTP/1.1" 301 617
82.80.249.157 - - [18/Jun/2019:03:04:43 +0200] "GET /var/m_0/0d/0dd/12455/9564584-SSL2018_15.w1024.jpg HTTP/1.1" 200 201684
82.80.249.155 - - [18/Jun/2019:03:05:03 +0200] "GET /var/m_0/0d/0dd/12455/9564488-Corsaire_0005.JPG HTTP/1.1" 301 617
82.80.249.204 - - [18/Jun/2019:03:05:06 +0200] "GET /var/m_0/0d/0dd/12455/6564744-G3_SKT2015_68.jpg HTTP/1.1" 301 617
82.80.249.155 - - [18/Jun/2019:03:05:09 +0200] "GET /var/m_0/0d/0dd/12455/9564488-Corsaire_0005.JPG HTTP/1.1" 200 300530
82.80.249.227 - - [18/Jun/2019:03:05:10 +0200] "GET /var/m_0/0d/0dd/12455/143520-G2_Optikurs2014_15.JPG HTTP/1.1" 301 617
82.80.249.204 - - [18/Jun/2019:03:05:12 +0200] "GET /var/m_0/0d/0dd/12455/6564744-G3_SKT2015_68.jpg HTTP/1.1" 200 79155
82.80.249.227 - - [18/Jun/2019:03:05:15 +0200] "GET /var/m_0/0d/0dd/12455/143520-G2_Optikurs2014_15.JPG HTTP/1.1" 200 71469
82.80.249.164 - - [18/Jun/2019:03:05:22 +0200] "GET /var/m_0/0d/0dd/12455/9564500-Corsaire_0009.w1024.JPG HTTP/1.1" 301 617
82.80.249.164 - - [18/Jun/2019:03:05:28 +0200] "GET /var/m_0/0d/0dd/12455/9564500-Corsaire_0009.w1024.JPG HTTP/1.1" 200 150183
82.80.249.143 - - [18/Jun/2019:03:05:30 +0200] "GET /var/m_0/0d/0dd/12455/6564700-G3_SKT2015_29.jpg HTTP/1.1" 200 84446
82.80.249.143 - - [18/Jun/2019:03:05:31 +0200] "GET /var/m_0/0d/0dd/12455/6564700-G3_SKT2015_29.jpg HTTP/1.1" 301 617
82.80.249.157 - - [18/Jun/2019:03:05:35 +0200] "GET /gfx/files/rar.png HTTP/1.1" 301 617
82.80.249.157 - - [18/Jun/2019:03:05:40 +0200] "GET /gfx/files/rar.png HTTP/1.1" 200 3897
82.80.249.164 - - [18/Jun/2019:03:05:55 +0200] "GET /gfx/galleryCarousel/light_nav.png HTTP/1.1" 301 617
82.80.249.164 - - [18/Jun/2019:03:05:55 +0200] "GET /gfx/galleryCarousel/light_nav.png HTTP/1.1" 200 1608
82.80.249.204 - - [18/Jun/2019:03:05:56 +0200] "GET /var/m_0/0d/0dd/12455/143490-G1_SKT2014_13.JPG HTTP/1.1" 301 617
82.80.249.204 - - [18/Jun/2019:03:05:56 +0200] "GET /var/m_0/0d/0dd/12455/143490-G1_SKT2014_13.JPG HTTP/1.1" 200 178072
82.80.249.155 - - [18/Jun/2019:03:06:01 +0200] "GET /var/m_0/0d/0dd/12455/143521-G2_Optikurs2014_16.JPG HTTP/1.1" 301 617
82.80.249.157 - - [18/Jun/2019:03:06:03 +0200] "GET /var/m_0/0d/0dd/12455/7230935-G4_Event_SK_03.jpg HTTP/1.1" 301 617
82.80.249.157 - - [18/Jun/2019:03:06:04 +0200] "GET /var/m_0/0d/0dd/12455/7230935-G4_Event_SK_03.jpg HTTP/1.1" 200 109157
82.80.249.143 - - [18/Jun/2019:03:06:04 +0200] "GET /gfx/guestbook/reload-Icon.jpg HTTP/1.1" 301 617
82.80.249.155 - - [18/Jun/2019:03:06:08 +0200] "GET /var/m_0/0d/0dd/12455/143521-G2_Optikurs2014_16.JPG HTTP/1.1" 200 81526
82.80.249.143 - - [18/Jun/2019:03:06:11 +0200] "GET /gfx/guestbook/reload-Icon.jpg HTTP/1.1" 200 1618
82.80.249.157 - - [18/Jun/2019:03:06:21 +0200] "GET /var/m_0/0d/0dd/12455/125501-34_Laser.jpg HTTP/1.1" 301 617
82.80.249.157 - - [18/Jun/2019:03:06:21 +0200] "GET /var/m_0/0d/0dd/12455/125501-34_Laser.jpg HTTP/1.1" 200 52750
82.80.249.227 - - [18/Jun/2019:03:06:22 +0200] "GET /var/m_0/0d/0dd/12455/143504-G1_SKT2014_26.JPG HTTP/1.1" 301 617
82.80.249.227 - - [18/Jun/2019:03:06:22 +0200] "GET /var/m_0/0d/0dd/12455/143504-G1_SKT2014_26.JPG HTTP/1.1" 200 144091
82.80.249.155 - - [18/Jun/2019:03:06:23 +0200] "GET /gfx/guestbook/guestbook_icon_form.png HTTP/1.1" 301 617
82.80.249.155 - - [18/Jun/2019:03:06:24 +0200] "GET /gfx/guestbook/guestbook_icon_form.png HTTP/1.1" 200 3073
82.80.249.204 - - [18/Jun/2019:03:06:25 +0200] "GET /var/m_0/0d/0dd/12455/9564497-Corsaire_0008.w1024.JPG HTTP/1.1" 301 617
82.80.249.163 - - [18/Jun/2019:03:06:26 +0200] "GET /var/m_0/0d/0dd/12455/143507-G2_Optikurs2014_02.JPG HTTP/1.1" 200 83258
82.80.249.163 - - [18/Jun/2019:03:06:27 +0200] "GET /var/m_0/0d/0dd/12455/143507-G2_Optikurs2014_02.JPG HTTP/1.1" 301 617
82.80.249.143 - - [18/Jun/2019:03:06:28 +0200] "GET /var/m_0/0d/0dd/12455/143477-G1_SKT2014_01.JPG HTTP/1.1" 301 617
82.80.249.204 - - [18/Jun/2019:03:06:31 +0200] "GET /var/m_0/0d/0dd/12455/9564497-Corsaire_0008.w1024.JPG HTTP/1.1" 200 93150
82.80.249.143 - - [18/Jun/2019:03:06:34 +0200] "GET /var/m_0/0d/0dd/12455/143477-G1_SKT2014_01.JPG HTTP/1.1" 200 94726
82.80.249.164 - - [18/Jun/2019:03:06:46 +0200] "GET /var/m_0/0d/0dd/12455/9114389-g6_SSL_Davos2017_12.jpg HTTP/1.1" 301 617
82.80.249.164 - - [18/Jun/2019:03:06:46 +0200] "GET /var/m_0/0d/0dd/12455/9114389-g6_SSL_Davos2017_12.jpg HTTP/1.1" 200 94416
82.80.249.143 - - [18/Jun/2019:03:06:51 +0200] "GET /var/m_0/0d/0dd/12455/143485-G1_SKT2014_09.JPG HTTP/1.1" 301 617
82.80.249.143 - - [18/Jun/2019:03:06:51 +0200] "GET /var/m_0/0d/0dd/12455/143485-G1_SKT2014_09.JPG HTTP/1.1" 200 117355
178.137.92.231 - - [18/Jun/2019:03:06:58 +0200] "GET / HTTP/1.1" 301 617
178.137.92.231 - - [18/Jun/2019:03:06:58 +0200] "GET / HTTP/1.1" 301 617
178.137.92.231 - - [18/Jun/2019:03:07:03 +0200] "GET / HTTP/1.1" 301 617
178.137.92.231 - - [18/Jun/2019:03:07:04 +0200] "GET / HTTP/1.1" 301 617
82.80.249.164 - - [18/Jun/2019:03:07:04 +0200] "GET /gfx/blank.gif HTTP/1.1" 200 43
178.137.92.231 - - [18/Jun/2019:03:07:04 +0200] "GET / HTTP/1.1" 301 617
178.137.92.231 - - [18/Jun/2019:03:07:04 +0200] "GET / HTTP/1.1" 301 617
82.80.249.164 - - [18/Jun/2019:03:07:05 +0200] "GET /var/m_0/0d/0dd/12455/9564479-Corsaire_0002.w1024.JPG HTTP/1.1" 200 167153
82.80.249.204 - - [18/Jun/2019:03:07:07 +0200] "GET /gfx/rss.png HTTP/1.1" 301 617
82.80.249.204 - - [18/Jun/2019:03:07:07 +0200] "GET /gfx/rss.png HTTP/1.1" 200 1213
82.80.249.164 - - [18/Jun/2019:03:07:09 +0200] "GET /gfx/blank.gif HTTP/1.1" 301 617
82.80.249.164 - - [18/Jun/2019:03:07:10 +0200] "GET /var/m_0/0d/0dd/12455/9564479-Corsaire_0002.w1024.JPG HTTP/1.1" 301 617
82.80.249.163 - - [18/Jun/2019:03:07:13 +0200] "GET /var/m_0/0d/0dd/12455/6564670-G3_SKT2015_04.jpg HTTP/1.1" 301 617
82.80.249.204 - - [18/Jun/2019:03:07:15 +0200] "GET /var/m_0/0d/0dd/12455/6564702-G3_SKT2015_31.jpg HTTP/1.1" 301 617
82.80.249.204 - - [18/Jun/2019:03:07:16 +0200] "GET /var/m_0/0d/0dd/12455/6564702-G3_SKT2015_31.jpg HTTP/1.1" 200 94697
82.80.249.163 - - [18/Jun/2019:03:07:17 +0200] "GET /var/m_0/0d/0dd/12455/6564707-G3_SKT2015_36.jpg HTTP/1.1" 200 82600
82.80.249.163 - - [18/Jun/2019:03:07:18 +0200] "GET /var/m_0/0d/0dd/12455/6564707-G3_SKT2015_36.jpg HTTP/1.1" 301 617
82.80.249.163 - - [18/Jun/2019:03:07:19 +0200] "GET /var/m_0/0d/0dd/12455/6564670-G3_SKT2015_04.jpg HTTP/1.1" 200 209464
82.80.249.157 - - [18/Jun/2019:03:07:33 +0200] "GET /var/m_0/0d/0dd/12455/143519-G2_Optikurs2014_14.JPG HTTP/1.1" 301 617
82.80.249.204 - - [18/Jun/2019:03:07:35 +0200] "GET /var/m_0/0d/0dd/12455/6564684-G3_SKT2015_15.jpg HTTP/1.1" 301 617
82.80.249.157 - - [18/Jun/2019:03:07:38 +0200] "GET /var/m_0/0d/0dd/12455/143519-G2_Optikurs2014_14.JPG HTTP/1.1" 200 71703
82.80.249.204 - - [18/Jun/2019:03:07:41 +0200] "GET /var/m_0/0d/0dd/12455/6564684-G3_SKT2015_15.jpg HTTP/1.1" 200 144651
82.80.249.133 - - [18/Jun/2019:03:07:42 +0200] "GET /var/m_0/0d/0dd/12455/143524-G2_Optikurs2014_18.JPG HTTP/1.1" 301 617
82.80.249.133 - - [18/Jun/2019:03:07:42 +0200] "GET /var/m_0/0d/0dd/12455/143524-G2_Optikurs2014_18.JPG HTTP/1.1" 200 73497
82.80.249.194 - - [18/Jun/2019:03:08:01 +0200] "GET /gfx/guestbook/pagination.png HTTP/1.1" 301 617
82.80.249.155 - - [18/Jun/2019:03:08:04 +0200] "GET /var/m_0/0d/0dd/12455/125500-33_Opti.jpg HTTP/1.1" 200 104538
82.80.249.164 - - [18/Jun/2019:03:08:05 +0200] "GET /var/m_0/0d/0dd/12455/9564482-Corsaire_0003.w1024.JPG HTTP/1.1" 200 138632
82.80.249.204 - - [18/Jun/2019:03:08:05 +0200] "GET /var/m_0/0d/0dd/12455/9564599-SSL2018_Titel.jpg HTTP/1.1" 200 216422
82.80.249.164 - - [18/Jun/2019:03:08:05 +0200] "GET /var/m_0/0d/0dd/12455/9564482-Corsaire_0003.w1024.JPG HTTP/1.1" 301 617
82.80.249.204 - - [18/Jun/2019:03:08:06 +0200] "GET /var/m_0/0d/0dd/12455/9564599-SSL2018_Titel.jpg HTTP/1.1" 301 617
82.80.249.194 - - [18/Jun/2019:03:08:06 +0200] "GET /gfx/guestbook/pagination.png HTTP/1.1" 200 384
82.80.249.157 - - [18/Jun/2019:03:08:07 +0200] "GET /var/m_0/0d/0dd/12455/6564702-G3_SKT2015_31.jpg HTTP/1.1" 200 94697
82.80.249.164 - - [18/Jun/2019:03:08:07 +0200] "GET /var/m_0/0d/0dd/12455/143505-G1_SKT2014_27.JPG HTTP/1.1" 301 617
82.80.249.157 - - [18/Jun/2019:03:08:08 +0200] "GET /var/m_0/0d/0dd/12455/6564702-G3_SKT2015_31.jpg HTTP/1.1" 301 617
82.80.249.164 - - [18/Jun/2019:03:08:08 +0200] "GET /var/m_0/0d/0dd/12455/143505-G1_SKT2014_27.JPG HTTP/1.1" 200 127521
82.80.249.155 - - [18/Jun/2019:03:08:10 +0200] "GET /var/m_0/0d/0dd/12455/125500-33_Opti.jpg HTTP/1.1" 301 617
82.80.249.164 - - [18/Jun/2019:03:08:22 +0200] "GET /var/m_0/0d/0dd/12455/143502-G1_SKT2014_24.JPG HTTP/1.1" 301 617
82.80.249.143 - - [18/Jun/2019:03:08:24 +0200] "GET /var/m_0/0d/0dd/12455/7441200-35_Finn4.jpg HTTP/1.1" 200 211101
82.80.249.164 - - [18/Jun/2019:03:08:27 +0200] "GET /var/m_0/0d/0dd/12455/143502-G1_SKT2014_24.JPG HTTP/1.1" 200 108909
82.80.249.157 - - [18/Jun/2019:03:08:29 +0200] "GET /var/m_0/0d/0dd/12455/143508-G2_Optikurs2014_03.JPG HTTP/1.1" 301 617
82.80.249.157 - - [18/Jun/2019:03:08:29 +0200] "GET /var/m_0/0d/0dd/12455/143508-G2_Optikurs2014_03.JPG HTTP/1.1" 200 116444
82.80.249.143 - - [18/Jun/2019:03:08:30 +0200] "GET /var/m_0/0d/0dd/12455/7441200-35_Finn4.jpg HTTP/1.1" 301 617
82.80.249.152 - - [18/Jun/2019:03:08:31 +0200] "GET /var/m_0/0d/0dd/12455/9564485-Corsaire_0004.w1024.JPG HTTP/1.1" 301 617
82.80.249.204 - - [18/Jun/2019:03:08:34 +0200] "GET /var/m_0/0d/0dd/12455/9564527-Corsaire_0018.w1024.JPG HTTP/1.1" 200 173465
82.80.249.204 - - [18/Jun/2019:03:08:35 +0200] "GET /var/m_0/0d/0dd/12455/9564527-Corsaire_0018.w1024.JPG HTTP/1.1" 301 617
82.80.249.152 - - [18/Jun/2019:03:08:37 +0200] "GET /var/m_0/0d/0dd/12455/9564485-Corsaire_0004.w1024.JPG HTTP/1.1" 200 150539
82.80.249.227 - - [18/Jun/2019:03:08:48 +0200] "GET /var/m_0/0d/0dd/12455/6564672-G3_SKT2015_05.jpg HTTP/1.1" 301 617
82.80.249.227 - - [18/Jun/2019:03:08:48 +0200] "GET /var/m_0/0d/0dd/12455/6564672-G3_SKT2015_05.jpg HTTP/1.1" 200 207849
82.80.249.143 - - [18/Jun/2019:03:08:49 +0200] "GET /var/m_0/0d/0dd/12455/6564707-G3_SKT2015_36.jpg HTTP/1.1" 200 82600
82.80.249.164 - - [18/Jun/2019:03:08:50 +0200] "GET /var/m_0/0d/0dd/12455/6564679-G3_SKT2015_11.jpg HTTP/1.1" 301 617
82.80.249.157 - - [18/Jun/2019:03:08:51 +0200] "GET /templates/creator/m_f/fa/fa7/164/assets/bt_close.png HTTP/1.1" 301 617
82.80.249.157 - - [18/Jun/2019:03:08:51 +0200] "GET /templates/creator/m_f/fa/fa7/164/assets/bt_close.png HTTP/1.1" 200 2150
82.80.249.143 - - [18/Jun/2019:03:08:53 +0200] "GET /var/m_0/0d/0dd/12455/6564707-G3_SKT2015_36.jpg HTTP/1.1" 301 617
82.80.249.133 - - [18/Jun/2019:03:08:57 +0200] "GET /var/m_0/0d/0dd/12455/7230912-G5_Matchracing_09.jpg HTTP/1.1" 301 617
82.80.249.164 - - [18/Jun/2019:03:08:57 +0200] "GET /var/m_0/0d/0dd/12455/6564679-G3_SKT2015_11.jpg HTTP/1.1" 200 96997
82.80.249.194 - - [18/Jun/2019:03:08:58 +0200] "GET /var/m_0/0d/0dd/12455/6564741-G3_SKT2015_65.jpg HTTP/1.1" 200 170374
82.80.249.194 - - [18/Jun/2019:03:08:59 +0200] "GET /var/m_0/0d/0dd/12455/6564741-G3_SKT2015_65.jpg HTTP/1.1" 301 617
82.80.249.143 - - [18/Jun/2019:03:09:01 +0200] "GET /var/m_0/0d/0dd/12455/143484-G1_SKT2014_08.JPG HTTP/1.1" 301 617
82.80.249.133 - - [18/Jun/2019:03:09:01 +0200] "GET /var/m_0/0d/0dd/12455/143494-G1_SKT2014_16.JPG HTTP/1.1" 301 617
82.80.249.133 - - [18/Jun/2019:03:09:01 +0200] "GET /var/m_0/0d/0dd/12455/143494-G1_SKT2014_16.JPG HTTP/1.1" 200 110813
82.80.249.143 - - [18/Jun/2019:03:09:02 +0200] "GET /var/m_0/0d/0dd/12455/143484-G1_SKT2014_08.JPG HTTP/1.1" 200 146571
82.80.249.133 - - [18/Jun/2019:03:09:04 +0200] "GET /var/m_0/0d/0dd/12455/7230912-G5_Matchracing_09.jpg HTTP/1.1" 200 72435
82.80.249.152 - - [18/Jun/2019:03:09:04 +0200] "GET /gfx/paymentMethods/payment-icons.png HTTP/1.1" 301 617
82.80.249.152 - - [18/Jun/2019:03:09:04 +0200] "GET /gfx/paymentMethods/payment-icons.png HTTP/1.1" 200 83888
82.80.249.194 - - [18/Jun/2019:03:09:14 +0200] "GET /var/m_0/0d/0dd/12455/143480-G1_SKT2014_04.JPG HTTP/1.1" 200 132118
82.80.249.204 - - [18/Jun/2019:03:09:15 +0200] "GET /var/m_0/0d/0dd/12455/7230933-G4_Event_SK_01.jpg HTTP/1.1" 200 65954
82.80.249.143 - - [18/Jun/2019:03:09:16 +0200] "GET /var/m_0/0d/0dd/12455/6564692-G3_SKT2015_22.jpg HTTP/1.1" 200 137091
82.80.249.204 - - [18/Jun/2019:03:09:16 +0200] "GET /var/m_0/0d/0dd/12455/7230933-G4_Event_SK_01.jpg HTTP/1.1" 301 617
82.80.249.194 - - [18/Jun/2019:03:09:20 +0200] "GET /var/m_0/0d/0dd/12455/143480-G1_SKT2014_04.JPG HTTP/1.1" 301 617
82.80.249.143 - - [18/Jun/2019:03:09:21 +0200] "GET /var/m_0/0d/0dd/12455/6564692-G3_SKT2015_22.jpg HTTP/1.1" 301 617
82.80.249.155 - - [18/Jun/2019:03:09:25 +0200] "GET /var/m_0/0d/0dd/12455/143351-Header_Segelschule.jpg HTTP/1.1" 301 617
82.80.249.155 - - [18/Jun/2019:03:09:26 +0200] "GET /var/m_0/0d/0dd/12455/143351-Header_Segelschule.jpg HTTP/1.1" 200 107532
82.80.249.143 - - [18/Jun/2019:03:09:40 +0200] "GET /var/m_0/0d/0dd/12455/6564744-G3_SKT2015_68.jpg HTTP/1.1" 301 617
82.80.249.143 - - [18/Jun/2019:03:09:41 +0200] "GET /var/m_0/0d/0dd/12455/6564744-G3_SKT2015_68.jpg HTTP/1.1" 200 79155
82.80.249.143 - - [18/Jun/2019:03:09:41 +0200] "GET /gfx/BG.png HTTP/1.1" 301 617
82.80.249.157 - - [18/Jun/2019:03:09:44 +0200] "GET /gfx/fancybox_loading.gif HTTP/1.1" 200 4270
82.80.249.157 - - [18/Jun/2019:03:09:45 +0200] "GET /gfx/fancybox_loading.gif HTTP/1.1" 301 617
82.80.249.143 - - [18/Jun/2019:03:09:47 +0200] "GET /gfx/BG.png HTTP/1.1" 200 2844
82.80.249.152 - - [18/Jun/2019:03:09:51 +0200] "GET /var/m_0/0d/0dd/12455/7441200-35_Finn4.jpg HTTP/1.1" 301 617
82.80.249.152 - - [18/Jun/2019:03:09:52 +0200] "GET /var/m_0/0d/0dd/12455/7441200-35_Finn4.jpg HTTP/1.1" 200 211101
82.80.249.143 - - [18/Jun/2019:03:09:55 +0200] "GET /gfx/galleryStatic/pagination.png HTTP/1.1" 301 617
82.80.249.143 - - [18/Jun/2019:03:09:56 +0200] "GET /gfx/galleryStatic/pagination.png HTTP/1.1" 200 1557
82.80.249.133 - - [18/Jun/2019:03:09:59 +0200] "GET /var/m_0/0d/0dd/12455/125487-3_SKCrashkurs.JPG HTTP/1.1" 200 80503
82.80.249.133 - - [18/Jun/2019:03:10:04 +0200] "GET /var/m_0/0d/0dd/12455/125487-3_SKCrashkurs.JPG HTTP/1.1" 301 617
82.80.249.204 - - [18/Jun/2019:03:10:05 +0200] "GET /var/m_0/0d/0dd/12455/119662-DSC_7544.JPG HTTP/1.1" 301 617
82.80.249.133 - - [18/Jun/2019:03:10:07 +0200] "GET /var/m_0/0d/0dd/12455/6564704-G3_SKT2015_33.jpg HTTP/1.1" 301 617
82.80.249.133 - - [18/Jun/2019:03:10:07 +0200] "GET /var/m_0/0d/0dd/12455/6564704-G3_SKT2015_33.jpg HTTP/1.1" 200 100941
82.80.249.204 - - [18/Jun/2019:03:10:07 +0200] "GET /var/m_0/0d/0dd/12455/119662-DSC_7544.JPG HTTP/1.1" 200 65485
82.80.249.194 - - [18/Jun/2019:03:10:25 +0200] "GET /templates/creator/m_f/fa/fa7/164/assets/bt_close.png HTTP/1.1" 200 2150
82.80.249.194 - - [18/Jun/2019:03:10:27 +0200] "GET /var/m_0/0d/0dd/12455/143489-G1_SKT2014_12.JPG HTTP/1.1" 301 617
82.80.249.194 - - [18/Jun/2019:03:10:29 +0200] "GET /templates/creator/m_f/fa/fa7/164/assets/bt_close.png HTTP/1.1" 301 617
82.80.249.194 - - [18/Jun/2019:03:10:33 +0200] "GET /var/m_0/0d/0dd/12455/143489-G1_SKT2014_12.JPG HTTP/1.1" 200 126542
82.80.249.194 - - [18/Jun/2019:03:10:34 +0200] "GET /var/m_0/0d/0dd/12455/9564488-Corsaire_0005.JPG HTTP/1.1" 200 300530
82.80.249.194 - - [18/Jun/2019:03:10:35 +0200] "GET /var/m_0/0d/0dd/12455/9564488-Corsaire_0005.JPG HTTP/1.1" 301 617
82.80.249.143 - - [18/Jun/2019:03:11:16 +0200] "GET /var/m_0/0d/0dd/12455/6564674-G3_SKT2015_07.jpg HTTP/1.1" 301 617
82.80.249.143 - - [18/Jun/2019:03:11:17 +0200] "GET /var/m_0/0d/0dd/12455/6564674-G3_SKT2015_07.jpg HTTP/1.1" 200 117236
82.80.249.227 - - [18/Jun/2019:03:11:24 +0200] "GET /var/m_0/0d/0dd/12455/126374-6_Schnupperkurs.JPG HTTP/1.1" 200 53584
82.80.249.227 - - [18/Jun/2019:03:11:30 +0200] "GET /var/m_0/0d/0dd/12455/126374-6_Schnupperkurs.JPG HTTP/1.1" 301 617
82.80.249.164 - - [18/Jun/2019:03:11:30 +0200] "GET /var/m_0/0d/0dd/12455/143525-G2_Optikurs2014_19.JPG HTTP/1.1" 200 68664
82.80.249.164 - - [18/Jun/2019:03:11:30 +0200] "GET /var/m_0/0d/0dd/12455/143516-G2_Optikurs2014_11.jpg HTTP/1.1" 200 127495
82.80.249.164 - - [18/Jun/2019:03:11:31 +0200] "GET /var/m_0/0d/0dd/12455/143525-G2_Optikurs2014_19.JPG HTTP/1.1" 301 617
82.80.249.164 - - [18/Jun/2019:03:11:34 +0200] "GET /var/m_0/0d/0dd/12455/143516-G2_Optikurs2014_11.jpg HTTP/1.1" 301 617
82.80.249.194 - - [18/Jun/2019:03:11:36 +0200] "GET /var/m_0/0d/0dd/12455/143478-G1_SKT2014_02.JPG HTTP/1.1" 200 135948
82.80.249.194 - - [18/Jun/2019:03:11:41 +0200] "GET /var/m_0/0d/0dd/12455/143478-G1_SKT2014_02.JPG HTTP/1.1" 301 617
82.80.249.204 - - [18/Jun/2019:03:11:41 +0200] "GET /var/m_0/0d/0dd/12455/8883665-sp_dk.jpg HTTP/1.1" 301 617
82.80.249.204 - - [18/Jun/2019:03:11:41 +0200] "GET /var/m_0/0d/0dd/12455/8883665-sp_dk.jpg HTTP/1.1" 200 48853
82.80.249.157 - - [18/Jun/2019:03:12:10 +0200] "GET /var/m_0/0d/0dd/12455/6564686-G3_SKT2015_17.jpg HTTP/1.1" 200 130353
82.80.249.157 - - [18/Jun/2019:03:12:14 +0200] "GET /var/m_0/0d/0dd/12455/6564686-G3_SKT2015_17.jpg HTTP/1.1" 301 617
82.80.249.164 - - [18/Jun/2019:03:12:16 +0200] "GET /var/m_0/0d/0dd/12455/6564684-G3_SKT2015_15.jpg HTTP/1.1" 301 617
82.80.249.204 - - [18/Jun/2019:03:12:18 +0200] "GET /var/m_0/0d/0dd/12455/143518-G2_Optikurs2014_13.JPG HTTP/1.1" 301 617
82.80.249.157 - - [18/Jun/2019:03:12:18 +0200] "GET /gfx/galleryCarousel/ajax-loader.gif HTTP/1.1" 301 617
82.80.249.143 - - [18/Jun/2019:03:12:19 +0200] "GET /var/m_0/0d/0dd/12455/6564694-G3_SKT2015_24.jpg HTTP/1.1" 200 173621
82.80.249.143 - - [18/Jun/2019:03:12:20 +0200] "GET /var/m_0/0d/0dd/12455/6564694-G3_SKT2015_24.jpg HTTP/1.1" 301 617
82.80.249.163 - - [18/Jun/2019:03:12:20 +0200] "GET /var/m_0/0d/0dd/12455/143515-G2_Optikurs2014_10.jpg HTTP/1.1" 301 617
82.80.249.155 - - [18/Jun/2019:03:12:21 +0200] "GET /var/m_0/0d/0dd/12455/143520-G2_Optikurs2014_15.JPG HTTP/1.1" 301 617
82.80.249.155 - - [18/Jun/2019:03:12:21 +0200] "GET /var/m_0/0d/0dd/12455/143520-G2_Optikurs2014_15.JPG HTTP/1.1" 200 71469
82.80.249.164 - - [18/Jun/2019:03:12:21 +0200] "GET /var/m_0/0d/0dd/12455/6564684-G3_SKT2015_15.jpg HTTP/1.1" 200 144651
82.80.249.204 - - [18/Jun/2019:03:12:21 +0200] "GET /var/m_0/0d/0dd/12455/143522-G2_Optikurs2014_17.JPG HTTP/1.1" 301 617
82.80.249.204 - - [18/Jun/2019:03:12:24 +0200] "GET /var/m_0/0d/0dd/12455/143518-G2_Optikurs2014_13.JPG HTTP/1.1" 200 66371
82.80.249.157 - - [18/Jun/2019:03:12:24 +0200] "GET /gfx/galleryCarousel/ajax-loader.gif HTTP/1.1" 200 3208
82.80.249.163 - - [18/Jun/2019:03:12:26 +0200] "GET /var/m_0/0d/0dd/12455/143515-G2_Optikurs2014_10.jpg HTTP/1.1" 200 143970
82.80.249.204 - - [18/Jun/2019:03:12:27 +0200] "GET /var/m_0/0d/0dd/12455/143522-G2_Optikurs2014_17.JPG HTTP/1.1" 200 71952
82.80.249.194 - - [18/Jun/2019:03:12:35 +0200] "GET /var/m_0/0d/0dd/12455/9114374-g6_SSL_Davos2017_07.jpg HTTP/1.1" 301 617
82.80.249.194 - - [18/Jun/2019:03:12:35 +0200] "GET /var/m_0/0d/0dd/12455/9114374-g6_SSL_Davos2017_07.jpg HTTP/1.1" 200 69687
82.80.249.204 - - [18/Jun/2019:03:12:47 +0200] "GET /var/m_0/0d/0dd/12455/6564693-G3_SKT2015_23.jpg HTTP/1.1" 200 129585
82.80.249.204 - - [18/Jun/2019:03:12:50 +0200] "GET /var/m_0/0d/0dd/12455/6564700-G3_SKT2015_29.jpg HTTP/1.1" 301 617
82.80.249.164 - - [18/Jun/2019:03:12:50 +0200] "GET /gfx/files/audio.png HTTP/1.1" 200 3546
82.80.249.157 - - [18/Jun/2019:03:12:53 +0200] "GET /var/m_0/0d/0dd/12455/6564682-G3_SKT2015_13.jpg HTTP/1.1" 301 617
82.80.249.204 - - [18/Jun/2019:03:12:53 +0200] "GET /var/m_0/0d/0dd/12455/6564693-G3_SKT2015_23.jpg HTTP/1.1" 301 617
82.80.249.164 - - [18/Jun/2019:03:12:55 +0200] "GET /gfx/files/audio.png HTTP/1.1" 301 617
82.80.249.204 - - [18/Jun/2019:03:12:57 +0200] "GET /var/m_0/0d/0dd/12455/6564700-G3_SKT2015_29.jpg HTTP/1.1" 200 84446
82.80.249.157 - - [18/Jun/2019:03:12:59 +0200] "GET /var/m_0/0d/0dd/12455/6564682-G3_SKT2015_13.jpg HTTP/1.1" 200 204673
82.80.249.204 - - [18/Jun/2019:03:13:10 +0200] "GET /var/m_0/0d/0dd/12455/9114308-G3_SKT2018_03.jpg HTTP/1.1" 301 617
82.80.249.143 - - [18/Jun/2019:03:13:10 +0200] "GET /var/m_0/0d/0dd/12455/143510-G2_Optikurs2014_05.jpg HTTP/1.1" 200 105692
82.80.249.143 - - [18/Jun/2019:03:13:11 +0200] "GET /var/m_0/0d/0dd/12455/143510-G2_Optikurs2014_05.jpg HTTP/1.1" 301 617
82.80.249.143 - - [18/Jun/2019:03:13:13 +0200] "GET /var/m_0/0d/0dd/12455/9114317-G3_SKT2018_06.jpg HTTP/1.1" 200 156727
82.80.249.143 - - [18/Jun/2019:03:13:14 +0200] "GET /var/m_0/0d/0dd/12455/9114317-G3_SKT2018_06.jpg HTTP/1.1" 301 617
82.80.249.204 - - [18/Jun/2019:03:13:16 +0200] "GET /var/m_0/0d/0dd/12455/9114308-G3_SKT2018_03.jpg HTTP/1.1" 200 203350
82.80.249.163 - - [18/Jun/2019:03:13:26 +0200] "GET /var/m_0/0d/0dd/12455/9564587-SSL2018_16.w1024.jpg HTTP/1.1" 301 617
82.80.249.163 - - [18/Jun/2019:03:13:26 +0200] "GET /var/m_0/0d/0dd/12455/9564587-SSL2018_16.w1024.jpg HTTP/1.1" 200 151012
82.80.249.194 - - [18/Jun/2019:03:13:38 +0200] "GET /var/m_0/0d/0dd/12455/9114371-g6_SSL_Davos2017_06.jpg HTTP/1.1" 200 67641
82.80.249.143 - - [18/Jun/2019:03:13:39 +0200] "GET /var/m_0/0d/0dd/12455/6564668-G3_SKT2015_02.jpg HTTP/1.1" 301 617
82.80.249.194 - - [18/Jun/2019:03:13:40 +0200] "GET /var/m_0/0d/0dd/12455/9564497-Corsaire_0008.w1024.JPG HTTP/1.1" 301 617
82.80.249.194 - - [18/Jun/2019:03:13:40 +0200] "GET /var/m_0/0d/0dd/12455/9564497-Corsaire_0008.w1024.JPG HTTP/1.1" 200 93150
82.80.249.133 - - [18/Jun/2019:03:13:43 +0200] "GET /var/m_0/0d/0dd/12455/143482-G1_SKT2014_06.JPG HTTP/1.1" 301 617
82.80.249.143 - - [18/Jun/2019:03:13:44 +0200] "GET /var/m_0/0d/0dd/12455/6564668-G3_SKT2015_02.jpg HTTP/1.1" 200 142536
82.80.249.194 - - [18/Jun/2019:03:13:44 +0200] "GET /var/m_0/0d/0dd/12455/9114371-g6_SSL_Davos2017_06.jpg HTTP/1.1" 301 617
82.80.249.133 - - [18/Jun/2019:03:13:49 +0200] "GET /var/m_0/0d/0dd/12455/143482-G1_SKT2014_06.JPG HTTP/1.1" 200 103935
82.80.249.164 - - [18/Jun/2019:03:13:52 +0200] "GET /var/m_0/0d/0dd/12455/6564743-G3_SKT2015_67.jpg HTTP/1.1" 301 617
82.80.249.164 - - [18/Jun/2019:03:13:52 +0200] "GET /var/m_0/0d/0dd/12455/6564743-G3_SKT2015_67.jpg HTTP/1.1" 200 99796
82.80.249.155 - - [18/Jun/2019:03:13:52 +0200] "GET /var/m_0/0d/0dd/12455/143503-G1_SKT2014_25.JPG HTTP/1.1" 301 617
82.80.249.155 - - [18/Jun/2019:03:13:53 +0200] "GET /var/m_0/0d/0dd/12455/143503-G1_SKT2014_25.JPG HTTP/1.1" 200 126118
82.80.249.227 - - [18/Jun/2019:03:13:53 +0200] "GET /gfx/guestbook/close.png HTTP/1.1" 301 617
82.80.249.227 - - [18/Jun/2019:03:13:53 +0200] "GET /gfx/guestbook/close.png HTTP/1.1" 200 3102
82.80.249.133 - - [18/Jun/2019:03:14:16 +0200] "GET /var/m_0/0d/0dd/12455/9564461-Corsaire_Titel.JPG HTTP/1.1" 200 226174
82.80.249.133 - - [18/Jun/2019:03:14:21 +0200] "GET /var/m_0/0d/0dd/12455/9564461-Corsaire_Titel.JPG HTTP/1.1" 301 617
82.80.249.155 - - [18/Jun/2019:03:14:23 +0200] "GET /var/m_0/0d/0dd/12455/143492-G1_SKT2014_14.JPG HTTP/1.1" 200 187728
82.80.249.155 - - [18/Jun/2019:03:14:28 +0200] "GET /var/m_0/0d/0dd/12455/143492-G1_SKT2014_14.JPG HTTP/1.1" 301 617
82.80.249.143 - - [18/Jun/2019:03:14:39 +0200] "GET /var/m_0/0d/0dd/12455/9564533-Corsaire_0020.w1024.JPG HTTP/1.1" 301 617
82.80.249.157 - - [18/Jun/2019:03:14:41 +0200] "GET /var/m_0/0d/0dd/12455/9564503-Corsaire_0010.w1024.JPG HTTP/1.1" 200 125120
82.80.249.143 - - [18/Jun/2019:03:14:45 +0200] "GET /var/m_0/0d/0dd/12455/9564533-Corsaire_0020.w1024.JPG HTTP/1.1" 200 143580
82.80.249.157 - - [18/Jun/2019:03:14:47 +0200] "GET /var/m_0/0d/0dd/12455/9564503-Corsaire_0010.w1024.JPG HTTP/1.1" 301 617
82.80.249.155 - - [18/Jun/2019:03:15:10 +0200] "GET /var/m_0/0d/0dd/12455/9114401-g6_SSL_Davos2017_16.jpg HTTP/1.1" 301 617
82.80.249.155 - - [18/Jun/2019:03:15:10 +0200] "GET /var/m_0/0d/0dd/12455/9114401-g6_SSL_Davos2017_16.jpg HTTP/1.1" 200 117505
82.80.249.204 - - [18/Jun/2019:03:15:10 +0200] "GET /var/m_0/0d/0dd/12455/7230969-37_Pedalo2.jpg HTTP/1.1" 200 107785
82.80.249.164 - - [18/Jun/2019:03:15:11 +0200] "GET /var/m_0/0d/0dd/12455/8883665-sp_dk.jpg HTTP/1.1" 301 617
82.80.249.204 - - [18/Jun/2019:03:15:11 +0200] "GET /var/m_0/0d/0dd/12455/7230969-37_Pedalo2.jpg HTTP/1.1" 301 617
157.55.39.28 - - [18/Jun/2019:03:15:12 +0200] "GET /robots.txt HTTP/1.1" 200 120
157.55.39.28 - - [18/Jun/2019:03:15:13 +0200] "GET /robots.txt HTTP/1.1" 200 120
82.80.249.164 - - [18/Jun/2019:03:15:13 +0200] "GET /var/m_0/0d/0dd/12455/8883665-sp_dk.jpg HTTP/1.1" 200 48853
82.80.249.163 - - [18/Jun/2019:03:15:14 +0200] "GET /var/m_0/0d/0dd/12455/143490-G1_SKT2014_13.JPG HTTP/1.1" 301 617
82.80.249.163 - - [18/Jun/2019:03:15:14 +0200] "GET /var/m_0/0d/0dd/12455/143490-G1_SKT2014_13.JPG HTTP/1.1" 200 178072
82.80.249.163 - - [18/Jun/2019:03:15:30 +0200] "GET /var/m_0/0d/0dd/12455/9114323-G3_SKT2018_08.jpg HTTP/1.1" 301 617
82.80.249.164 - - [18/Jun/2019:03:15:31 +0200] "GET /var/m_0/0d/0dd/12455/9114320-G3_SKT2018_07.jpg HTTP/1.1" 301 617
82.80.249.163 - - [18/Jun/2019:03:15:31 +0200] "GET /var/m_0/0d/0dd/12455/9114323-G3_SKT2018_08.jpg HTTP/1.1" 200 194476
82.80.249.164 - - [18/Jun/2019:03:15:32 +0200] "GET /var/m_0/0d/0dd/12455/9114320-G3_SKT2018_07.jpg HTTP/1.1" 200 180418
82.80.249.164 - - [18/Jun/2019:03:15:36 +0200] "GET /var/m_0/0d/0dd/12455/6564731-G3_SKT2015_57.jpg HTTP/1.1" 301 617
82.80.249.164 - - [18/Jun/2019:03:15:39 +0200] "GET /var/m_0/0d/0dd/12455/9564566-SSL2018_09.w1024.jpg HTTP/1.1" 301 617
82.80.249.133 - - [18/Jun/2019:03:15:40 +0200] "GET /var/m_0/0d/0dd/12455/7230904-G5_Matchracing_01.jpg HTTP/1.1" 301 617
82.80.249.133 - - [18/Jun/2019:03:15:40 +0200] "GET /var/m_0/0d/0dd/12455/7230904-G5_Matchracing_01.jpg HTTP/1.1" 200 64265
82.80.249.164 - - [18/Jun/2019:03:15:40 +0200] "GET /var/m_0/0d/0dd/12455/9564566-SSL2018_09.w1024.jpg HTTP/1.1" 200 156252
82.80.249.143 - - [18/Jun/2019:03:15:41 +0200] "GET /var/m_0/0d/0dd/12455/7230934-G4_Event_SK_02.jpg HTTP/1.1" 301 617
82.80.249.164 - - [18/Jun/2019:03:15:42 +0200] "GET /var/m_0/0d/0dd/12455/6564731-G3_SKT2015_57.jpg HTTP/1.1" 200 84129
82.80.249.143 - - [18/Jun/2019:03:15:43 +0200] "GET /var/m_0/0d/0dd/12455/7230934-G4_Event_SK_02.jpg HTTP/1.1" 200 93553
82.80.249.164 - - [18/Jun/2019:03:15:51 +0200] "GET /var/m_0/0d/0dd/12455/9564542-SSL2018_01.w1024.jpg HTTP/1.1" 301 617
82.80.249.164 - - [18/Jun/2019:03:15:56 +0200] "GET /var/m_0/0d/0dd/12455/9564542-SSL2018_01.w1024.jpg HTTP/1.1" 200 142274
82.80.249.163 - - [18/Jun/2019:03:15:57 +0200] "GET /var/m_0/0d/0dd/12455/126126-43_See.JPG HTTP/1.1" 200 86511
82.80.249.194 - - [18/Jun/2019:03:15:58 +0200] "GET /var/m_0/0d/0dd/12455/143488-G1_SKT2014_11.JPG HTTP/1.1" 301 617
82.80.249.194 - - [18/Jun/2019:03:15:58 +0200] "GET /var/m_0/0d/0dd/12455/143488-G1_SKT2014_11.JPG HTTP/1.1" 200 120429
82.80.249.204 - - [18/Jun/2019:03:16:00 +0200] "GET /var/m_0/0d/0dd/12455/143513-G2_Optikurs2014_08.jpg HTTP/1.1" 301 617
82.80.249.204 - - [18/Jun/2019:03:16:00 +0200] "GET /var/m_0/0d/0dd/12455/143513-G2_Optikurs2014_08.jpg HTTP/1.1" 200 167068
82.80.249.163 - - [18/Jun/2019:03:16:00 +0200] "GET /var/m_0/0d/0dd/12455/8883668-sp_heierling.jpg HTTP/1.1" 200 21582
82.80.249.163 - - [18/Jun/2019:03:16:01 +0200] "GET /var/m_0/0d/0dd/12455/8883668-sp_heierling.jpg HTTP/1.1" 301 617
82.80.249.163 - - [18/Jun/2019:03:16:02 +0200] "GET /var/m_0/0d/0dd/12455/126126-43_See.JPG HTTP/1.1" 301 617
82.80.249.143 - - [18/Jun/2019:03:16:04 +0200] "GET /templates/creator/m_f/fa/fa7/164/assets/mail_icon.png HTTP/1.1" 301 617
82.80.249.143 - - [18/Jun/2019:03:16:09 +0200] "GET /templates/creator/m_f/fa/fa7/164/assets/mail_icon.png HTTP/1.1" 200 3128
82.80.249.164 - - [18/Jun/2019:03:16:21 +0200] "GET /var/m_0/0d/0dd/12455/143505-G1_SKT2014_27.JPG HTTP/1.1" 200 127521
82.80.249.164 - - [18/Jun/2019:03:16:27 +0200] "GET /var/m_0/0d/0dd/12455/143505-G1_SKT2014_27.JPG HTTP/1.1" 301 617
82.80.249.133 - - [18/Jun/2019:03:16:29 +0200] "GET /templates/creator/m_f/fa/fa7/164/assets/tab_l_bottom.png HTTP/1.1" 301 617
82.80.249.133 - - [18/Jun/2019:03:16:29 +0200] "GET /templates/creator/m_f/fa/fa7/164/assets/tab_l_bottom.png HTTP/1.1" 200 1751
82.80.249.143 - - [18/Jun/2019:03:16:43 +0200] "GET /templates/creator/m_f/fa/fa7/164/assets/call-icon.png HTTP/1.1" 301 617
82.80.249.143 - - [18/Jun/2019:03:16:50 +0200] "GET /templates/creator/m_f/fa/fa7/164/assets/call-icon.png HTTP/1.1" 200 3338
82.80.249.155 - - [18/Jun/2019:03:16:55 +0200] "GET /var/m_0/0d/0dd/12455/143488-G1_SKT2014_11.JPG HTTP/1.1" 200 120429
82.80.249.155 - - [18/Jun/2019:03:16:56 +0200] "GET /var/m_0/0d/0dd/12455/143488-G1_SKT2014_11.JPG HTTP/1.1" 301 617
82.80.244.51 - - [18/Jun/2019:03:16:58 +0200] "GET /var/m_0/0d/0dd/12455/6564696-G3_SKT2015_26.jpg HTTP/1.1" 200 113715
82.80.249.164 - - [18/Jun/2019:03:16:59 +0200] "GET /var/m_0/0d/0dd/12455/9564548-SSL2018_03.jpg HTTP/1.1" 200 303734
82.80.244.51 - - [18/Jun/2019:03:16:59 +0200] "GET /var/m_0/0d/0dd/12455/6564696-G3_SKT2015_26.jpg HTTP/1.1" 301 617
82.80.249.164 - - [18/Jun/2019:03:17:00 +0200] "GET /var/m_0/0d/0dd/12455/9564548-SSL2018_03.jpg HTTP/1.1" 301 617
82.80.249.164 - - [18/Jun/2019:03:17:09 +0200] "GET /var/m_0/0d/0dd/12455/6564690-G3_SKT2015_20.jpg HTTP/1.1" 301 617
82.80.249.164 - - [18/Jun/2019:03:17:15 +0200] "GET /var/m_0/0d/0dd/12455/6564690-G3_SKT2015_20.jpg HTTP/1.1" 200 120599
82.80.249.157 - - [18/Jun/2019:03:17:22 +0200] "GET /var/m_0/0d/0dd/12455/143486-G1_SKT2014_10.JPG HTTP/1.1" 301 617
82.80.249.157 - - [18/Jun/2019:03:17:23 +0200] "GET /var/m_0/0d/0dd/12455/143486-G1_SKT2014_10.JPG HTTP/1.1" 200 129005
82.80.249.164 - - [18/Jun/2019:03:17:23 +0200] "GET /var/m_0/0d/0dd/12455/9564503-Corsaire_0010.w1024.JPG HTTP/1.1" 301 617
82.80.249.164 - - [18/Jun/2019:03:17:24 +0200] "GET /var/m_0/0d/0dd/12455/9564503-Corsaire_0010.w1024.JPG HTTP/1.1" 200 125120
82.80.249.155 - - [18/Jun/2019:03:17:30 +0200] "GET /gfx/star-ratings-sprite.png HTTP/1.1" 301 617
82.80.249.133 - - [18/Jun/2019:03:17:33 +0200] "GET /var/m_0/0d/0dd/12455/125485-1_Kinderkurs.JPG HTTP/1.1" 301 617
82.80.249.133 - - [18/Jun/2019:03:17:34 +0200] "GET /var/m_0/0d/0dd/12455/125485-1_Kinderkurs.JPG HTTP/1.1" 200 64975
82.80.249.155 - - [18/Jun/2019:03:17:35 +0200] "GET /gfx/star-ratings-sprite.png HTTP/1.1" 200 6185
82.80.249.227 - - [18/Jun/2019:03:17:43 +0200] "GET /var/m_0/0d/0dd/12455/6564693-G3_SKT2015_23.jpg HTTP/1.1" 301 617
82.80.249.227 - - [18/Jun/2019:03:17:43 +0200] "GET /var/m_0/0d/0dd/12455/6564693-G3_SKT2015_23.jpg HTTP/1.1" 200 129585
82.80.249.133 - - [18/Jun/2019:03:18:00 +0200] "GET /var/m_0/0d/0dd/12455/6564698-G3_SKT2015_27.jpg HTTP/1.1" 301 617
82.80.249.133 - - [18/Jun/2019:03:18:00 +0200] "GET /var/m_0/0d/0dd/12455/6564698-G3_SKT2015_27.jpg HTTP/1.1" 200 164698
82.80.249.152 - - [18/Jun/2019:03:18:09 +0200] "GET /var/m_0/0d/0dd/12455/143483-G1_SKT2014_07.JPG HTTP/1.1" 200 144574
82.80.249.163 - - [18/Jun/2019:03:18:10 +0200] "GET /var/m_0/0d/0dd/12455/9564518-Corsaire_0015.w1024.JPG HTTP/1.1" 301 617
82.80.249.163 - - [18/Jun/2019:03:18:10 +0200] "GET /var/m_0/0d/0dd/12455/9564518-Corsaire_0015.w1024.JPG HTTP/1.1" 200 98031
82.80.249.152 - - [18/Jun/2019:03:18:14 +0200] "GET /var/m_0/0d/0dd/12455/143483-G1_SKT2014_07.JPG HTTP/1.1" 301 617
195.154.122.59 - - [18/Jun/2019:03:38:19 +0200] "GET /css/widgets/concat_widget.min.css?v=7.1.44342 HTTP/1.1" 200 31197
195.154.122.59 - - [18/Jun/2019:03:38:19 +0200] "GET /templates/creator/m_f/fa/fa7/164/css/style.min.css?v=1519138530 HTTP/1.1" 200 908
195.154.122.59 - - [18/Jun/2019:03:38:20 +0200] "GET /js/bundles/front_bundle.min.js?v=7.1.44342 HTTP/1.1" 200 56629
54.36.150.92 - - [18/Jun/2019:03:38:24 +0200] "GET / HTTP/1.1" 200 8220
195.154.122.59 - - [18/Jun/2019:03:38:24 +0200] "GET /templates/creator/m_f/fa/fa7/164/assets/respond.min.js?v=1519138530 HTTP/1.1" 200 2144
195.154.122.59 - - [18/Jun/2019:03:38:24 +0200] "GET /templates/creator/m_f/fa/fa7/164/assets/wp-menu.js?v=1519138530 HTTP/1.1" 200 1189
195.154.122.59 - - [18/Jun/2019:03:38:26 +0200] "GET /css/skeleton.css HTTP/1.1" 200 4100
195.154.122.59 - - [18/Jun/2019:03:38:25 +0200] "GET /templates/creator/m_f/fa/fa7/164/css/main.min.css?v=1519138530 HTTP/1.1" 200 2066
195.154.122.59 - - [18/Jun/2019:03:38:26 +0200] "GET /templates/creator/m_f/fa/fa7/164/assets/slide.js?v=1519138530 HTTP/1.1" 200 710
216.244.66.248 - - [18/Jun/2019:03:39:14 +0200] "GET /robots.txt HTTP/1.1" 301 617
216.244.66.248 - - [18/Jun/2019:03:39:16 +0200] "GET /robots.txt HTTP/1.1" 200 120
216.244.66.248 - - [18/Jun/2019:04:14:23 +0200] "GET /gallery/addfav.php?pid=141&ref=displayimage.php%3Falbum%3Dtopn%26cat%3D0%26pos%3D49 HTTP/1.1" 404 216
216.244.66.248 - - [18/Jun/2019:04:14:23 +0200] "GET /gallery/addfav.php?pid=139&ref=displayimage.php%3Falbum%3Drandom%26cat%3D0%26pos%3D-139 HTTP/1.1" 404 216
216.244.66.248 - - [18/Jun/2019:04:23:35 +0200] "GET /robots.txt HTTP/1.1" 200 120
216.244.66.248 - - [18/Jun/2019:04:23:39 +0200] "GET /robots.txt HTTP/1.1" 301 617
46.229.168.143 - - [18/Jun/2019:04:33:48 +0200] "GET /robots.txt HTTP/1.1" 200 120
46.229.168.162 - - [18/Jun/2019:04:33:53 +0200] "GET /kurse HTTP/1.1" 200 7730
157.55.39.34 - - [18/Jun/2019:04:33:58 +0200] "GET /robots.txt HTTP/1.1" 301 617
157.55.39.34 - - [18/Jun/2019:04:34:03 +0200] "GET /robots.txt HTTP/1.1" 200 120
66.246.224.10 - - [18/Jun/2019:04:36:19 +0200] "GET / HTTP/1.1" 200 8220
66.249.66.156 - - [18/Jun/2019:04:45:35 +0200] "GET /robots.txt HTTP/1.1" 200 120
66.249.66.155 - - [18/Jun/2019:04:45:36 +0200] "GET /templates/resellers/7/favicon.ico?v=1560704037 HTTP/1.1" 200 4286
216.244.66.248 - - [18/Jun/2019:05:08:08 +0200] "GET /robots.txt HTTP/1.1" 200 120
216.244.66.248 - - [18/Jun/2019:05:08:11 +0200] "GET /robots.txt HTTP/1.1" 301 617
157.55.39.243 - - [18/Jun/2019:05:09:19 +0200] "GET /var/m_0/0d/0dd/12455/7230933-G4_Event_SK_01.jpg HTTP/1.1" 200 65954
157.55.39.243 - - [18/Jun/2019:05:09:24 +0200] "GET /var/m_0/0d/0dd/12455/7230935-G4_Event_SK_03.jpg HTTP/1.1" 200 109157
51.38.22.253 - - [18/Jun/2019:05:48:24 +0200] "GET / HTTP/1.1" 301 617
216.244.66.248 - - [18/Jun/2019:05:52:28 +0200] "GET /robots.txt HTTP/1.1" 301 617
216.244.66.248 - - [18/Jun/2019:05:52:31 +0200] "GET /robots.txt HTTP/1.1" 200 120
84.72.5.70 - - [18/Jun/2019:05:58:41 +0200] "GET /kinder-segelkurs HTTP/1.1" 200 5436
84.72.5.70 - - [18/Jun/2019:05:58:41 +0200] "GET /templates/creator/m_f/fa/fa7/164/css/main.min.css?v=1519138530 HTTP/1.1" 200 1622
84.72.5.70 - - [18/Jun/2019:05:58:41 +0200] "GET /templates/creator/m_f/fa/fa7/164/assets/wp-menu.js?v=1519138530 HTTP/1.1" 200 959
84.72.5.70 - - [18/Jun/2019:05:58:46 +0200] "GET /css/widgets/concat_widget.min.css?v=7.1.44342 HTTP/1.1" 200 22418
84.72.5.70 - - [18/Jun/2019:05:58:46 +0200] "GET /css/skeleton.css HTTP/1.1" 200 3291
84.72.5.70 - - [18/Jun/2019:05:58:46 +0200] "GET /templates/creator/m_f/fa/fa7/164/css/style.min.css?v=1519138530 HTTP/1.1" 200 733
84.72.5.70 - - [18/Jun/2019:05:58:46 +0200] "GET /var/m_0/0d/0dd/12455/143352-Header_Segelschule_2.jpg HTTP/1.1" 200 107532
84.72.5.70 - - [18/Jun/2019:05:58:47 +0200] "GET /templates/resellers/7/favicon.ico?v=1560760503 HTTP/1.1" 200 4286
84.72.5.70 - - [18/Jun/2019:05:58:47 +0200] "GET /templates/creator/m_f/fa/fa7/164/assets/slide.js?v=1519138530 HTTP/1.1" 200 585
84.72.5.70 - - [18/Jun/2019:05:58:47 +0200] "GET /templates/creator/m_f/fa/fa7/164/assets/respond.min.js?v=1519138530 HTTP/1.1" 200 1902
84.72.5.70 - - [18/Jun/2019:05:58:47 +0200] "GET /js/bundles/front_bundle.min.js?v=7.1.44342 HTTP/1.1" 200 46180
