82.80.249.157 - - [30/Mar/2020:15:00:06 +0200] "GET /var/m_0/0d/0dd/12455/8883665-sp_dk.jpg HTTP/1.1" 200 48853
82.80.249.163 - - [30/Mar/2020:15:00:11 +0200] "GET /var/m_0/0d/0dd/12455/9114359-g6_SSL_Davos2017_02.jpg HTTP/1.1" 301 706
82.80.249.163 - - [30/Mar/2020:15:00:12 +0200] "GET /var/m_0/0d/0dd/12455/9114359-g6_SSL_Davos2017_02.jpg HTTP/1.1" 200 116715
82.80.244.51 - - [30/Mar/2020:15:00:32 +0200] "GET /gfx/galleryCarousel/views.png HTTP/1.1" 301 705
82.80.244.51 - - [30/Mar/2020:15:00:33 +0200] "GET /gfx/galleryCarousel/views.png HTTP/1.1" 200 187
82.80.249.155 - - [30/Mar/2020:15:00:46 +0200] "GET /var/m_0/0d/0dd/12455/143494-G1_SKT2014_16.JPG HTTP/1.1" 301 705
82.80.249.155 - - [30/Mar/2020:15:00:47 +0200] "GET /var/m_0/0d/0dd/12455/143494-G1_SKT2014_16.JPG HTTP/1.1" 200 110813
82.80.244.51 - - [30/Mar/2020:15:00:48 +0200] "GET /var/m_0/0d/0dd/12455/9114398-g6_SSL_Davos2017_15.jpg HTTP/1.1" 301 706
82.80.244.51 - - [30/Mar/2020:15:00:48 +0200] "GET /var/m_0/0d/0dd/12455/9114398-g6_SSL_Davos2017_15.jpg HTTP/1.1" 200 69417
82.80.249.157 - - [30/Mar/2020:15:00:54 +0200] "GET /var/m_0/0d/0dd/12455/9564518-Corsaire_0015.w1024.JPG HTTP/1.1" 301 705
82.80.249.157 - - [30/Mar/2020:15:00:54 +0200] "GET /var/m_0/0d/0dd/12455/9564518-Corsaire_0015.w1024.JPG HTTP/1.1" 200 98031
82.80.249.143 - - [30/Mar/2020:15:01:01 +0200] "GET /var/m_0/0d/0dd/12455/9564566-SSL2018_09.w1024.jpg HTTP/1.1" 301 706
82.80.249.157 - - [30/Mar/2020:15:01:10 +0200] "GET /var/m_0/0d/0dd/12455/6564729-G3_SKT2015_55.jpg HTTP/1.1" 200 88744
82.80.249.157 - - [30/Mar/2020:15:01:10 +0200] "GET /var/m_0/0d/0dd/12455/6564729-G3_SKT2015_55.jpg HTTP/1.1" 301 705
82.80.249.143 - - [30/Mar/2020:15:01:36 +0200] "GET /var/m_0/0d/0dd/12455/7230942-17_GruppeSK.jpg HTTP/1.1" 301 705
82.80.249.143 - - [30/Mar/2020:15:01:37 +0200] "GET /var/m_0/0d/0dd/12455/7230942-17_GruppeSK.jpg HTTP/1.1" 200 89132
82.80.249.143 - - [30/Mar/2020:15:01:39 +0200] "GET /var/m_0/0d/0dd/12455/143509-G2_Optikurs2014_04.JPG HTTP/1.1" 301 705
82.80.249.143 - - [30/Mar/2020:15:01:39 +0200] "GET /var/m_0/0d/0dd/12455/143509-G2_Optikurs2014_04.JPG HTTP/1.1" 200 86562
82.80.249.155 - - [30/Mar/2020:15:01:41 +0200] "GET /gfx/guestbook/reload-Icon.jpg HTTP/1.1" 301 706
82.80.249.133 - - [30/Mar/2020:15:01:53 +0200] "GET /var/m_0/0d/0dd/12455/9906332-g3_SKT2019_02-45c48.w1024.png HTTP/1.1" 301 705
82.80.249.133 - - [30/Mar/2020:15:01:53 +0200] "GET /var/m_0/0d/0dd/12455/9906332-g3_SKT2019_02-45c48.w1024.png HTTP/1.1" 200 1421822
82.80.249.143 - - [30/Mar/2020:15:02:07 +0200] "GET /var/m_0/0d/0dd/12455/9564566-SSL2018_09.w1024.jpg HTTP/1.1" 200 156252
82.80.249.143 - - [30/Mar/2020:15:02:19 +0200] "GET /gfx/galleryCarousel/ajax-loader.gif HTTP/1.1" 301 706
82.80.249.194 - - [30/Mar/2020:15:02:39 +0200] "GET /var/m_0/0d/0dd/12455/9114374-g6_SSL_Davos2017_07.jpg HTTP/1.1" 301 706
82.80.249.155 - - [30/Mar/2020:15:02:48 +0200] "GET /gfx/guestbook/reload-Icon.jpg HTTP/1.1" 200 1618
82.80.249.194 - - [30/Mar/2020:15:03:45 +0200] "GET /var/m_0/0d/0dd/12455/9906371-g3_SKT2019_14-d3d94.w1024.png HTTP/1.1" 301 706
82.80.249.194 - - [30/Mar/2020:15:03:48 +0200] "GET /var/m_0/0d/0dd/12455/9892838-g7_SSL2019_07-45c48.w1024.JPG HTTP/1.1" 301 706
82.80.249.194 - - [30/Mar/2020:15:03:49 +0200] "GET /var/m_0/0d/0dd/12455/9114374-g6_SSL_Davos2017_07.jpg HTTP/1.1" 200 69687
82.80.249.194 - - [30/Mar/2020:15:04:50 +0200] "GET /var/m_0/0d/0dd/12455/9906371-g3_SKT2019_14-d3d94.w1024.png HTTP/1.1" 200 969859
82.80.249.143 - - [30/Mar/2020:15:04:54 +0200] "GET /var/m_0/0d/0dd/12455/143490-G1_SKT2014_13.JPG HTTP/1.1" 200 178072
82.80.249.194 - - [30/Mar/2020:15:04:54 +0200] "GET /var/m_0/0d/0dd/12455/9892838-g7_SSL2019_07-45c48.w1024.JPG HTTP/1.1" 200 142601
82.80.249.143 - - [30/Mar/2020:15:04:53 +0200] "GET /var/m_0/0d/0dd/12455/143490-G1_SKT2014_13.JPG HTTP/1.1" 301 705
82.80.249.143 - - [30/Mar/2020:15:04:56 +0200] "GET /var/m_0/0d/0dd/12455/6564731-G3_SKT2015_57.jpg HTTP/1.1" 200 84129
82.80.249.133 - - [30/Mar/2020:15:05:04 +0200] "GET /var/m_0/0d/0dd/12455/9892826-g7_SSL2019_03-c20ad.w1024.JPG HTTP/1.1" 301 706
82.80.249.194 - - [30/Mar/2020:15:05:27 +0200] "GET /var/m_0/0d/0dd/12455/9564578-SSL2018_13.w1024.jpg HTTP/1.1" 301 705
82.80.249.194 - - [30/Mar/2020:15:05:27 +0200] "GET /var/m_0/0d/0dd/12455/9564578-SSL2018_13.w1024.jpg HTTP/1.1" 200 142244
82.80.249.143 - - [30/Mar/2020:15:06:01 +0200] "GET /var/m_0/0d/0dd/12455/6564731-G3_SKT2015_57.jpg HTTP/1.1" 301 705
82.80.249.143 - - [30/Mar/2020:15:06:07 +0200] "GET /gfx/guestbook/close.png HTTP/1.1" 200 3102
82.80.249.133 - - [30/Mar/2020:15:06:10 +0200] "GET /var/m_0/0d/0dd/12455/9892826-g7_SSL2019_03-c20ad.w1024.JPG HTTP/1.1" 200 134600
82.80.249.227 - - [30/Mar/2020:15:06:13 +0200] "GET /var/m_0/0d/0dd/12455/9564572-SSL2018_11.jpg HTTP/1.1" 200 166474
82.80.249.152 - - [30/Mar/2020:15:06:27 +0200] "GET /var/m_0/0d/0dd/12455/6564672-G3_SKT2015_05.jpg HTTP/1.1" 301 705
82.80.249.152 - - [30/Mar/2020:15:06:27 +0200] "GET /var/m_0/0d/0dd/12455/6564672-G3_SKT2015_05.jpg HTTP/1.1" 200 207849
82.80.244.51 - - [30/Mar/2020:15:06:32 +0200] "GET /var/m_0/0d/0dd/12455/6564691-G3_SKT2015_21.jpg HTTP/1.1" 301 706
82.80.249.155 - - [30/Mar/2020:15:06:53 +0200] "GET /var/m_0/0d/0dd/12455/9892964-g7_SSL2019_48-c51ce.w1024.JPG HTTP/1.1" 301 706
82.80.249.227 - - [30/Mar/2020:15:06:53 +0200] "GET /var/m_0/0d/0dd/12455/6564704-G3_SKT2015_33.jpg HTTP/1.1" 301 706
82.80.249.227 - - [30/Mar/2020:15:06:53 +0200] "GET /var/m_0/0d/0dd/12455/6564704-G3_SKT2015_33.jpg HTTP/1.1" 200 100941
82.80.249.143 - - [30/Mar/2020:15:07:12 +0200] "GET /gfx/guestbook/close.png HTTP/1.1" 301 705
82.80.249.227 - - [30/Mar/2020:15:07:18 +0200] "GET /var/m_0/0d/0dd/12455/9564572-SSL2018_11.jpg HTTP/1.1" 301 705
82.80.249.143 - - [30/Mar/2020:15:07:24 +0200] "GET /var/m_0/0d/0dd/12455/7230937-G4_Event_SK_05.jpg HTTP/1.1" 301 706
82.80.244.51 - - [30/Mar/2020:15:07:36 +0200] "GET /var/m_0/0d/0dd/12455/9892931-g7_SSL2019_37-e4da3.w1024.JPG HTTP/1.1" 301 706
82.80.244.51 - - [30/Mar/2020:15:07:36 +0200] "GET /var/m_0/0d/0dd/12455/9892931-g7_SSL2019_37-e4da3.w1024.JPG HTTP/1.1" 200 124405
82.80.244.51 - - [30/Mar/2020:15:07:41 +0200] "GET /var/m_0/0d/0dd/12455/6564691-G3_SKT2015_21.jpg HTTP/1.1" 200 121870
82.80.249.157 - - [30/Mar/2020:15:07:53 +0200] "GET /var/m_0/0d/0dd/12455/6564678-G3_SKT2015_10.jpg HTTP/1.1" 301 705
82.80.249.157 - - [30/Mar/2020:15:07:54 +0200] "GET /var/m_0/0d/0dd/12455/6564678-G3_SKT2015_10.jpg HTTP/1.1" 200 138460
82.80.249.155 - - [30/Mar/2020:15:07:59 +0200] "GET /var/m_0/0d/0dd/12455/9892964-g7_SSL2019_48-c51ce.w1024.JPG HTTP/1.1" 200 141031
82.80.249.163 - - [30/Mar/2020:15:08:16 +0200] "GET /gfx/galleryCarousel/light_views.png HTTP/1.1" 200 1020
82.80.249.163 - - [30/Mar/2020:15:08:16 +0200] "GET /gfx/galleryCarousel/light_views.png HTTP/1.1" 301 705
82.80.249.143 - - [30/Mar/2020:15:08:30 +0200] "GET /var/m_0/0d/0dd/12455/7230937-G4_Event_SK_05.jpg HTTP/1.1" 200 81682
82.80.249.152 - - [30/Mar/2020:15:08:44 +0200] "GET /var/m_0/0d/0dd/12455/9906374-g3_SKT2019_15-c20ad.w1024.png HTTP/1.1" 301 705
82.80.249.152 - - [30/Mar/2020:15:08:44 +0200] "GET /var/m_0/0d/0dd/12455/9906374-g3_SKT2019_15-c20ad.w1024.png HTTP/1.1" 200 1012007
82.80.249.155 - - [30/Mar/2020:15:09:23 +0200] "GET /var/m_0/0d/0dd/12455/9564560-SSL2018_07.w1024.jpg HTTP/1.1" 200 126040
82.80.249.155 - - [30/Mar/2020:15:09:23 +0200] "GET /var/m_0/0d/0dd/12455/9564560-SSL2018_07.w1024.jpg HTTP/1.1" 301 705
82.80.249.143 - - [30/Mar/2020:15:09:32 +0200] "GET /var/m_0/0d/0dd/12455/9892985-g7_SSL2019_55-c20ad.w1024.JPG HTTP/1.1" 200 110981
82.80.249.204 - - [30/Mar/2020:15:09:36 +0200] "GET /var/m_0/0d/0dd/12455/6564702-G3_SKT2015_31.jpg HTTP/1.1" 301 706
82.80.249.204 - - [30/Mar/2020:15:09:36 +0200] "GET /var/m_0/0d/0dd/12455/6564702-G3_SKT2015_31.jpg HTTP/1.1" 200 94697
82.80.249.133 - - [30/Mar/2020:15:09:37 +0200] "GET /var/m_0/0d/0dd/12455/143514-G2_Optikurs2014_09.jpg HTTP/1.1" 200 152348
82.80.249.163 - - [30/Mar/2020:15:09:40 +0200] "GET /var/m_0/0d/0dd/12455/9906338-g3_SKT2019_04-aab32.w1024.png HTTP/1.1" 301 706
82.80.244.51 - - [30/Mar/2020:15:09:40 +0200] "GET /var/m_0/0d/0dd/12455/143510-G2_Optikurs2014_05.jpg HTTP/1.1" 200 105692
82.80.244.51 - - [30/Mar/2020:15:09:40 +0200] "GET /var/m_0/0d/0dd/12455/143510-G2_Optikurs2014_05.jpg HTTP/1.1" 301 705
82.80.249.143 - - [30/Mar/2020:15:09:42 +0200] "GET /var/m_0/0d/0dd/12455/9892940-g7_SSL2019_40-e4da3.w1024.JPG HTTP/1.1" 301 705
82.80.249.143 - - [30/Mar/2020:15:09:42 +0200] "GET /var/m_0/0d/0dd/12455/9892940-g7_SSL2019_40-e4da3.w1024.JPG HTTP/1.1" 200 156802
82.80.249.163 - - [30/Mar/2020:15:10:26 +0200] "GET /var/m_0/0d/0dd/12455/9564593-SSL2018_18.w1024.jpg HTTP/1.1" 301 706
82.80.249.143 - - [30/Mar/2020:15:10:37 +0200] "GET /var/m_0/0d/0dd/12455/9892985-g7_SSL2019_55-c20ad.w1024.JPG HTTP/1.1" 301 705
82.80.249.133 - - [30/Mar/2020:15:10:42 +0200] "GET /var/m_0/0d/0dd/12455/143514-G2_Optikurs2014_09.jpg HTTP/1.1" 301 705
82.80.249.163 - - [30/Mar/2020:15:10:46 +0200] "GET /var/m_0/0d/0dd/12455/9906338-g3_SKT2019_04-aab32.w1024.png HTTP/1.1" 200 1169986
82.80.249.133 - - [30/Mar/2020:15:10:50 +0200] "GET /var/m_0/0d/0dd/12455/9777077-FB2019_05_Gy-c20ad.w1024.jpg HTTP/1.1" 200 158843
82.80.249.155 - - [30/Mar/2020:15:11:12 +0200] "GET /var/m_0/0d/0dd/12455/7441141-37_Pedalo.jpg HTTP/1.1" 200 195132
82.80.249.155 - - [30/Mar/2020:15:11:12 +0200] "GET /var/m_0/0d/0dd/12455/7441141-37_Pedalo.jpg HTTP/1.1" 301 705
82.80.249.152 - - [30/Mar/2020:15:11:31 +0200] "GET /var/m_0/0d/0dd/12455/6564727-G3_SKT2015_54.jpg HTTP/1.1" 301 706
82.80.249.163 - - [30/Mar/2020:15:11:32 +0200] "GET /var/m_0/0d/0dd/12455/9564593-SSL2018_18.w1024.jpg HTTP/1.1" 200 146553
82.80.249.164 - - [30/Mar/2020:15:11:37 +0200] "GET /var/m_0/0d/0dd/12455/8883620-logo_homepage_bootspruefung24_big.png HTTP/1.1" 301 705
82.80.249.164 - - [30/Mar/2020:15:11:37 +0200] "GET /var/m_0/0d/0dd/12455/8883620-logo_homepage_bootspruefung24_big.png HTTP/1.1" 200 7633
82.80.249.157 - - [30/Mar/2020:15:11:43 +0200] "GET /var/m_0/0d/0dd/12455/6564712-G3_SKT2015_40.jpg HTTP/1.1" 301 706
82.80.249.133 - - [30/Mar/2020:15:11:56 +0200] "GET /var/m_0/0d/0dd/12455/9777077-FB2019_05_Gy-c20ad.w1024.jpg HTTP/1.1" 301 705
82.80.249.164 - - [30/Mar/2020:15:12:01 +0200] "GET /var/m_0/0d/0dd/12455/9892850-g7_SSL2019_11-16790.w1024.JPG HTTP/1.1" 301 705
82.80.249.164 - - [30/Mar/2020:15:12:01 +0200] "GET /var/m_0/0d/0dd/12455/9892850-g7_SSL2019_11-16790.w1024.JPG HTTP/1.1" 200 122430
82.80.249.163 - - [30/Mar/2020:15:12:13 +0200] "GET /var/m_0/0d/0dd/12455/9906362-g3_SKT2019_11-6512b.w1024.png HTTP/1.1" 301 705
82.80.249.163 - - [30/Mar/2020:15:12:14 +0200] "GET /var/m_0/0d/0dd/12455/9906362-g3_SKT2019_11-6512b.w1024.png HTTP/1.1" 200 1023860
40.77.167.114 - - [30/Mar/2020:15:12:18 +0200] "GET /var/m_0/0d/0dd/12455/143524-G2_Optikurs2014_18.JPG HTTP/1.1" 200 73497
82.80.249.152 - - [30/Mar/2020:15:12:37 +0200] "GET /var/m_0/0d/0dd/12455/6564727-G3_SKT2015_54.jpg HTTP/1.1" 200 105601
82.80.249.163 - - [30/Mar/2020:15:12:44 +0200] "GET /gfx/search/yandex-search-logo.png HTTP/1.1" 301 706
82.80.249.163 - - [30/Mar/2020:15:12:44 +0200] "GET /gfx/search/yandex-search-logo.png HTTP/1.1" 200 3427
82.80.249.143 - - [30/Mar/2020:15:12:47 +0200] "GET /var/m_0/0d/0dd/12455/143501-G1_SKT2014_23.JPG HTTP/1.1" 200 144811
82.80.249.157 - - [30/Mar/2020:15:12:49 +0200] "GET /var/m_0/0d/0dd/12455/6564712-G3_SKT2015_40.jpg HTTP/1.1" 200 86307
82.80.249.227 - - [30/Mar/2020:15:13:07 +0200] "GET /gfx/fancybox_loading.gif HTTP/1.1" 200 4270
82.80.249.155 - - [30/Mar/2020:15:13:16 +0200] "GET /var/m_0/0d/0dd/12455/6564699-G3_SKT2015_28.jpg HTTP/1.1" 301 705
82.80.249.155 - - [30/Mar/2020:15:13:16 +0200] "GET /var/m_0/0d/0dd/12455/6564699-G3_SKT2015_28.jpg HTTP/1.1" 200 120507
82.80.249.163 - - [30/Mar/2020:15:13:27 +0200] "GET /var/m_0/0d/0dd/12455/9564539-Corsaire_0022.w1024.JPG HTTP/1.1" 301 705
82.80.249.163 - - [30/Mar/2020:15:13:27 +0200] "GET /var/m_0/0d/0dd/12455/9564539-Corsaire_0022.w1024.JPG HTTP/1.1" 200 145179
82.80.249.164 - - [30/Mar/2020:15:13:29 +0200] "GET /gfx/galleryCarousel/nav_thumbs.png HTTP/1.1" 301 705
82.80.249.164 - - [30/Mar/2020:15:13:30 +0200] "GET /gfx/galleryCarousel/nav_thumbs.png HTTP/1.1" 200 625
82.80.249.157 - - [30/Mar/2020:15:13:44 +0200] "GET /var/m_0/0d/0dd/12455/9564491-Corsaire_0006.w1024.JPG HTTP/1.1" 301 706
82.80.249.143 - - [30/Mar/2020:15:13:52 +0200] "GET /var/m_0/0d/0dd/12455/143501-G1_SKT2014_23.JPG HTTP/1.1" 301 705
82.80.249.227 - - [30/Mar/2020:15:14:13 +0200] "GET /gfx/fancybox_loading.gif HTTP/1.1" 301 705
82.80.249.194 - - [30/Mar/2020:15:14:15 +0200] "GET /var/m_0/0d/0dd/12455/9114302-G3_SKT2018_01.jpg HTTP/1.1" 301 706
82.80.249.133 - - [30/Mar/2020:15:14:15 +0200] "GET /var/m_0/0d/0dd/12455/9892829-g7_SSL2019_04-9bf31.w1024.JPG HTTP/1.1" 200 109954
82.80.249.164 - - [30/Mar/2020:15:14:17 +0200] "GET /var/m_0/0d/0dd/12455/9114362-g6_SSL_Davos2017_03.jpg HTTP/1.1" 200 78676
82.80.249.133 - - [30/Mar/2020:15:14:36 +0200] "GET /var/m_0/0d/0dd/12455/6564706-G3_SKT2015_35.jpg HTTP/1.1" 301 706
82.80.249.164 - - [30/Mar/2020:15:14:38 +0200] "GET /var/m_0/0d/0dd/12455/9777086-FB2019_08_Jo-6512b.w1024.jpg HTTP/1.1" 301 706
82.80.249.157 - - [30/Mar/2020:15:14:50 +0200] "GET /var/m_0/0d/0dd/12455/9564491-Corsaire_0006.w1024.JPG HTTP/1.1" 200 141632
82.80.249.152 - - [30/Mar/2020:15:15:02 +0200] "GET /var/m_0/0d/0dd/12455/9114341-G3_SKT2018_14.jpg HTTP/1.1" 301 706
82.80.249.227 - - [30/Mar/2020:15:15:04 +0200] "GET /var/m_0/0d/0dd/12455/9892988-g7_SSL2019_56-6512b.w1024.JPG HTTP/1.1" 200 125549
82.80.249.227 - - [30/Mar/2020:15:15:04 +0200] "GET /var/m_0/0d/0dd/12455/9892988-g7_SSL2019_56-6512b.w1024.JPG HTTP/1.1" 301 705
82.80.249.133 - - [30/Mar/2020:15:15:05 +0200] "GET /var/m_0/0d/0dd/12455/9564584-SSL2018_15.w1024.jpg HTTP/1.1" 301 706
82.80.249.194 - - [30/Mar/2020:15:15:21 +0200] "GET /var/m_0/0d/0dd/12455/9114302-G3_SKT2018_01.jpg HTTP/1.1" 200 114489
82.80.249.133 - - [30/Mar/2020:15:15:21 +0200] "GET /var/m_0/0d/0dd/12455/9892829-g7_SSL2019_04-9bf31.w1024.JPG HTTP/1.1" 301 705
82.80.249.164 - - [30/Mar/2020:15:15:22 +0200] "GET /var/m_0/0d/0dd/12455/9114362-g6_SSL_Davos2017_03.jpg HTTP/1.1" 301 705
82.80.249.157 - - [30/Mar/2020:15:15:38 +0200] "GET /var/m_0/0d/0dd/12455/9777137-Stege2019-c51ce.w1024.jpg HTTP/1.1" 301 705
82.80.249.157 - - [30/Mar/2020:15:15:39 +0200] "GET /var/m_0/0d/0dd/12455/9777137-Stege2019-c51ce.w1024.jpg HTTP/1.1" 200 117474
82.80.249.133 - - [30/Mar/2020:15:15:41 +0200] "GET /var/m_0/0d/0dd/12455/6564706-G3_SKT2015_35.jpg HTTP/1.1" 200 92136
82.80.249.164 - - [30/Mar/2020:15:15:43 +0200] "GET /var/m_0/0d/0dd/12455/9777086-FB2019_08_Jo-6512b.w1024.jpg HTTP/1.1" 200 153952
82.80.249.155 - - [30/Mar/2020:15:15:49 +0200] "GET /var/m_0/0d/0dd/12455/9906359-g3_SKT2019_10-9bf31.w1024.png HTTP/1.1" 301 705
82.80.249.155 - - [30/Mar/2020:15:15:49 +0200] "GET /var/m_0/0d/0dd/12455/9906359-g3_SKT2019_10-9bf31.w1024.png HTTP/1.1" 200 1240262
82.80.249.155 - - [30/Mar/2020:15:15:53 +0200] "GET /var/m_0/0d/0dd/12455/7230909-G5_Matchracing_06.jpg HTTP/1.1" 301 705
82.80.249.155 - - [30/Mar/2020:15:15:54 +0200] "GET /var/m_0/0d/0dd/12455/7230909-G5_Matchracing_06.jpg HTTP/1.1" 200 60985
82.80.249.152 - - [30/Mar/2020:15:16:08 +0200] "GET /var/m_0/0d/0dd/12455/9114341-G3_SKT2018_14.jpg HTTP/1.1" 200 132760
82.80.249.133 - - [30/Mar/2020:15:16:11 +0200] "GET /var/m_0/0d/0dd/12455/9564584-SSL2018_15.w1024.jpg HTTP/1.1" 200 201684
82.80.249.227 - - [30/Mar/2020:15:16:12 +0200] "GET /var/m_0/0d/0dd/12455/9777092-FB2019_10_Jo-9bf31.w1024.jpg HTTP/1.1" 301 706
82.80.249.227 - - [30/Mar/2020:15:16:44 +0200] "GET /var/m_0/0d/0dd/12455/9114320-G3_SKT2018_07.jpg HTTP/1.1" 301 706
82.80.249.133 - - [30/Mar/2020:15:16:59 +0200] "GET /var/m_0/0d/0dd/12455/9564503-Corsaire_0010.w1024.JPG HTTP/1.1" 301 705
82.80.249.133 - - [30/Mar/2020:15:16:59 +0200] "GET /var/m_0/0d/0dd/12455/9564503-Corsaire_0010.w1024.JPG HTTP/1.1" 200 125120
82.80.249.143 - - [30/Mar/2020:15:17:11 +0200] "GET /var/m_0/0d/0dd/12455/143516-G2_Optikurs2014_11.jpg HTTP/1.1" 301 705
82.80.249.143 - - [30/Mar/2020:15:17:11 +0200] "GET /var/m_0/0d/0dd/12455/143516-G2_Optikurs2014_11.jpg HTTP/1.1" 200 127495
82.80.249.227 - - [30/Mar/2020:15:17:18 +0200] "GET /var/m_0/0d/0dd/12455/9777092-FB2019_10_Jo-9bf31.w1024.jpg HTTP/1.1" 200 79115
82.80.249.133 - - [30/Mar/2020:15:17:37 +0200] "GET /var/m_0/0d/0dd/12455/125498-31_Sprinto.JPG HTTP/1.1" 301 705
82.80.249.133 - - [30/Mar/2020:15:17:37 +0200] "GET /var/m_0/0d/0dd/12455/125498-31_Sprinto.JPG HTTP/1.1" 200 60889
82.80.249.204 - - [30/Mar/2020:15:17:39 +0200] "GET /var/m_0/0d/0dd/12455/9892859-g7_SSL2019_14-45c48.w1024.JPG HTTP/1.1" 301 705
82.80.249.204 - - [30/Mar/2020:15:17:39 +0200] "GET /var/m_0/0d/0dd/12455/9892859-g7_SSL2019_14-45c48.w1024.JPG HTTP/1.1" 200 136628
82.80.249.157 - - [30/Mar/2020:15:17:48 +0200] "GET /var/m_0/0d/0dd/12455/9777083-FB2019_07_Jo-6512b.w1024.jpg HTTP/1.1" 200 125371
82.80.249.163 - - [30/Mar/2020:15:17:49 +0200] "GET /var/m_0/0d/0dd/12455/9564551-SSL2018_04.w1024.jpg HTTP/1.1" 301 705
82.80.249.227 - - [30/Mar/2020:15:17:50 +0200] "GET /var/m_0/0d/0dd/12455/9114320-G3_SKT2018_07.jpg HTTP/1.1" 200 180418
82.80.249.163 - - [30/Mar/2020:15:17:50 +0200] "GET /var/m_0/0d/0dd/12455/9564551-SSL2018_04.w1024.jpg HTTP/1.1" 200 119192
82.80.249.157 - - [30/Mar/2020:15:18:08 +0200] "GET /var/m_0/0d/0dd/12455/143351-Header_Segelschule.jpg HTTP/1.1" 200 107532
82.80.249.164 - - [30/Mar/2020:15:18:10 +0200] "GET /var/m_0/0d/0dd/12455/9892937-g7_SSL2019_39-e4da3.w1024.JPG HTTP/1.1" 301 706
82.80.249.164 - - [30/Mar/2020:15:18:10 +0200] "GET /var/m_0/0d/0dd/12455/9892937-g7_SSL2019_39-e4da3.w1024.JPG HTTP/1.1" 200 144013
82.80.249.143 - - [30/Mar/2020:15:18:32 +0200] "GET /var/m_0/0d/0dd/12455/9906398-g3_SKT2019_23-c51ce.w1024.png HTTP/1.1" 301 706
82.80.249.157 - - [30/Mar/2020:15:18:54 +0200] "GET /var/m_0/0d/0dd/12455/9777083-FB2019_07_Jo-6512b.w1024.jpg HTTP/1.1" 301 705
82.80.249.164 - - [30/Mar/2020:15:19:04 +0200] "GET /var/m_0/0d/0dd/12455/6564681-G3_SKT2015_12.jpg HTTP/1.1" 200 148086
82.80.249.157 - - [30/Mar/2020:15:19:13 +0200] "GET /var/m_0/0d/0dd/12455/143351-Header_Segelschule.jpg HTTP/1.1" 301 705
82.80.249.227 - - [30/Mar/2020:15:19:18 +0200] "GET /var/m_0/0d/0dd/12455/7230969-37_Pedalo2.jpg HTTP/1.1" 301 706
82.80.249.164 - - [30/Mar/2020:15:19:27 +0200] "GET /var/m_0/0d/0dd/12455/9892835-g7_SSL2019_06-aab32.JPG HTTP/1.1" 301 706
82.80.249.227 - - [30/Mar/2020:15:19:37 +0200] "GET /var/m_0/0d/0dd/12455/9892928-g7_SSL2019_36-c9f0f.w1024.JPG HTTP/1.1" 301 705
82.80.249.227 - - [30/Mar/2020:15:19:38 +0200] "GET /var/m_0/0d/0dd/12455/9892928-g7_SSL2019_36-c9f0f.w1024.JPG HTTP/1.1" 200 110827
82.80.249.143 - - [30/Mar/2020:15:19:38 +0200] "GET /var/m_0/0d/0dd/12455/9906398-g3_SKT2019_23-c51ce.w1024.png HTTP/1.1" 200 986294
66.249.66.155 - - [30/Mar/2020:15:19:47 +0200] "GET /var/m_0/0d/0dd/12455/8883668-sp_heierling.jpg HTTP/1.1" 304 0
82.80.249.164 - - [30/Mar/2020:15:20:10 +0200] "GET /var/m_0/0d/0dd/12455/6564681-G3_SKT2015_12.jpg HTTP/1.1" 301 705
82.80.249.164 - - [30/Mar/2020:15:20:12 +0200] "GET /templates/creator/m_f/fa/fa7/164/assets/bt_open.png HTTP/1.1" 301 706
82.80.249.204 - - [30/Mar/2020:15:20:13 +0200] "GET /var/m_0/0d/0dd/12455/7230910-G5_Matchracing_07.jpg HTTP/1.1" 301 706
82.80.249.204 - - [30/Mar/2020:15:20:14 +0200] "GET /var/m_0/0d/0dd/12455/7230910-G5_Matchracing_07.jpg HTTP/1.1" 200 85482
82.80.249.194 - - [30/Mar/2020:15:20:17 +0200] "GET /var/m_0/0d/0dd/12455/6564668-G3_SKT2015_02.jpg HTTP/1.1" 301 706
82.80.249.194 - - [30/Mar/2020:15:20:17 +0200] "GET /var/m_0/0d/0dd/12455/6564668-G3_SKT2015_02.jpg HTTP/1.1" 200 142536
82.80.249.227 - - [30/Mar/2020:15:20:24 +0200] "GET /var/m_0/0d/0dd/12455/7230969-37_Pedalo2.jpg HTTP/1.1" 200 107785
82.80.249.164 - - [30/Mar/2020:15:20:33 +0200] "GET /var/m_0/0d/0dd/12455/9892835-g7_SSL2019_06-aab32.JPG HTTP/1.1" 200 246658
82.80.249.194 - - [30/Mar/2020:15:20:43 +0200] "GET /var/m_0/0d/0dd/12455/9892976-g7_SSL2019_52-aab32.w1024.JPG HTTP/1.1" 301 705
82.80.249.194 - - [30/Mar/2020:15:20:44 +0200] "GET /var/m_0/0d/0dd/12455/9892976-g7_SSL2019_52-aab32.w1024.JPG HTTP/1.1" 200 119738
82.80.249.143 - - [30/Mar/2020:15:20:46 +0200] "GET /var/m_0/0d/0dd/12455/126374-6_Schnupperkurs.JPG HTTP/1.1" 301 705
82.80.249.143 - - [30/Mar/2020:15:20:46 +0200] "GET /var/m_0/0d/0dd/12455/126374-6_Schnupperkurs.JPG HTTP/1.1" 200 53584
82.80.249.227 - - [30/Mar/2020:15:21:08 +0200] "GET /var/m_0/0d/0dd/12455/143485-G1_SKT2014_09.JPG HTTP/1.1" 301 706
82.80.249.227 - - [30/Mar/2020:15:21:08 +0200] "GET /var/m_0/0d/0dd/12455/143485-G1_SKT2014_09.JPG HTTP/1.1" 200 117355
82.80.249.152 - - [30/Mar/2020:15:21:11 +0200] "GET /var/m_0/0d/0dd/12455/9892820-g7_SSL2019_01-d3d94.w1024.JPG HTTP/1.1" 200 125371
82.80.249.164 - - [30/Mar/2020:15:21:18 +0200] "GET /templates/creator/m_f/fa/fa7/164/assets/bt_open.png HTTP/1.1" 200 2044
82.80.249.143 - - [30/Mar/2020:15:22:05 +0200] "GET /var/m_0/0d/0dd/12455/9906377-g3_SKT2019_16-e4da3.w1024.png HTTP/1.1" 301 705
82.80.249.143 - - [30/Mar/2020:15:22:05 +0200] "GET /var/m_0/0d/0dd/12455/9906377-g3_SKT2019_16-e4da3.w1024.png HTTP/1.1" 200 1124486
82.80.249.152 - - [30/Mar/2020:15:22:16 +0200] "GET /var/m_0/0d/0dd/12455/9892820-g7_SSL2019_01-d3d94.w1024.JPG HTTP/1.1" 301 705
82.80.249.164 - - [30/Mar/2020:15:22:41 +0200] "GET /var/m_0/0d/0dd/12455/143496-G1_SKT2014_18.JPG HTTP/1.1" 301 705
82.80.249.164 - - [30/Mar/2020:15:22:41 +0200] "GET /var/m_0/0d/0dd/12455/143496-G1_SKT2014_18.JPG HTTP/1.1" 200 172278
82.80.249.204 - - [30/Mar/2020:15:22:43 +0200] "GET /var/m_0/0d/0dd/12455/9892868-g7_SSL2019_17-c51ce.w1024.JPG HTTP/1.1" 301 705
82.80.249.204 - - [30/Mar/2020:15:22:44 +0200] "GET /var/m_0/0d/0dd/12455/9892868-g7_SSL2019_17-c51ce.w1024.JPG HTTP/1.1" 200 142232
82.80.249.164 - - [30/Mar/2020:15:22:45 +0200] "GET /var/m_0/0d/0dd/12455/9892982-g7_SSL2019_54-d3d94.w1024.JPG HTTP/1.1" 301 706
82.80.249.133 - - [30/Mar/2020:15:23:22 +0200] "GET /var/m_0/0d/0dd/12455/9564500-Corsaire_0009.w1024.JPG HTTP/1.1" 200 150183
82.80.249.157 - - [30/Mar/2020:15:23:48 +0200] "GET /var/m_0/0d/0dd/12455/9777104-FB2019_14_Lu-8f14e.w1024.jpg HTTP/1.1" 301 705
82.80.249.157 - - [30/Mar/2020:15:23:49 +0200] "GET /var/m_0/0d/0dd/12455/9777104-FB2019_14_Lu-8f14e.w1024.jpg HTTP/1.1" 200 147373
82.80.249.164 - - [30/Mar/2020:15:23:51 +0200] "GET /var/m_0/0d/0dd/12455/9892982-g7_SSL2019_54-d3d94.w1024.JPG HTTP/1.1" 200 101901
82.80.249.204 - - [30/Mar/2020:15:24:10 +0200] "GET /var/m_0/0d/0dd/12455/143508-G2_Optikurs2014_03.JPG HTTP/1.1" 301 705
82.80.249.204 - - [30/Mar/2020:15:24:10 +0200] "GET /var/m_0/0d/0dd/12455/143508-G2_Optikurs2014_03.JPG HTTP/1.1" 200 116444
66.249.66.130 - - [30/Mar/2020:15:24:15 +0200] "GET /robots.txt HTTP/1.1" 200 120
66.249.66.132 - - [30/Mar/2020:15:24:22 +0200] "GET /var/m_0/0d/0dd/12455/9114401-g6_SSL_Davos2017_16.jpg HTTP/1.1" 304 0
82.80.249.133 - - [30/Mar/2020:15:24:25 +0200] "GET /var/m_0/0d/0dd/12455/9564536-Corsaire_0021.w1024.JPG HTTP/1.1" 200 143037
82.80.249.194 - - [30/Mar/2020:15:24:26 +0200] "GET /gfx/files/empty.png HTTP/1.1" 200 2983
82.80.249.194 - - [30/Mar/2020:15:24:26 +0200] "GET /gfx/files/empty.png HTTP/1.1" 301 705
82.80.249.133 - - [30/Mar/2020:15:24:27 +0200] "GET /var/m_0/0d/0dd/12455/9564500-Corsaire_0009.w1024.JPG HTTP/1.1" 301 705
82.80.249.164 - - [30/Mar/2020:15:24:29 +0200] "GET /var/m_0/0d/0dd/12455/9892991-g7_SSL2019_57-c51ce.w1024.JPG HTTP/1.1" 301 705
82.80.249.164 - - [30/Mar/2020:15:24:29 +0200] "GET /var/m_0/0d/0dd/12455/9892991-g7_SSL2019_57-c51ce.w1024.JPG HTTP/1.1" 200 153921
82.80.249.155 - - [30/Mar/2020:15:24:31 +0200] "GET /var/m_0/0d/0dd/12455/9892961-g7_SSL2019_47-8f14e.w1024.JPG HTTP/1.1" 301 705
82.80.249.155 - - [30/Mar/2020:15:24:31 +0200] "GET /var/m_0/0d/0dd/12455/9892961-g7_SSL2019_47-8f14e.w1024.JPG HTTP/1.1" 200 134264
82.80.249.143 - - [30/Mar/2020:15:24:50 +0200] "GET /var/m_0/0d/0dd/12455/143520-G2_Optikurs2014_15.JPG HTTP/1.1" 200 71469
82.80.249.164 - - [30/Mar/2020:15:24:59 +0200] "GET /var/m_0/0d/0dd/12455/143513-G2_Optikurs2014_08.jpg HTTP/1.1" 200 167068
82.80.249.164 - - [30/Mar/2020:15:24:59 +0200] "GET /var/m_0/0d/0dd/12455/143513-G2_Optikurs2014_08.jpg HTTP/1.1" 301 705
82.80.249.143 - - [30/Mar/2020:15:25:18 +0200] "GET /var/m_0/0d/0dd/12455/9777101-FB2019_13_Jo-45c48.w1024.jpg HTTP/1.1" 301 705
82.80.249.143 - - [30/Mar/2020:15:25:18 +0200] "GET /var/m_0/0d/0dd/12455/9777101-FB2019_13_Jo-45c48.w1024.jpg HTTP/1.1" 200 120546
82.80.249.133 - - [30/Mar/2020:15:25:31 +0200] "GET /var/m_0/0d/0dd/12455/9564536-Corsaire_0021.w1024.JPG HTTP/1.1" 301 705
82.80.249.194 - - [30/Mar/2020:15:25:32 +0200] "GET /var/m_0/0d/0dd/12455/7230912-G5_Matchracing_09.jpg HTTP/1.1" 301 706
82.80.249.143 - - [30/Mar/2020:15:25:53 +0200] "GET /templates/creator/m_f/fa/fa7/164/assets/google_maps_icon.png HTTP/1.1" 301 706
82.80.249.143 - - [30/Mar/2020:15:25:55 +0200] "GET /var/m_0/0d/0dd/12455/143520-G2_Optikurs2014_15.JPG HTTP/1.1" 301 705
82.80.249.152 - - [30/Mar/2020:15:26:03 +0200] "GET /var/m_0/0d/0dd/12455/9114377-g6_SSL_Davos2017_08.jpg HTTP/1.1" 200 93681
82.80.249.227 - - [30/Mar/2020:15:26:09 +0200] "GET /var/m_0/0d/0dd/12455/9906368-g3_SKT2019_13-8f14e.w1024.png HTTP/1.1" 301 705
82.80.249.227 - - [30/Mar/2020:15:26:10 +0200] "GET /var/m_0/0d/0dd/12455/9906368-g3_SKT2019_13-8f14e.w1024.png HTTP/1.1" 200 1030777
82.80.249.133 - - [30/Mar/2020:15:26:11 +0200] "GET /var/m_0/0d/0dd/12455/9564581-SSL2018_14.w1024.jpg HTTP/1.1" 200 148615
82.80.249.194 - - [30/Mar/2020:15:26:38 +0200] "GET /var/m_0/0d/0dd/12455/7230912-G5_Matchracing_09.jpg HTTP/1.1" 200 72435
82.80.249.164 - - [30/Mar/2020:15:26:51 +0200] "GET /var/m_0/0d/0dd/12455/125489-5_Pr%C3%BCfungskurs.JPG HTTP/1.1" 200 53669
82.80.249.164 - - [30/Mar/2020:15:26:51 +0200] "GET /var/m_0/0d/0dd/12455/125489-5_Pr%C3%BCfungskurs.JPG HTTP/1.1" 301 705
82.80.249.194 - - [30/Mar/2020:15:26:53 +0200] "GET /gfx/files/rar.png HTTP/1.1" 301 705
82.80.249.194 - - [30/Mar/2020:15:26:53 +0200] "GET /gfx/files/rar.png HTTP/1.1" 200 3897
82.80.249.143 - - [30/Mar/2020:15:26:59 +0200] "GET /templates/creator/m_f/fa/fa7/164/assets/google_maps_icon.png HTTP/1.1" 200 2900
82.80.249.155 - - [30/Mar/2020:15:27:01 +0200] "GET /var/m_0/0d/0dd/12455/9564533-Corsaire_0020.w1024.JPG HTTP/1.1" 301 706
82.80.249.143 - - [30/Mar/2020:15:27:06 +0200] "GET /var/m_0/0d/0dd/12455/9564575-SSL2018_12.jpg HTTP/1.1" 200 285833
82.80.249.143 - - [30/Mar/2020:15:27:06 +0200] "GET /var/m_0/0d/0dd/12455/9564575-SSL2018_12.jpg HTTP/1.1" 301 705
82.80.249.152 - - [30/Mar/2020:15:27:08 +0200] "GET /var/m_0/0d/0dd/12455/9114377-g6_SSL_Davos2017_08.jpg HTTP/1.1" 301 705
82.80.249.194 - - [30/Mar/2020:15:27:11 +0200] "GET /var/m_0/0d/0dd/12455/143522-G2_Optikurs2014_17.JPG HTTP/1.1" 200 71952
82.80.249.164 - - [30/Mar/2020:15:27:11 +0200] "GET /var/m_0/0d/0dd/12455/143479-G1_SKT2014_03.JPG HTTP/1.1" 301 706
82.80.249.152 - - [30/Mar/2020:15:27:13 +0200] "GET /var/m_0/0d/0dd/12455/6564683-G3_SKT2015_14.jpg HTTP/1.1" 301 706
82.80.249.133 - - [30/Mar/2020:15:27:16 +0200] "GET /var/m_0/0d/0dd/12455/9564581-SSL2018_14.w1024.jpg HTTP/1.1" 301 705
82.80.249.143 - - [30/Mar/2020:15:27:39 +0200] "GET /templates/creator/m_f/fa/fa7/164/assets/tab_b_bottom.png HTTP/1.1" 301 705
82.80.249.143 - - [30/Mar/2020:15:27:40 +0200] "GET /templates/creator/m_f/fa/fa7/164/assets/tab_b_bottom.png HTTP/1.1" 200 962
82.80.249.164 - - [30/Mar/2020:15:27:45 +0200] "GET /var/m_0/0d/0dd/12455/143525-G2_Optikurs2014_19.JPG HTTP/1.1" 200 68664
82.80.249.164 - - [30/Mar/2020:15:27:56 +0200] "GET /var/m_0/0d/0dd/12455/9564542-SSL2018_01.w1024.jpg HTTP/1.1" 301 706
82.80.249.155 - - [30/Mar/2020:15:28:06 +0200] "GET /var/m_0/0d/0dd/12455/9564533-Corsaire_0020.w1024.JPG HTTP/1.1" 200 143580
82.80.249.163 - - [30/Mar/2020:15:28:11 +0200] "GET /gfx/guestbook/pagination.png HTTP/1.1" 200 384
82.80.249.133 - - [30/Mar/2020:15:28:15 +0200] "GET /gfx/star-ratings-sprite.png HTTP/1.1" 301 705
82.80.249.133 - - [30/Mar/2020:15:28:16 +0200] "GET /gfx/star-ratings-sprite.png HTTP/1.1" 200 6185
82.80.249.194 - - [30/Mar/2020:15:28:17 +0200] "GET /var/m_0/0d/0dd/12455/143522-G2_Optikurs2014_17.JPG HTTP/1.1" 301 705
82.80.249.164 - - [30/Mar/2020:15:28:17 +0200] "GET /var/m_0/0d/0dd/12455/143479-G1_SKT2014_03.JPG HTTP/1.1" 200 139406
82.80.249.152 - - [30/Mar/2020:15:28:19 +0200] "GET /var/m_0/0d/0dd/12455/6564683-G3_SKT2015_14.jpg HTTP/1.1" 200 195006
82.80.249.164 - - [30/Mar/2020:15:28:50 +0200] "GET /var/m_0/0d/0dd/12455/143525-G2_Optikurs2014_19.JPG HTTP/1.1" 301 705
82.80.249.163 - - [30/Mar/2020:15:28:57 +0200] "GET /gfx/BG.png HTTP/1.1" 301 705
82.80.249.163 - - [30/Mar/2020:15:28:58 +0200] "GET /gfx/BG.png HTTP/1.1" 200 2844
82.80.249.164 - - [30/Mar/2020:15:29:02 +0200] "GET /var/m_0/0d/0dd/12455/9564542-SSL2018_01.w1024.jpg HTTP/1.1" 200 142274
82.80.249.155 - - [30/Mar/2020:15:29:05 +0200] "GET /gfx/files/img.png HTTP/1.1" 301 705
82.80.249.155 - - [30/Mar/2020:15:29:05 +0200] "GET /gfx/files/img.png HTTP/1.1" 200 3768
82.80.249.163 - - [30/Mar/2020:15:29:16 +0200] "GET /gfx/guestbook/pagination.png HTTP/1.1" 301 705
114.119.164.129 - - [30/Mar/2020:15:37:40 +0200] "GET /robots.txt HTTP/1.1" 200 120
216.244.66.248 - - [30/Mar/2020:16:02:38 +0200] "GET /gallery/login.php?referer=displayimage.php%3Falbum%3Dlastup%26cat%3D-4%26pid%3D166%26slideshow%3D5000 HTTP/1.1" 404 215
216.244.66.248 - - [30/Mar/2020:16:02:43 +0200] "GET /gallery/login.php?referer=displayimage.php%3Falbum%3Dtopn%26cat%3D-2%26pid%3D67%26slideshow%3D5000 HTTP/1.1" 404 215
40.77.167.3 - - [30/Mar/2020:16:07:10 +0200] "GET / HTTP/1.1" 301 705
54.154.233.25 - - [30/Mar/2020:16:20:08 +0200] "GET / HTTP/1.1" 200 7784
54.154.233.25 - - [30/Mar/2020:16:20:09 +0200] "GET /index.rss HTTP/1.1" 404 5180
54.154.233.25 - - [30/Mar/2020:16:20:09 +0200] "GET /feed HTTP/1.1" 404 5180
54.154.233.25 - - [30/Mar/2020:16:20:10 +0200] "GET /atom.xml HTTP/1.1" 404 5180
54.154.233.25 - - [30/Mar/2020:16:21:11 +0200] "GET / HTTP/1.1" 301 705
54.154.233.25 - - [30/Mar/2020:16:21:12 +0200] "GET / HTTP/1.1" 200 7784
54.154.233.25 - - [30/Mar/2020:16:21:15 +0200] "GET /index.atom HTTP/1.1" 404 5180
54.154.233.25 - - [30/Mar/2020:16:21:15 +0200] "GET /rss.xml HTTP/1.1" 404 5180
54.154.233.25 - - [30/Mar/2020:16:21:15 +0200] "GET /index.xml HTTP/1.1" 404 5180
54.154.233.25 - - [30/Mar/2020:16:21:15 +0200] "GET /?format=feed&type=rss HTTP/1.1" 200 7808
54.154.233.25 - - [30/Mar/2020:16:21:15 +0200] "GET /feeds HTTP/1.1" 404 5180
54.154.233.25 - - [30/Mar/2020:16:21:15 +0200] "GET /index.rdf HTTP/1.1" 404 5180
213.93.60.132 - - [30/Mar/2020:16:36:38 +0200] "GET / HTTP/1.1" 301 706
216.244.66.248 - - [30/Mar/2020:16:41:24 +0200] "GET /gallery/login.php?referer=displayimage.php%3Falbum%3Dlastup%26cat%3D0%26pid%3D86%26slideshow%3D5000 HTTP/1.1" 404 215
66.249.66.157 - - [30/Mar/2020:16:41:46 +0200] "GET /robots.txt HTTP/1.1" 200 120
66.249.66.155 - - [30/Mar/2020:16:41:48 +0200] "GET /css/widgets/concat_widget.min.css?v=7.3.44808 HTTP/1.1" 200 22704
66.249.66.156 - - [30/Mar/2020:16:41:49 +0200] "GET /js/bundles/front_bundle.min.js?v=7.3.44808 HTTP/1.1" 200 46993
216.244.66.248 - - [30/Mar/2020:16:42:35 +0200] "GET /gallery/login.php?referer=displayimage.php%3Falbum%3Dtopn%26cat%3D-2%26pid%3D74%26slideshow%3D5000 HTTP/1.1" 404 215
216.244.66.248 - - [30/Mar/2020:16:42:39 +0200] "GET /gallery/login.php?referer=displayimage.php%3Falbum%3Dtoprated%26cat%3D-3%26pid%3D92%26slideshow%3D5000 HTTP/1.1" 404 215
216.244.66.248 - - [30/Mar/2020:16:42:43 +0200] "GET /gallery/login.php?referer=displayimage.php%3Falbum%3Dtoprated%26cat%3D-3%26pid%3D96%26slideshow%3D5000 HTTP/1.1" 404 215
10.179.3.114 - - [30/Mar/2020:16:49:25 +0200] "GET /robots.txt HTTP/1.1" 301 705
114.119.161.86 - - [30/Mar/2020:16:49:27 +0200] "GET /robots.txt HTTP/1.1" 200 120
141.8.132.31 - - [30/Mar/2020:16:58:14 +0200] "GET / HTTP/1.1" 200 7784
141.8.132.31 - - [30/Mar/2020:16:59:10 +0200] "GET /robots.txt HTTP/1.1" 200 120
141.8.183.104 - - [30/Mar/2020:16:59:10 +0200] "GET /robots.txt HTTP/1.1" 301 705
95.108.213.53 - - [30/Mar/2020:16:59:13 +0200] "GET / HTTP/1.1" 301 705
95.108.213.53 - - [30/Mar/2020:16:59:16 +0200] "GET /robots.txt HTTP/1.1" 200 120
95.108.213.16 - - [30/Mar/2020:16:59:38 +0200] "GET /robots.txt HTTP/1.1" 200 120
141.8.132.31 - - [30/Mar/2020:16:59:38 +0200] "GET /robots.txt HTTP/1.1" 301 705
141.8.183.104 - - [30/Mar/2020:16:59:42 +0200] "GET / HTTP/1.1" 200 7784
95.108.213.20 - - [30/Mar/2020:16:59:42 +0200] "GET / HTTP/1.1" 301 705
95.108.213.16 - - [30/Mar/2020:16:59:44 +0200] "GET /robots.txt HTTP/1.1" 200 120
95.108.213.53 - - [30/Mar/2020:16:59:48 +0200] "GET / HTTP/1.1" 200 7784
141.8.183.104 - - [30/Mar/2020:16:59:49 +0200] "GET / HTTP/1.1" 200 7784
114.119.164.129 - - [30/Mar/2020:17:07:27 +0200] "GET /galerie-matchracing.shtml HTTP/1.1" 200 5613
3.233.239.102 - - [30/Mar/2020:17:12:50 +0200] "GET /robots.txt HTTP/1.1" 301 706
3.233.239.102 - - [30/Mar/2020:17:12:51 +0200] "GET /kursanmeldung.shtml HTTP/1.1" 301 706
3.233.239.102 - - [30/Mar/2020:17:12:52 +0200] "GET /robots.txt HTTP/1.1" 200 120
3.233.239.102 - - [30/Mar/2020:17:12:52 +0200] "GET /kursanmeldung.shtml HTTP/1.1" 200 10151
3.233.239.102 - - [30/Mar/2020:17:13:56 +0200] "GET /robots.txt HTTP/1.1" 200 120
3.233.239.102 - - [30/Mar/2020:17:16:29 +0200] "GET /event-gruppesmartkat HTTP/1.1" 200 5726
216.244.66.248 - - [30/Mar/2020:17:21:38 +0200] "GET /gallery/login.php?referer=displayimage.php%3Falbum%3Dlastup%26cat%3D0%26pid%3D67%26slideshow%3D5000 HTTP/1.1" 404 215
114.119.163.10 - - [30/Mar/2020:17:22:58 +0200] "GET /pruefungskurs HTTP/1.1" 200 6613
216.244.66.248 - - [30/Mar/2020:17:22:59 +0200] "GET /gallery/login.php?referer=displayimage.php%3Falbum%3Dtopn%26cat%3D-4%26pid%3D129%26slideshow%3D5000 HTTP/1.1" 404 215
216.244.66.248 - - [30/Mar/2020:17:23:28 +0200] "GET /gallery/login.php?referer=displayimage.php%3Falbum%3Dtopn%26cat%3D0%26pid%3D157%26slideshow%3D5000 HTTP/1.1" 404 215
216.244.66.248 - - [30/Mar/2020:17:23:33 +0200] "GET /gallery/login.php?referer=displayimage.php%3Falbum%3Dlastup%26cat%3D0%26pid%3D69%26slideshow%3D5000 HTTP/1.1" 404 215
216.244.66.248 - - [30/Mar/2020:17:25:01 +0200] "GET /gallery/login.php?referer=displayimage.php%3Falbum%3Dtoprated%26cat%3D-3%26pid%3D84%26slideshow%3D5000 HTTP/1.1" 404 215
216.244.66.248 - - [30/Mar/2020:17:25:28 +0200] "GET /gallery/login.php?referer=displayimage.php%3Falbum%3Dtoprated%26cat%3D0%26pid%3D122%26slideshow%3D5000 HTTP/1.1" 404 215
173.212.232.179 - - [30/Mar/2020:17:27:03 +0200] "GET /standort.shtml HTTP/1.1" 200 22197
199.58.86.209 - - [30/Mar/2020:17:30:11 +0200] "GET / HTTP/1.1" 200 6675
199.58.86.209 - - [30/Mar/2020:17:31:03 +0200] "GET /robots.txt HTTP/1.1" 301 705
199.58.86.209 - - [30/Mar/2020:17:31:05 +0200] "GET /robots.txt HTTP/1.1" 200 120
199.58.86.209 - - [30/Mar/2020:17:31:14 +0200] "GET / HTTP/1.1" 301 705
162.253.42.121 - - [30/Mar/2020:17:40:53 +0200] "GET /administrator/index.php HTTP/1.1" 301 705
